#-----------------------------------------------------------
# Vivado v2023.1 (64-bit)
# SW Build 3865809 on Sun May  7 15:05:29 MDT 2023
# IP Build 3864474 on Sun May  7 20:36:21 MDT 2023
# SharedData Build 3865790 on Sun May 07 13:33:03 MDT 2023
# Start of session at: Mon Dec  1 14:58:43 2025
# Process ID: 22788
# Current directory: C:/Users/llillo/Desktop/cosas_ordenadas/uni/memoria/fcc/HDL_original/Gold_Ref_22_14
# Command line: vivado.exe -mode batch -source _vivado_program.cmd
# Log file: C:/Users/llillo/Desktop/cosas_ordenadas/uni/memoria/fcc/HDL_original/Gold_Ref_22_14/vivado.log
# Journal file: C:/Users/llillo/Desktop/cosas_ordenadas/uni/memoria/fcc/HDL_original/Gold_Ref_22_14\vivado.jou
# Running On: DESKTOP-2HRT285, OS: Windows, CPU Frequency: 3302 MHz, CPU Physical cores: 4, Host memory: 34160 MB
#-----------------------------------------------------------
source _vivado_program.cmd
# set chain_position 0
# open_hw
WARNING: 'open_hw' is deprecated, please use 'open_hw_manager' instead.
open_hw_manager: Time (s): cpu = 00:00:06 ; elapsed = 00:00:07 . Memory (MB): peak = 428.340 ; gain = 165.391
# connect_hw_server -url localhost:3121
INFO: [Labtools 27-2285] Connecting to hw_server url TCP:localhost:3121
INFO: [Labtools 27-2222] Launching hw_server...
INFO: [Labtools 27-2221] Launch Output:
ECHO está desactivado.
ECHO está desactivado.

****** Xilinx hw_server v2023.1
  **** Build date : May  7 2023 at 15:26:57
    ** Copyright 1986-2022 Xilinx, Inc. All Rights Reserved.


INFO: [Labtools 27-3415] Connecting to cs_server url TCP:localhost:0
INFO: [Labtools 27-3417] Launching cs_server...
INFO: [Labtools 27-2221] Launch Output:
ECHO está desactivado.
ECHO está desactivado.


******** Xilinx cs_server v2023.1.0
  ****** Build date   : Apr 10 2023-11:59:24
    **** Build number : 2023.1.1681142364
      ** Copyright 2017-2022 Xilinx, Inc. All Rights Reserved.
      ** Copyright 2022-2025 Advanced Micro Devices, Inc. All Rights Reserved.



connect_hw_server: Time (s): cpu = 00:00:00 ; elapsed = 00:00:06 . Memory (MB): peak = 454.430 ; gain = 26.090
# open_hw_target
ERROR: [Labtoolstcl 44-469] There is no current hw_target.
INFO: [Common 17-206] Exiting Vivado at Mon Dec  1 14:58:58 2025...
