#-----------------------------------------------------------
# Vivado v2023.1 (64-bit)
# SW Build 3865809 on Sun May  7 15:05:29 MDT 2023
# IP Build 3864474 on Sun May  7 20:36:21 MDT 2023
# SharedData Build 3865790 on Sun May 07 13:33:03 MDT 2023
# Start of session at: Mon Dec  1 15:49:00 2025
# Process ID: 44548
# Current directory: C:/Users/llillo/Desktop/cosas_ordenadas/uni/memoria/fcc/HDL_original/Gold_Ref_22_14/fcc_fixpt_fil/fpgaproj
# Command line: vivado.exe -mode batch -source compileproject.tcl
# Log file: C:/Users/llillo/Desktop/cosas_ordenadas/uni/memoria/fcc/HDL_original/Gold_Ref_22_14/fcc_fixpt_fil/fpgaproj/vivado.log
# Journal file: C:/Users/llillo/Desktop/cosas_ordenadas/uni/memoria/fcc/HDL_original/Gold_Ref_22_14/fcc_fixpt_fil/fpgaproj\vivado.jou
# Running On: DESKTOP-2HRT285, OS: Windows, CPU Frequency: 3302 MHz, CPU Physical cores: 4, Host memory: 34160 MB
#-----------------------------------------------------------
source compileproject.tcl
# open_project fcc_fixpt_fil
INFO: [ProjectBase 1-489] The host OS only allows 260 characters in a normal path. The project is stored in a path with more than 80 characters. If you experience issues with IP, Block Designs, or files not being found, please consider moving the project to a location with a shorter path. Alternately consider using the OS subst command to map part of the path to a drive letter.
Current project path is 'C:/Users/llillo/Desktop/cosas_ordenadas/uni/memoria/fcc/HDL_original/Gold_Ref_22_14/fcc_fixpt_fil/fpgaproj'
Scanning sources...
Finished scanning sources
INFO: [IP_Flow 19-234] Refreshing IP repositories
INFO: [IP_Flow 19-1704] No user IP repositories specified
INFO: [IP_Flow 19-2313] Loaded Vivado IP repository 'C:/Xilinx/Vivado/2023.1/data/ip'.
open_project: Time (s): cpu = 00:00:06 ; elapsed = 00:00:07 . Memory (MB): peak = 461.816 ; gain = 196.398
# launch_runs impl_1 -jobs 4
[Mon Dec  1 15:49:10 2025] Launched impl_1...
Run output will be captured here: C:/Users/llillo/Desktop/cosas_ordenadas/uni/memoria/fcc/HDL_original/Gold_Ref_22_14/fcc_fixpt_fil/fpgaproj/fcc_fixpt_fil.runs/impl_1/runme.log
# wait_on_run impl_1
[Mon Dec  1 15:49:10 2025] Waiting for impl_1 to finish...

*** Running vivado
    with args -log fcc_fixpt_fil.vdi -applog -m64 -product Vivado -messageDb vivado.pb -mode batch -source fcc_fixpt_fil.tcl -notrace


ECHO está desactivado.
ECHO está desactivado.

****** Vivado v2023.1 (64-bit)
  **** SW Build 3865809 on Sun May  7 15:05:29 MDT 2023
  **** IP Build 3864474 on Sun May  7 20:36:21 MDT 2023
  **** SharedData Build 3865790 on Sun May 07 13:33:03 MDT 2023
    ** Copyright 1986-2022 Xilinx, Inc. All Rights Reserved.
    ** Copyright 2022-2023 Advanced Micro Devices, Inc. All Rights Reserved.

source fcc_fixpt_fil.tcl -notrace
create_project: Time (s): cpu = 00:00:06 ; elapsed = 00:00:07 . Memory (MB): peak = 426.867 ; gain = 162.062
Command: link_design -top fcc_fixpt_fil -part xc7a100tcsg324-1
Design is defaulting to srcset: sources_1
Design is defaulting to constrset: constrs_1
INFO: [Device 21-403] Loading part xc7a100tcsg324-1
INFO: [Project 1-454] Reading design checkpoint 'c:/Users/llillo/Desktop/cosas_ordenadas/uni/memoria/fcc/HDL_original/Gold_Ref_22_14/fcc_fixpt_fil/fpgaproj/fcc_fixpt_fil.gen/sources_1/ip/clk_wiz_0/clk_wiz_0.dcp' for cell 'u_clk_wiz_0'
INFO: [Project 1-454] Reading design checkpoint 'c:/Users/llillo/Desktop/cosas_ordenadas/uni/memoria/fcc/HDL_original/Gold_Ref_22_14/fcc_fixpt_fil/fpgaproj/fcc_fixpt_fil.gen/sources_1/ip/jtag_mac_fifo/jtag_mac_fifo.dcp' for cell 'u_jtag_mac/u_post_chif_fifo/u_jtag_mac_fifo'
INFO: [Project 1-454] Reading design checkpoint 'c:/Users/llillo/Desktop/cosas_ordenadas/uni/memoria/fcc/HDL_original/Gold_Ref_22_14/fcc_fixpt_fil/fpgaproj/fcc_fixpt_fil.gen/sources_1/ip/simcycle_fifo/simcycle_fifo.dcp' for cell 'u_jtag_mac/u_simcycle_fifo/u_simcycle_fifo'
Netlist sorting complete. Time (s): cpu = 00:00:00 ; elapsed = 00:00:00.053 . Memory (MB): peak = 892.758 ; gain = 0.000
INFO: [Netlist 29-17] Analyzing 254 Unisim elements for replacement
INFO: [Netlist 29-28] Unisim Transformation completed in 0 CPU seconds
INFO: [Project 1-479] Netlist was created with Vivado 2023.1
INFO: [Project 1-570] Preparing netlist for logic optimization
Parsing XDC File [c:/Users/llillo/Desktop/cosas_ordenadas/uni/memoria/fcc/HDL_original/Gold_Ref_22_14/fcc_fixpt_fil/fpgaproj/fcc_fixpt_fil.gen/sources_1/ip/clk_wiz_0/clk_wiz_0_board.xdc] for cell 'u_clk_wiz_0/inst'
Finished Parsing XDC File [c:/Users/llillo/Desktop/cosas_ordenadas/uni/memoria/fcc/HDL_original/Gold_Ref_22_14/fcc_fixpt_fil/fpgaproj/fcc_fixpt_fil.gen/sources_1/ip/clk_wiz_0/clk_wiz_0_board.xdc] for cell 'u_clk_wiz_0/inst'
Parsing XDC File [c:/Users/llillo/Desktop/cosas_ordenadas/uni/memoria/fcc/HDL_original/Gold_Ref_22_14/fcc_fixpt_fil/fpgaproj/fcc_fixpt_fil.gen/sources_1/ip/clk_wiz_0/clk_wiz_0.xdc] for cell 'u_clk_wiz_0/inst'
INFO: [Timing 38-35] Done setting XDC timing constraints. [c:/Users/llillo/Desktop/cosas_ordenadas/uni/memoria/fcc/HDL_original/Gold_Ref_22_14/fcc_fixpt_fil/fpgaproj/fcc_fixpt_fil.gen/sources_1/ip/clk_wiz_0/clk_wiz_0.xdc:57]
INFO: [Timing 38-2] Deriving generated clocks [c:/Users/llillo/Desktop/cosas_ordenadas/uni/memoria/fcc/HDL_original/Gold_Ref_22_14/fcc_fixpt_fil/fpgaproj/fcc_fixpt_fil.gen/sources_1/ip/clk_wiz_0/clk_wiz_0.xdc:57]
get_clocks: Time (s): cpu = 00:00:05 ; elapsed = 00:00:06 . Memory (MB): peak = 1563.773 ; gain = 554.023
Finished Parsing XDC File [c:/Users/llillo/Desktop/cosas_ordenadas/uni/memoria/fcc/HDL_original/Gold_Ref_22_14/fcc_fixpt_fil/fpgaproj/fcc_fixpt_fil.gen/sources_1/ip/clk_wiz_0/clk_wiz_0.xdc] for cell 'u_clk_wiz_0/inst'
Parsing XDC File [c:/Users/llillo/Desktop/cosas_ordenadas/uni/memoria/fcc/HDL_original/Gold_Ref_22_14/fcc_fixpt_fil/fpgaproj/fcc_fixpt_fil.gen/sources_1/ip/simcycle_fifo/simcycle_fifo.xdc] for cell 'u_jtag_mac/u_simcycle_fifo/u_simcycle_fifo/U0'
Finished Parsing XDC File [c:/Users/llillo/Desktop/cosas_ordenadas/uni/memoria/fcc/HDL_original/Gold_Ref_22_14/fcc_fixpt_fil/fpgaproj/fcc_fixpt_fil.gen/sources_1/ip/simcycle_fifo/simcycle_fifo.xdc] for cell 'u_jtag_mac/u_simcycle_fifo/u_simcycle_fifo/U0'
Parsing XDC File [c:/Users/llillo/Desktop/cosas_ordenadas/uni/memoria/fcc/HDL_original/Gold_Ref_22_14/fcc_fixpt_fil/fpgaproj/fcc_fixpt_fil.gen/sources_1/ip/jtag_mac_fifo/jtag_mac_fifo.xdc] for cell 'u_jtag_mac/u_post_chif_fifo/u_jtag_mac_fifo/U0'
Finished Parsing XDC File [c:/Users/llillo/Desktop/cosas_ordenadas/uni/memoria/fcc/HDL_original/Gold_Ref_22_14/fcc_fixpt_fil/fpgaproj/fcc_fixpt_fil.gen/sources_1/ip/jtag_mac_fifo/jtag_mac_fifo.xdc] for cell 'u_jtag_mac/u_post_chif_fifo/u_jtag_mac_fifo/U0'
Parsing XDC File [c:/Users/llillo/Desktop/cosas_ordenadas/uni/memoria/fcc/HDL_original/Gold_Ref_22_14/fcc_fixpt_fil/fpgaproj/fcc_fixpt_fil.gen/sources_1/ip/jtag_mac_fifo/jtag_mac_fifo.xdc] for cell 'u_jtag_mac/u_pre_chif_fifo/u_jtag_mac_fifo/U0'
Finished Parsing XDC File [c:/Users/llillo/Desktop/cosas_ordenadas/uni/memoria/fcc/HDL_original/Gold_Ref_22_14/fcc_fixpt_fil/fpgaproj/fcc_fixpt_fil.gen/sources_1/ip/jtag_mac_fifo/jtag_mac_fifo.xdc] for cell 'u_jtag_mac/u_pre_chif_fifo/u_jtag_mac_fifo/U0'
Parsing XDC File [C:/Users/llillo/Desktop/cosas_ordenadas/uni/memoria/fcc/HDL_original/Gold_Ref_22_14/fcc_fixpt_fil/filsrc/fcc_fixpt_fil.xdc]
WARNING: [Constraints 18-619] A clock with name 'sysclk' already exists, overwriting the previous clock with the same name. [C:/Users/llillo/Desktop/cosas_ordenadas/uni/memoria/fcc/HDL_original/Gold_Ref_22_14/fcc_fixpt_fil/filsrc/fcc_fixpt_fil.xdc:1]
WARNING: [Vivado 12-2489] -period contains time 15.151515 which will be rounded to 15.152 to ensure it is an integer multiple of 1 picosecond [C:/Users/llillo/Desktop/cosas_ordenadas/uni/memoria/fcc/HDL_original/Gold_Ref_22_14/fcc_fixpt_fil/filsrc/fcc_fixpt_fil.xdc:4]
WARNING: [Vivado 12-2489] -waveform contains time 7.575758 which will be rounded to 7.576 to ensure it is an integer multiple of 1 picosecond [C:/Users/llillo/Desktop/cosas_ordenadas/uni/memoria/fcc/HDL_original/Gold_Ref_22_14/fcc_fixpt_fil/filsrc/fcc_fixpt_fil.xdc:4]
Finished Parsing XDC File [C:/Users/llillo/Desktop/cosas_ordenadas/uni/memoria/fcc/HDL_original/Gold_Ref_22_14/fcc_fixpt_fil/filsrc/fcc_fixpt_fil.xdc]
Parsing XDC File [c:/Users/llillo/Desktop/cosas_ordenadas/uni/memoria/fcc/HDL_original/Gold_Ref_22_14/fcc_fixpt_fil/fpgaproj/fcc_fixpt_fil.gen/sources_1/ip/simcycle_fifo/simcycle_fifo_clocks.xdc] for cell 'u_jtag_mac/u_simcycle_fifo/u_simcycle_fifo/U0'
Finished Parsing XDC File [c:/Users/llillo/Desktop/cosas_ordenadas/uni/memoria/fcc/HDL_original/Gold_Ref_22_14/fcc_fixpt_fil/fpgaproj/fcc_fixpt_fil.gen/sources_1/ip/simcycle_fifo/simcycle_fifo_clocks.xdc] for cell 'u_jtag_mac/u_simcycle_fifo/u_simcycle_fifo/U0'
Parsing XDC File [c:/Users/llillo/Desktop/cosas_ordenadas/uni/memoria/fcc/HDL_original/Gold_Ref_22_14/fcc_fixpt_fil/fpgaproj/fcc_fixpt_fil.gen/sources_1/ip/jtag_mac_fifo/jtag_mac_fifo_clocks.xdc] for cell 'u_jtag_mac/u_post_chif_fifo/u_jtag_mac_fifo/U0'
Finished Parsing XDC File [c:/Users/llillo/Desktop/cosas_ordenadas/uni/memoria/fcc/HDL_original/Gold_Ref_22_14/fcc_fixpt_fil/fpgaproj/fcc_fixpt_fil.gen/sources_1/ip/jtag_mac_fifo/jtag_mac_fifo_clocks.xdc] for cell 'u_jtag_mac/u_post_chif_fifo/u_jtag_mac_fifo/U0'
Parsing XDC File [c:/Users/llillo/Desktop/cosas_ordenadas/uni/memoria/fcc/HDL_original/Gold_Ref_22_14/fcc_fixpt_fil/fpgaproj/fcc_fixpt_fil.gen/sources_1/ip/jtag_mac_fifo/jtag_mac_fifo_clocks.xdc] for cell 'u_jtag_mac/u_pre_chif_fifo/u_jtag_mac_fifo/U0'
Finished Parsing XDC File [c:/Users/llillo/Desktop/cosas_ordenadas/uni/memoria/fcc/HDL_original/Gold_Ref_22_14/fcc_fixpt_fil/fpgaproj/fcc_fixpt_fil.gen/sources_1/ip/jtag_mac_fifo/jtag_mac_fifo_clocks.xdc] for cell 'u_jtag_mac/u_pre_chif_fifo/u_jtag_mac_fifo/U0'
INFO: [Project 1-1714] 18 XPM XDC files have been applied to the design.
INFO: [Opt 31-138] Pushed 0 inverter(s) to 0 load pin(s).
Netlist sorting complete. Time (s): cpu = 00:00:00 ; elapsed = 00:00:00.001 . Memory (MB): peak = 1564.785 ; gain = 0.000
INFO: [Project 1-111] Unisim Transformation Summary:
No Unisim elements were transformed.

13 Infos, 3 Warnings, 0 Critical Warnings and 0 Errors encountered.
link_design completed successfully
link_design: Time (s): cpu = 00:00:10 ; elapsed = 00:00:12 . Memory (MB): peak = 1564.785 ; gain = 1103.406
Command: opt_design
Attempting to get a license for feature 'Implementation' and/or device 'xc7a100t'
INFO: [Common 17-349] Got license for feature 'Implementation' and/or device 'xc7a100t'
Running DRC as a precondition to command opt_design

Starting DRC Task
INFO: [DRC 23-27] Running DRC with 2 threads
INFO: [Project 1-461] DRC finished with 0 Errors
INFO: [Project 1-462] Please refer to the DRC report (report_drc) for more information.

Time (s): cpu = 00:00:02 ; elapsed = 00:00:00.849 . Memory (MB): peak = 1564.785 ; gain = 0.000

Starting Cache Timing Information Task
INFO: [Timing 38-35] Done setting XDC timing constraints.
Ending Cache Timing Information Task | Checksum: 10ac6270b

Time (s): cpu = 00:00:00 ; elapsed = 00:00:00.126 . Memory (MB): peak = 1564.785 ; gain = 0.000

Starting Logic Optimization Task

Phase 1 Retarget
INFO: [Opt 31-138] Pushed 1 inverter(s) to 3 load pin(s).
INFO: [Opt 31-49] Retargeted 0 cell(s).
Phase 1 Retarget | Checksum: bccc7a9c

Time (s): cpu = 00:00:00 ; elapsed = 00:00:00.122 . Memory (MB): peak = 1882.688 ; gain = 0.000
INFO: [Opt 31-389] Phase Retarget created 0 cells and removed 21 cells
INFO: [Opt 31-1021] In phase Retarget, 19 netlist objects are constrained preventing optimization. Please run opt_design with -debug_log to get more detail. 

Phase 2 Constant propagation
INFO: [Opt 31-138] Pushed 0 inverter(s) to 0 load pin(s).
Phase 2 Constant propagation | Checksum: 10e84cdd5

Time (s): cpu = 00:00:00 ; elapsed = 00:00:00.172 . Memory (MB): peak = 1882.688 ; gain = 0.000
INFO: [Opt 31-389] Phase Constant propagation created 95 cells and removed 148 cells
INFO: [Opt 31-1021] In phase Constant propagation, 18 netlist objects are constrained preventing optimization. Please run opt_design with -debug_log to get more detail. 

Phase 3 Sweep
Phase 3 Sweep | Checksum: ffa3e9fc

Time (s): cpu = 00:00:00 ; elapsed = 00:00:00.224 . Memory (MB): peak = 1882.688 ; gain = 0.000
INFO: [Opt 31-389] Phase Sweep created 0 cells and removed 88 cells
INFO: [Opt 31-1021] In phase Sweep, 42 netlist objects are constrained preventing optimization. Please run opt_design with -debug_log to get more detail. 

Phase 4 BUFG optimization
Phase 4 BUFG optimization | Checksum: ffa3e9fc

Time (s): cpu = 00:00:00 ; elapsed = 00:00:00.274 . Memory (MB): peak = 1882.688 ; gain = 0.000
INFO: [Opt 31-662] Phase BUFG optimization created 0 cells of which 0 are BUFGs and removed 0 cells.

Phase 5 Shift Register Optimization
INFO: [Opt 31-1064] SRL Remap converted 0 SRLs to 0 registers and converted 0 registers of register chains to 0 SRLs
Phase 5 Shift Register Optimization | Checksum: 133fb417e

Time (s): cpu = 00:00:01 ; elapsed = 00:00:00.365 . Memory (MB): peak = 1882.688 ; gain = 0.000
INFO: [Opt 31-389] Phase Shift Register Optimization created 0 cells and removed 0 cells

Phase 6 Post Processing Netlist
Phase 6 Post Processing Netlist | Checksum: 133fb417e

Time (s): cpu = 00:00:01 ; elapsed = 00:00:00.371 . Memory (MB): peak = 1882.688 ; gain = 0.000
INFO: [Opt 31-389] Phase Post Processing Netlist created 0 cells and removed 0 cells
INFO: [Opt 31-1021] In phase Post Processing Netlist, 22 netlist objects are constrained preventing optimization. Please run opt_design with -debug_log to get more detail. 
Opt_design Change Summary
=========================


-------------------------------------------------------------------------------------------------------------------------
|  Phase                        |  #Cells created  |  #Cells Removed  |  #Constrained objects preventing optimizations  |
-------------------------------------------------------------------------------------------------------------------------
|  Retarget                     |               0  |              21  |                                             19  |
|  Constant propagation         |              95  |             148  |                                             18  |
|  Sweep                        |               0  |              88  |                                             42  |
|  BUFG optimization            |               0  |               0  |                                              0  |
|  Shift Register Optimization  |               0  |               0  |                                              0  |
|  Post Processing Netlist      |               0  |               0  |                                             22  |
-------------------------------------------------------------------------------------------------------------------------



Starting Connectivity Check Task

Time (s): cpu = 00:00:00 ; elapsed = 00:00:00.004 . Memory (MB): peak = 1882.688 ; gain = 0.000
Ending Logic Optimization Task | Checksum: 133fb417e

Time (s): cpu = 00:00:01 ; elapsed = 00:00:00.378 . Memory (MB): peak = 1882.688 ; gain = 0.000

Starting Power Optimization Task
INFO: [Pwropt 34-132] Skipping clock gating for clocks with a period < 2.00 ns.
INFO: [Timing 38-35] Done setting XDC timing constraints.
INFO: [Pwropt 34-9] Applying IDT optimizations ...
INFO: [Pwropt 34-10] Applying ODC optimizations ...
Running Vector-less Activity Propagation...

Finished Running Vector-less Activity Propagation


Starting PowerOpt Patch Enables Task
INFO: [Pwropt 34-162] WRITE_MODE attribute of 2 BRAM(s) out of a total of 7 has been updated to save power. Run report_power_opt to get a complete listing of the BRAMs updated.
INFO: [Timing 38-35] Done setting XDC timing constraints.
INFO: [Pwropt 34-201] Structural ODC has moved 2 WE to EN ports
Number of BRAM Ports augmented: 0 newly gated: 2 Total Ports: 14
Ending PowerOpt Patch Enables Task | Checksum: 916ceca5

Time (s): cpu = 00:00:01 ; elapsed = 00:00:00.167 . Memory (MB): peak = 2023.227 ; gain = 0.000
Ending Power Optimization Task | Checksum: 916ceca5

Time (s): cpu = 00:00:02 ; elapsed = 00:00:01 . Memory (MB): peak = 2023.227 ; gain = 140.539

Starting Final Cleanup Task
Ending Final Cleanup Task | Checksum: 916ceca5

Time (s): cpu = 00:00:00 ; elapsed = 00:00:00 . Memory (MB): peak = 2023.227 ; gain = 0.000

Starting Netlist Obfuscation Task
Netlist sorting complete. Time (s): cpu = 00:00:00 ; elapsed = 00:00:00.001 . Memory (MB): peak = 2023.227 ; gain = 0.000
Ending Netlist Obfuscation Task | Checksum: 130a7010a

Time (s): cpu = 00:00:00 ; elapsed = 00:00:00.001 . Memory (MB): peak = 2023.227 ; gain = 0.000
INFO: [Common 17-83] Releasing license: Implementation
40 Infos, 3 Warnings, 0 Critical Warnings and 0 Errors encountered.
opt_design completed successfully
INFO: [runtcl-4] Executing : report_drc -file fcc_fixpt_fil_drc_opted.rpt -pb fcc_fixpt_fil_drc_opted.pb -rpx fcc_fixpt_fil_drc_opted.rpx
Command: report_drc -file fcc_fixpt_fil_drc_opted.rpt -pb fcc_fixpt_fil_drc_opted.pb -rpx fcc_fixpt_fil_drc_opted.rpx
INFO: [IP_Flow 19-1839] IP Catalog is up to date.
INFO: [DRC 23-27] Running DRC with 2 threads
INFO: [Vivado_Tcl 2-168] The results of DRC are in file C:/Users/llillo/Desktop/cosas_ordenadas/uni/memoria/fcc/HDL_original/Gold_Ref_22_14/fcc_fixpt_fil/fpgaproj/fcc_fixpt_fil.runs/impl_1/fcc_fixpt_fil_drc_opted.rpt.
report_drc completed successfully
INFO: [Timing 38-35] Done setting XDC timing constraints.
INFO: [Timing 38-480] Writing timing data to binary archive.
Writing XDEF routing.
Writing XDEF routing logical nets.
Writing XDEF routing special nets.
Write XDEF Complete: Time (s): cpu = 00:00:00 ; elapsed = 00:00:00.040 . Memory (MB): peak = 2023.227 ; gain = 0.000
INFO: [Common 17-1381] The checkpoint 'C:/Users/llillo/Desktop/cosas_ordenadas/uni/memoria/fcc/HDL_original/Gold_Ref_22_14/fcc_fixpt_fil/fpgaproj/fcc_fixpt_fil.runs/impl_1/fcc_fixpt_fil_opt.dcp' has been generated.
Command: place_design
Attempting to get a license for feature 'Implementation' and/or device 'xc7a100t'
INFO: [Common 17-349] Got license for feature 'Implementation' and/or device 'xc7a100t'
INFO: [DRC 23-27] Running DRC with 2 threads
INFO: [Vivado_Tcl 4-198] DRC finished with 0 Errors
INFO: [Vivado_Tcl 4-199] Please refer to the DRC report (report_drc) for more information.
Running DRC as a precondition to command place_design
INFO: [DRC 23-27] Running DRC with 2 threads
INFO: [Vivado_Tcl 4-198] DRC finished with 0 Errors
INFO: [Vivado_Tcl 4-199] Please refer to the DRC report (report_drc) for more information.

Starting Placer Task
INFO: [Place 30-611] Multithreading enabled for place_design using a maximum of 2 CPUs

Phase 1 Placer Initialization

Phase 1.1 Placer Initialization Netlist Sorting
Netlist sorting complete. Time (s): cpu = 00:00:00 ; elapsed = 00:00:00.001 . Memory (MB): peak = 2023.227 ; gain = 0.000
Phase 1.1 Placer Initialization Netlist Sorting | Checksum: 679b1d65

Time (s): cpu = 00:00:00 ; elapsed = 00:00:00.005 . Memory (MB): peak = 2023.227 ; gain = 0.000
Netlist sorting complete. Time (s): cpu = 00:00:00 ; elapsed = 00:00:00.001 . Memory (MB): peak = 2023.227 ; gain = 0.000

Phase 1.2 IO Placement/ Clock Placement/ Build Placer Device
Phase 1.2 IO Placement/ Clock Placement/ Build Placer Device | Checksum: 798bc619

Time (s): cpu = 00:00:00 ; elapsed = 00:00:00.275 . Memory (MB): peak = 2023.227 ; gain = 0.000

Phase 1.3 Build Placer Netlist Model
Phase 1.3 Build Placer Netlist Model | Checksum: 9f3f55fe

Time (s): cpu = 00:00:01 ; elapsed = 00:00:00.768 . Memory (MB): peak = 2023.227 ; gain = 0.000

Phase 1.4 Constrain Clocks/Macros
Phase 1.4 Constrain Clocks/Macros | Checksum: 9f3f55fe

Time (s): cpu = 00:00:01 ; elapsed = 00:00:00.773 . Memory (MB): peak = 2023.227 ; gain = 0.000
Phase 1 Placer Initialization | Checksum: 9f3f55fe

Time (s): cpu = 00:00:01 ; elapsed = 00:00:00.782 . Memory (MB): peak = 2023.227 ; gain = 0.000

Phase 2 Global Placement

Phase 2.1 Floorplanning
Phase 2.1 Floorplanning | Checksum: c0b6c07a

Time (s): cpu = 00:00:01 ; elapsed = 00:00:00.915 . Memory (MB): peak = 2023.227 ; gain = 0.000

Phase 2.2 Update Timing before SLR Path Opt
Phase 2.2 Update Timing before SLR Path Opt | Checksum: d787ad46

Time (s): cpu = 00:00:01 ; elapsed = 00:00:01 . Memory (MB): peak = 2023.227 ; gain = 0.000

Phase 2.3 Post-Processing in Floorplanning
Phase 2.3 Post-Processing in Floorplanning | Checksum: d787ad46

Time (s): cpu = 00:00:01 ; elapsed = 00:00:01 . Memory (MB): peak = 2023.227 ; gain = 0.000

Phase 2.4 Global Placement Core

Phase 2.4.1 UpdateTiming Before Physical Synthesis
Phase 2.4.1 UpdateTiming Before Physical Synthesis | Checksum: 123f095b1

Time (s): cpu = 00:00:05 ; elapsed = 00:00:03 . Memory (MB): peak = 2023.227 ; gain = 0.000

Phase 2.4.2 Physical Synthesis In Placer
INFO: [Physopt 32-1035] Found 0 LUTNM shape to break, 153 LUT instances to create LUTNM shape
INFO: [Physopt 32-1044] Break lutnm for timing: one critical 0, two critical 0, total 0, new lutff created 0
INFO: [Physopt 32-1138] End 1 Pass. Optimized 59 nets or LUTs. Breaked 0 LUT, combined 59 existing LUTs and moved 0 existing LUT
INFO: [Physopt 32-65] No nets found for high-fanout optimization.
INFO: [Physopt 32-232] Optimized 0 net. Created 0 new instance.
INFO: [Physopt 32-775] End 1 Pass. Optimized 0 net or cell. Created 0 new cell, deleted 0 existing cell and moved 0 existing cell
INFO: [Physopt 32-670] No setup violation found.  DSP Register Optimization was not performed.
INFO: [Physopt 32-670] No setup violation found.  Shift Register to Pipeline Optimization was not performed.
INFO: [Physopt 32-670] No setup violation found.  Shift Register Optimization was not performed.
INFO: [Physopt 32-670] No setup violation found.  BRAM Register Optimization was not performed.
INFO: [Physopt 32-670] No setup violation found.  URAM Register Optimization was not performed.
INFO: [Physopt 32-949] No candidate nets found for dynamic/static region interface net replication
INFO: [Physopt 32-775] End 1 Pass. Optimized 0 net or cell. Created 0 new cell, deleted 0 existing cell and moved 0 existing cell
Netlist sorting complete. Time (s): cpu = 00:00:00 ; elapsed = 00:00:00.001 . Memory (MB): peak = 2023.227 ; gain = 0.000

Summary of Physical Synthesis Optimizations
============================================


-----------------------------------------------------------------------------------------------------------------------------------------------------------
|  Optimization                                     |  Added Cells  |  Removed Cells  |  Optimized Cells/Nets  |  Dont Touch  |  Iterations  |  Elapsed   |
-----------------------------------------------------------------------------------------------------------------------------------------------------------
|  LUT Combining                                    |            0  |             59  |                    59  |           0  |           1  |  00:00:00  |
|  Retime                                           |            0  |              0  |                     0  |           0  |           1  |  00:00:00  |
|  Very High Fanout                                 |            0  |              0  |                     0  |           0  |           1  |  00:00:00  |
|  DSP Register                                     |            0  |              0  |                     0  |           0  |           0  |  00:00:00  |
|  Shift Register to Pipeline                       |            0  |              0  |                     0  |           0  |           0  |  00:00:00  |
|  Shift Register                                   |            0  |              0  |                     0  |           0  |           0  |  00:00:00  |
|  BRAM Register                                    |            0  |              0  |                     0  |           0  |           0  |  00:00:00  |
|  URAM Register                                    |            0  |              0  |                     0  |           0  |           0  |  00:00:00  |
|  Dynamic/Static Region Interface Net Replication  |            0  |              0  |                     0  |           0  |           1  |  00:00:00  |
|  Total                                            |            0  |             59  |                    59  |           0  |           4  |  00:00:00  |
-----------------------------------------------------------------------------------------------------------------------------------------------------------


Phase 2.4.2 Physical Synthesis In Placer | Checksum: 1566e0521

Time (s): cpu = 00:00:06 ; elapsed = 00:00:03 . Memory (MB): peak = 2023.227 ; gain = 0.000
Phase 2.4 Global Placement Core | Checksum: 16b11bf6d

Time (s): cpu = 00:00:06 ; elapsed = 00:00:03 . Memory (MB): peak = 2023.227 ; gain = 0.000
Phase 2 Global Placement | Checksum: 16b11bf6d

Time (s): cpu = 00:00:06 ; elapsed = 00:00:03 . Memory (MB): peak = 2023.227 ; gain = 0.000

Phase 3 Detail Placement

Phase 3.1 Commit Multi Column Macros
Phase 3.1 Commit Multi Column Macros | Checksum: 1f98df81d

Time (s): cpu = 00:00:06 ; elapsed = 00:00:03 . Memory (MB): peak = 2023.227 ; gain = 0.000

Phase 3.2 Commit Most Macros & LUTRAMs
Phase 3.2 Commit Most Macros & LUTRAMs | Checksum: 1e7731851

Time (s): cpu = 00:00:07 ; elapsed = 00:00:04 . Memory (MB): peak = 2023.227 ; gain = 0.000

Phase 3.3 Area Swap Optimization
Phase 3.3 Area Swap Optimization | Checksum: 26cfe13ee

Time (s): cpu = 00:00:07 ; elapsed = 00:00:04 . Memory (MB): peak = 2023.227 ; gain = 0.000

Phase 3.4 Pipeline Register Optimization
Phase 3.4 Pipeline Register Optimization | Checksum: 1f206279a

Time (s): cpu = 00:00:07 ; elapsed = 00:00:04 . Memory (MB): peak = 2023.227 ; gain = 0.000

Phase 3.5 Small Shape Detail Placement
Phase 3.5 Small Shape Detail Placement | Checksum: 233f4051c

Time (s): cpu = 00:00:07 ; elapsed = 00:00:04 . Memory (MB): peak = 2023.227 ; gain = 0.000

Phase 3.6 Re-assign LUT pins
Phase 3.6 Re-assign LUT pins | Checksum: 25dbcdd50

Time (s): cpu = 00:00:07 ; elapsed = 00:00:04 . Memory (MB): peak = 2023.227 ; gain = 0.000

Phase 3.7 Pipeline Register Optimization
Phase 3.7 Pipeline Register Optimization | Checksum: 1e464c9dc

Time (s): cpu = 00:00:07 ; elapsed = 00:00:04 . Memory (MB): peak = 2023.227 ; gain = 0.000
Phase 3 Detail Placement | Checksum: 1e464c9dc

Time (s): cpu = 00:00:07 ; elapsed = 00:00:04 . Memory (MB): peak = 2023.227 ; gain = 0.000

Phase 4 Post Placement Optimization and Clean-Up

Phase 4.1 Post Commit Optimization
INFO: [Timing 38-35] Done setting XDC timing constraints.

Phase 4.1.1 Post Placement Optimization
Post Placement Optimization Initialization | Checksum: 1c264fc7b

Phase 4.1.1.1 BUFG Insertion

Starting Physical Synthesis Task

Phase 1 Physical Synthesis Initialization
INFO: [Physopt 32-721] Multithreading enabled for phys_opt_design using a maximum of 2 CPUs
INFO: [Physopt 32-619] Estimated Timing Summary | WNS=6.028 | TNS=0.000 |
Phase 1 Physical Synthesis Initialization | Checksum: 25a8c6e00

Time (s): cpu = 00:00:00 ; elapsed = 00:00:00.106 . Memory (MB): peak = 2023.227 ; gain = 0.000
INFO: [Place 46-56] BUFG insertion identified 0 candidate nets. Inserted BUFG: 0, Replicated BUFG Driver: 0, Skipped due to Placement/Routing Conflicts: 0, Skipped due to Timing Degradation: 0, Skipped due to netlist editing failed: 0.
Ending Physical Synthesis Task | Checksum: 25a8c6e00

Time (s): cpu = 00:00:00 ; elapsed = 00:00:00.130 . Memory (MB): peak = 2023.227 ; gain = 0.000
Phase 4.1.1.1 BUFG Insertion | Checksum: 1c264fc7b

Time (s): cpu = 00:00:08 ; elapsed = 00:00:05 . Memory (MB): peak = 2023.227 ; gain = 0.000

Phase 4.1.1.2 Post Placement Timing Optimization
INFO: [Place 30-746] Post Placement Timing Summary WNS=6.028. For the most accurate timing information please run report_timing.
Phase 4.1.1.2 Post Placement Timing Optimization | Checksum: 2021cc3b7

Time (s): cpu = 00:00:08 ; elapsed = 00:00:05 . Memory (MB): peak = 2023.227 ; gain = 0.000

Time (s): cpu = 00:00:08 ; elapsed = 00:00:05 . Memory (MB): peak = 2023.227 ; gain = 0.000
Phase 4.1 Post Commit Optimization | Checksum: 2021cc3b7

Time (s): cpu = 00:00:08 ; elapsed = 00:00:05 . Memory (MB): peak = 2023.227 ; gain = 0.000

Phase 4.2 Post Placement Cleanup
Phase 4.2 Post Placement Cleanup | Checksum: 2021cc3b7

Time (s): cpu = 00:00:08 ; elapsed = 00:00:05 . Memory (MB): peak = 2023.227 ; gain = 0.000

Phase 4.3 Placer Reporting

Phase 4.3.1 Print Estimated Congestion
INFO: [Place 30-612] Post-Placement Estimated Congestion 
 ____________________________________________________
|           | Global Congestion | Short Congestion  |
| Direction | Region Size       | Region Size       |
|___________|___________________|___________________|
|      North|                1x1|                1x1|
|___________|___________________|___________________|
|      South|                1x1|                2x2|
|___________|___________________|___________________|
|       East|                1x1|                1x1|
|___________|___________________|___________________|
|       West|                1x1|                1x1|
|___________|___________________|___________________|

Phase 4.3.1 Print Estimated Congestion | Checksum: 2021cc3b7

Time (s): cpu = 00:00:08 ; elapsed = 00:00:05 . Memory (MB): peak = 2023.227 ; gain = 0.000
Phase 4.3 Placer Reporting | Checksum: 2021cc3b7

Time (s): cpu = 00:00:08 ; elapsed = 00:00:05 . Memory (MB): peak = 2023.227 ; gain = 0.000

Phase 4.4 Final Placement Cleanup
Netlist sorting complete. Time (s): cpu = 00:00:00 ; elapsed = 00:00:00.001 . Memory (MB): peak = 2023.227 ; gain = 0.000

Time (s): cpu = 00:00:09 ; elapsed = 00:00:05 . Memory (MB): peak = 2023.227 ; gain = 0.000
Phase 4 Post Placement Optimization and Clean-Up | Checksum: 1d9164862

Time (s): cpu = 00:00:09 ; elapsed = 00:00:05 . Memory (MB): peak = 2023.227 ; gain = 0.000
Ending Placer Task | Checksum: 1687a0f06

Time (s): cpu = 00:00:09 ; elapsed = 00:00:05 . Memory (MB): peak = 2023.227 ; gain = 0.000
INFO: [Common 17-83] Releasing license: Implementation
75 Infos, 3 Warnings, 0 Critical Warnings and 0 Errors encountered.
place_design completed successfully
place_design: Time (s): cpu = 00:00:11 ; elapsed = 00:00:06 . Memory (MB): peak = 2023.227 ; gain = 0.000
INFO: [runtcl-4] Executing : report_io -file fcc_fixpt_fil_io_placed.rpt
report_io: Time (s): cpu = 00:00:00 ; elapsed = 00:00:00.035 . Memory (MB): peak = 2023.227 ; gain = 0.000
INFO: [runtcl-4] Executing : report_utilization -file fcc_fixpt_fil_utilization_placed.rpt -pb fcc_fixpt_fil_utilization_placed.pb
INFO: [runtcl-4] Executing : report_control_sets -verbose -file fcc_fixpt_fil_control_sets_placed.rpt
report_control_sets: Time (s): cpu = 00:00:00 ; elapsed = 00:00:00.008 . Memory (MB): peak = 2023.227 ; gain = 0.000
INFO: [Timing 38-480] Writing timing data to binary archive.
Writing XDEF routing.
Writing XDEF routing logical nets.
Writing XDEF routing special nets.
Write XDEF Complete: Time (s): cpu = 00:00:00 ; elapsed = 00:00:00.256 . Memory (MB): peak = 2023.227 ; gain = 0.000
INFO: [Common 17-1381] The checkpoint 'C:/Users/llillo/Desktop/cosas_ordenadas/uni/memoria/fcc/HDL_original/Gold_Ref_22_14/fcc_fixpt_fil/fpgaproj/fcc_fixpt_fil.runs/impl_1/fcc_fixpt_fil_placed.dcp' has been generated.
Command: phys_opt_design
Attempting to get a license for feature 'Implementation' and/or device 'xc7a100t'
INFO: [Common 17-349] Got license for feature 'Implementation' and/or device 'xc7a100t'

Starting Initial Update Timing Task

Time (s): cpu = 00:00:00 ; elapsed = 00:00:00.337 . Memory (MB): peak = 2023.227 ; gain = 0.000
INFO: [Vivado_Tcl 4-383] Design worst setup slack (WNS) is greater than or equal to 0.000 ns. Skipping all physical synthesis optimizations.
INFO: [Vivado_Tcl 4-232] No setup violation found. The netlist was not modified.
INFO: [Common 17-83] Releasing license: Implementation
84 Infos, 3 Warnings, 0 Critical Warnings and 0 Errors encountered.
phys_opt_design completed successfully
INFO: [Timing 38-480] Writing timing data to binary archive.
Writing XDEF routing.
Writing XDEF routing logical nets.
Writing XDEF routing special nets.
Write XDEF Complete: Time (s): cpu = 00:00:01 ; elapsed = 00:00:00.258 . Memory (MB): peak = 2023.227 ; gain = 0.000
INFO: [Common 17-1381] The checkpoint 'C:/Users/llillo/Desktop/cosas_ordenadas/uni/memoria/fcc/HDL_original/Gold_Ref_22_14/fcc_fixpt_fil/fpgaproj/fcc_fixpt_fil.runs/impl_1/fcc_fixpt_fil_physopt.dcp' has been generated.
Command: route_design
Attempting to get a license for feature 'Implementation' and/or device 'xc7a100t'
INFO: [Common 17-349] Got license for feature 'Implementation' and/or device 'xc7a100t'
Running DRC as a precondition to command route_design
INFO: [DRC 23-27] Running DRC with 2 threads
INFO: [Vivado_Tcl 4-198] DRC finished with 0 Errors
INFO: [Vivado_Tcl 4-199] Please refer to the DRC report (report_drc) for more information.


Starting Routing Task
INFO: [Route 35-254] Multithreading enabled for route_design using a maximum of 2 CPUs

Phase 1 Build RT Design
Checksum: PlaceDB: af23cc24 ConstDB: 0 ShapeSum: b95642e2 RouteDB: 0
Post Restoration Checksum: NetGraph: 5d6addd3 | NumContArr: ef1c16c0 | Constraints: 190a55ad | Timing: 0
Phase 1 Build RT Design | Checksum: 165914a40

Time (s): cpu = 00:00:22 ; elapsed = 00:00:22 . Memory (MB): peak = 2079.641 ; gain = 56.414

Phase 2 Router Initialization

Phase 2.1 Fix Topology Constraints
Phase 2.1 Fix Topology Constraints | Checksum: 165914a40

Time (s): cpu = 00:00:22 ; elapsed = 00:00:22 . Memory (MB): peak = 2079.641 ; gain = 56.414

Phase 2.2 Pre Route Cleanup
Phase 2.2 Pre Route Cleanup | Checksum: 165914a40

Time (s): cpu = 00:00:22 ; elapsed = 00:00:22 . Memory (MB): peak = 2079.641 ; gain = 56.414
 Number of Nodes with overlaps = 0

Phase 2.3 Update Timing
Phase 2.3 Update Timing | Checksum: a88fa02f

Time (s): cpu = 00:00:24 ; elapsed = 00:00:23 . Memory (MB): peak = 2088.723 ; gain = 65.496
INFO: [Route 35-416] Intermediate Timing Summary | WNS=6.360  | TNS=0.000  | WHS=-0.228 | THS=-49.220|


Phase 2.4 Update Timing for Bus Skew

Phase 2.4.1 Update Timing
Phase 2.4.1 Update Timing | Checksum: 16c17607a

Time (s): cpu = 00:00:24 ; elapsed = 00:00:24 . Memory (MB): peak = 2094.930 ; gain = 71.703
INFO: [Route 35-416] Intermediate Timing Summary | WNS=6.360  | TNS=0.000  | WHS=N/A    | THS=N/A    |

Phase 2.4 Update Timing for Bus Skew | Checksum: bc430dd2

Time (s): cpu = 00:00:24 ; elapsed = 00:00:24 . Memory (MB): peak = 2109.789 ; gain = 86.562

Router Utilization Summary
  Global Vertical Routing Utilization    = 0.00187144 %
  Global Horizontal Routing Utilization  = 0.00177607 %
  Routable Net Status*
  *Does not include unroutable nets such as driverless and loadless.
  Run report_route_status for detailed report.
  Number of Failed Nets               = 3128
    (Failed Nets is the sum of unrouted and partially routed nets)
  Number of Unrouted Nets             = 3127
  Number of Partially Routed Nets     = 1
  Number of Node Overlaps             = 0

Phase 2 Router Initialization | Checksum: caa488dd

Time (s): cpu = 00:00:25 ; elapsed = 00:00:24 . Memory (MB): peak = 2109.789 ; gain = 86.562

Phase 3 Initial Routing

Phase 3.1 Global Routing
Phase 3.1 Global Routing | Checksum: caa488dd

Time (s): cpu = 00:00:25 ; elapsed = 00:00:24 . Memory (MB): peak = 2109.789 ; gain = 86.562
Phase 3 Initial Routing | Checksum: 299cf3253

Time (s): cpu = 00:00:25 ; elapsed = 00:00:24 . Memory (MB): peak = 2109.789 ; gain = 86.562

Phase 4 Rip-up And Reroute

Phase 4.1 Global Iteration 0
 Number of Nodes with overlaps = 324
 Number of Nodes with overlaps = 71
 Number of Nodes with overlaps = 31
 Number of Nodes with overlaps = 13
 Number of Nodes with overlaps = 7
 Number of Nodes with overlaps = 3
 Number of Nodes with overlaps = 1
 Number of Nodes with overlaps = 0
INFO: [Route 35-416] Intermediate Timing Summary | WNS=4.924  | TNS=0.000  | WHS=N/A    | THS=N/A    |

Phase 4.1 Global Iteration 0 | Checksum: 17369db3d

Time (s): cpu = 00:00:27 ; elapsed = 00:00:26 . Memory (MB): peak = 2109.789 ; gain = 86.562
Phase 4 Rip-up And Reroute | Checksum: 17369db3d

Time (s): cpu = 00:00:27 ; elapsed = 00:00:26 . Memory (MB): peak = 2109.789 ; gain = 86.562

Phase 5 Delay and Skew Optimization

Phase 5.1 Delay CleanUp

Phase 5.1.1 Update Timing
Phase 5.1.1 Update Timing | Checksum: 1a4f0646b

Time (s): cpu = 00:00:27 ; elapsed = 00:00:26 . Memory (MB): peak = 2109.789 ; gain = 86.562
INFO: [Route 35-416] Intermediate Timing Summary | WNS=5.003  | TNS=0.000  | WHS=N/A    | THS=N/A    |

Phase 5.1 Delay CleanUp | Checksum: 120f73170

Time (s): cpu = 00:00:27 ; elapsed = 00:00:26 . Memory (MB): peak = 2109.789 ; gain = 86.562

Phase 5.2 Clock Skew Optimization
Phase 5.2 Clock Skew Optimization | Checksum: 120f73170

Time (s): cpu = 00:00:27 ; elapsed = 00:00:26 . Memory (MB): peak = 2109.789 ; gain = 86.562
Phase 5 Delay and Skew Optimization | Checksum: 120f73170

Time (s): cpu = 00:00:27 ; elapsed = 00:00:26 . Memory (MB): peak = 2109.789 ; gain = 86.562

Phase 6 Post Hold Fix

Phase 6.1 Hold Fix Iter

Phase 6.1.1 Update Timing
Phase 6.1.1 Update Timing | Checksum: 152b37697

Time (s): cpu = 00:00:28 ; elapsed = 00:00:26 . Memory (MB): peak = 2109.789 ; gain = 86.562
INFO: [Route 35-416] Intermediate Timing Summary | WNS=5.003  | TNS=0.000  | WHS=0.047  | THS=0.000  |

Phase 6.1 Hold Fix Iter | Checksum: 1c760507b

Time (s): cpu = 00:00:28 ; elapsed = 00:00:26 . Memory (MB): peak = 2109.789 ; gain = 86.562
Phase 6 Post Hold Fix | Checksum: 1c760507b

Time (s): cpu = 00:00:28 ; elapsed = 00:00:26 . Memory (MB): peak = 2109.789 ; gain = 86.562

Phase 7 Route finalize

Router Utilization Summary
  Global Vertical Routing Utilization    = 0.390826 %
  Global Horizontal Routing Utilization  = 0.435848 %
  Routable Net Status*
  *Does not include unroutable nets such as driverless and loadless.
  Run report_route_status for detailed report.
  Number of Failed Nets               = 0
    (Failed Nets is the sum of unrouted and partially routed nets)
  Number of Unrouted Nets             = 0
  Number of Partially Routed Nets     = 0
  Number of Node Overlaps             = 0

Phase 7 Route finalize | Checksum: 17dc2472e

Time (s): cpu = 00:00:28 ; elapsed = 00:00:26 . Memory (MB): peak = 2109.789 ; gain = 86.562

Phase 8 Verifying routed nets

 Verification completed successfully
Phase 8 Verifying routed nets | Checksum: 17dc2472e

Time (s): cpu = 00:00:28 ; elapsed = 00:00:26 . Memory (MB): peak = 2109.789 ; gain = 86.562

Phase 9 Depositing Routes
Phase 9 Depositing Routes | Checksum: e440dcc2

Time (s): cpu = 00:00:28 ; elapsed = 00:00:26 . Memory (MB): peak = 2109.789 ; gain = 86.562

Phase 10 Post Router Timing
INFO: [Route 35-57] Estimated Timing Summary | WNS=5.003  | TNS=0.000  | WHS=0.047  | THS=0.000  |

INFO: [Route 35-327] The final timing numbers are based on the router estimated timing analysis. For a complete and accurate timing signoff, please run report_timing_summary.
Phase 10 Post Router Timing | Checksum: e440dcc2

Time (s): cpu = 00:00:28 ; elapsed = 00:00:26 . Memory (MB): peak = 2109.789 ; gain = 86.562
INFO: [Route 35-16] Router Completed Successfully

Phase 11 Post-Route Event Processing
Phase 11 Post-Route Event Processing | Checksum: 1b0ab5ecb

Time (s): cpu = 00:00:28 ; elapsed = 00:00:26 . Memory (MB): peak = 2109.789 ; gain = 86.562

Time (s): cpu = 00:00:28 ; elapsed = 00:00:26 . Memory (MB): peak = 2109.789 ; gain = 86.562

Routing Is Done.
INFO: [Common 17-83] Releasing license: Implementation
100 Infos, 3 Warnings, 0 Critical Warnings and 0 Errors encountered.
route_design completed successfully
route_design: Time (s): cpu = 00:00:30 ; elapsed = 00:00:27 . Memory (MB): peak = 2109.789 ; gain = 86.562
INFO: [runtcl-4] Executing : report_drc -file fcc_fixpt_fil_drc_routed.rpt -pb fcc_fixpt_fil_drc_routed.pb -rpx fcc_fixpt_fil_drc_routed.rpx
Command: report_drc -file fcc_fixpt_fil_drc_routed.rpt -pb fcc_fixpt_fil_drc_routed.pb -rpx fcc_fixpt_fil_drc_routed.rpx
INFO: [IP_Flow 19-1839] IP Catalog is up to date.
INFO: [DRC 23-27] Running DRC with 2 threads
INFO: [Vivado_Tcl 2-168] The results of DRC are in file C:/Users/llillo/Desktop/cosas_ordenadas/uni/memoria/fcc/HDL_original/Gold_Ref_22_14/fcc_fixpt_fil/fpgaproj/fcc_fixpt_fil.runs/impl_1/fcc_fixpt_fil_drc_routed.rpt.
report_drc completed successfully
INFO: [runtcl-4] Executing : report_methodology -file fcc_fixpt_fil_methodology_drc_routed.rpt -pb fcc_fixpt_fil_methodology_drc_routed.pb -rpx fcc_fixpt_fil_methodology_drc_routed.rpx
Command: report_methodology -file fcc_fixpt_fil_methodology_drc_routed.rpt -pb fcc_fixpt_fil_methodology_drc_routed.pb -rpx fcc_fixpt_fil_methodology_drc_routed.rpx
INFO: [Timing 38-35] Done setting XDC timing constraints.
INFO: [DRC 23-133] Running Methodology with 2 threads
INFO: [Vivado_Tcl 2-1520] The results of Report Methodology are in file C:/Users/llillo/Desktop/cosas_ordenadas/uni/memoria/fcc/HDL_original/Gold_Ref_22_14/fcc_fixpt_fil/fpgaproj/fcc_fixpt_fil.runs/impl_1/fcc_fixpt_fil_methodology_drc_routed.rpt.
report_methodology completed successfully
INFO: [runtcl-4] Executing : report_power -file fcc_fixpt_fil_power_routed.rpt -pb fcc_fixpt_fil_power_summary_routed.pb -rpx fcc_fixpt_fil_power_routed.rpx
Command: report_power -file fcc_fixpt_fil_power_routed.rpt -pb fcc_fixpt_fil_power_summary_routed.pb -rpx fcc_fixpt_fil_power_routed.rpx
INFO: [Timing 38-35] Done setting XDC timing constraints.
Running Vector-less Activity Propagation...

Finished Running Vector-less Activity Propagation
110 Infos, 3 Warnings, 0 Critical Warnings and 0 Errors encountered.
report_power completed successfully
INFO: [runtcl-4] Executing : report_route_status -file fcc_fixpt_fil_route_status.rpt -pb fcc_fixpt_fil_route_status.pb
INFO: [runtcl-4] Executing : report_timing_summary -max_paths 10 -report_unconstrained -file fcc_fixpt_fil_timing_summary_routed.rpt -pb fcc_fixpt_fil_timing_summary_routed.pb -rpx fcc_fixpt_fil_timing_summary_routed.rpx -warn_on_violation 
INFO: [Timing 38-91] UpdateTimingParams: Speed grade: -1, Delay Type: min_max.
INFO: [Timing 38-191] Multithreading enabled for timing update using a maximum of 2 CPUs
WARNING: [Timing 38-436] There are set_bus_skew constraint(s) in this design. Please run report_bus_skew to ensure that bus skew requirements are met.
INFO: [runtcl-4] Executing : report_incremental_reuse -file fcc_fixpt_fil_incremental_reuse_routed.rpt
INFO: [Vivado_Tcl 4-1062] Incremental flow is disabled. No incremental reuse Info to report.
INFO: [runtcl-4] Executing : report_clock_utilization -file fcc_fixpt_fil_clock_utilization_routed.rpt
INFO: [runtcl-4] Executing : report_bus_skew -warn_on_violation -file fcc_fixpt_fil_bus_skew_routed.rpt -pb fcc_fixpt_fil_bus_skew_routed.pb -rpx fcc_fixpt_fil_bus_skew_routed.rpx
INFO: [Timing 38-91] UpdateTimingParams: Speed grade: -1, Delay Type: min_max.
INFO: [Timing 38-191] Multithreading enabled for timing update using a maximum of 2 CPUs
INFO: [Timing 38-480] Writing timing data to binary archive.
Writing XDEF routing.
Writing XDEF routing logical nets.
Writing XDEF routing special nets.
Write XDEF Complete: Time (s): cpu = 00:00:01 ; elapsed = 00:00:00.312 . Memory (MB): peak = 2130.094 ; gain = 5.777
INFO: [Common 17-1381] The checkpoint 'C:/Users/llillo/Desktop/cosas_ordenadas/uni/memoria/fcc/HDL_original/Gold_Ref_22_14/fcc_fixpt_fil/fpgaproj/fcc_fixpt_fil.runs/impl_1/fcc_fixpt_fil_routed.dcp' has been generated.
INFO: [Common 17-206] Exiting Vivado at Mon Dec  1 15:50:27 2025...
[Mon Dec  1 15:50:31 2025] impl_1 finished
wait_on_runs: Time (s): cpu = 00:00:00 ; elapsed = 00:01:21 . Memory (MB): peak = 468.918 ; gain = 0.000
# open_run impl_1
INFO: [Device 21-403] Loading part xc7a100tcsg324-1
Netlist sorting complete. Time (s): cpu = 00:00:00 ; elapsed = 00:00:00.044 . Memory (MB): peak = 869.883 ; gain = 0.000
INFO: [Netlist 29-17] Analyzing 227 Unisim elements for replacement
INFO: [Netlist 29-28] Unisim Transformation completed in 0 CPU seconds
INFO: [Project 1-479] Netlist was created with Vivado 2023.1
INFO: [Project 1-570] Preparing netlist for logic optimization
INFO: [Timing 38-478] Restoring timing data from binary archive.
INFO: [Timing 38-479] Binary timing data restore complete.
INFO: [Project 1-856] Restoring constraints from binary archive.
INFO: [Project 1-853] Binary constraint restore complete.
Reading XDEF placement.
Reading placer database...
Reading XDEF routing.
Read XDEF Files: Time (s): cpu = 00:00:01 ; elapsed = 00:00:00.288 . Memory (MB): peak = 1559.992 ; gain = 3.953
Restored from archive | CPU: 1.000000 secs | Memory: 0.000000 MB |
Finished XDEF File Restore: Time (s): cpu = 00:00:01 ; elapsed = 00:00:00.289 . Memory (MB): peak = 1559.992 ; gain = 3.953
Netlist sorting complete. Time (s): cpu = 00:00:00 ; elapsed = 00:00:00 . Memory (MB): peak = 1559.992 ; gain = 0.000
INFO: [Project 1-111] Unisim Transformation Summary:
No Unisim elements were transformed.

open_run: Time (s): cpu = 00:00:10 ; elapsed = 00:00:11 . Memory (MB): peak = 1559.992 ; gain = 1091.074
# write_bitstream -force fcc_fixpt_fil
Command: write_bitstream -force fcc_fixpt_fil
Attempting to get a license for feature 'Implementation' and/or device 'xc7a100t'
INFO: [Common 17-349] Got license for feature 'Implementation' and/or device 'xc7a100t'
Running DRC as a precondition to command write_bitstream
INFO: [IP_Flow 19-1839] IP Catalog is up to date.
INFO: [DRC 23-27] Running DRC with 2 threads
WARNING: [DRC CFGBVS-1] Missing CFGBVS and CONFIG_VOLTAGE Design Properties: Neither the CFGBVS nor CONFIG_VOLTAGE voltage property is set in the current_design.  Configuration bank voltage select (CFGBVS) must be set to VCCO or GND, and CONFIG_VOLTAGE must be set to the correct configuration voltage, in order to determine the I/O voltage support for the pins in bank 0.  It is suggested to specify these either using the 'Edit Device Properties' function in the GUI or directly in the XDC file using the following syntax:

 set_property CFGBVS value1 [current_design]
 #where value1 is either VCCO or GND

 set_property CONFIG_VOLTAGE value2 [current_design]
 #where value2 is the voltage provided to configuration bank 0

Refer to the device configuration user guide for more information.
WARNING: [DRC DPIP-1] Input pipelining: DSP u_mwfil_chiftop/u_dut/p_1_out input u_mwfil_chiftop/u_dut/p_1_out/B[17:0] is not pipelined. Pipelining DSP48 input will improve performance.
WARNING: [DRC DPIP-1] Input pipelining: DSP u_mwfil_chiftop/u_dut/u_fcc_fixpt/ARG input u_mwfil_chiftop/u_dut/u_fcc_fixpt/ARG/A[29:0] is not pipelined. Pipelining DSP48 input will improve performance.
WARNING: [DRC DPIP-1] Input pipelining: DSP u_mwfil_chiftop/u_dut/u_fcc_fixpt/ARG0 input u_mwfil_chiftop/u_dut/u_fcc_fixpt/ARG0/A[29:0] is not pipelined. Pipelining DSP48 input will improve performance.
WARNING: [DRC DPIP-1] Input pipelining: DSP u_mwfil_chiftop/u_dut/u_fcc_fixpt/ARG0__0 input u_mwfil_chiftop/u_dut/u_fcc_fixpt/ARG0__0/B[17:0] is not pipelined. Pipelining DSP48 input will improve performance.
WARNING: [DRC DPIP-1] Input pipelining: DSP u_mwfil_chiftop/u_dut/u_fcc_fixpt/ARG0__1 input u_mwfil_chiftop/u_dut/u_fcc_fixpt/ARG0__1/B[17:0] is not pipelined. Pipelining DSP48 input will improve performance.
WARNING: [DRC DPIP-1] Input pipelining: DSP u_mwfil_chiftop/u_dut/u_fcc_fixpt/ARG__0 input u_mwfil_chiftop/u_dut/u_fcc_fixpt/ARG__0/A[29:0] is not pipelined. Pipelining DSP48 input will improve performance.
WARNING: [DRC DPIP-1] Input pipelining: DSP u_mwfil_chiftop/u_dut/u_fcc_fixpt/RESIZE0 input u_mwfil_chiftop/u_dut/u_fcc_fixpt/RESIZE0/A[29:0] is not pipelined. Pipelining DSP48 input will improve performance.
WARNING: [DRC DPIP-1] Input pipelining: DSP u_mwfil_chiftop/u_dut/u_fcc_fixpt/p20D2_aux_mul_temp input u_mwfil_chiftop/u_dut/u_fcc_fixpt/p20D2_aux_mul_temp/A[29:0] is not pipelined. Pipelining DSP48 input will improve performance.
WARNING: [DRC DPIP-1] Input pipelining: DSP u_mwfil_chiftop/u_dut/u_fcc_fixpt/p22D1_aux_mul_temp input u_mwfil_chiftop/u_dut/u_fcc_fixpt/p22D1_aux_mul_temp/A[29:0] is not pipelined. Pipelining DSP48 input will improve performance.
WARNING: [DRC DPOP-1] PREG Output pipelining: DSP u_mwfil_chiftop/u_dut/p_1_out output u_mwfil_chiftop/u_dut/p_1_out/P[47:0] is not pipelined (PREG=0). Pipelining the DSP48 output will improve performance and often saves power so it is suggested whenever possible to fully pipeline this function.  If this DSP48 function was inferred, it is suggested to describe an additional register stage after this function.  If the DSP48 was instantiated in the design, it is suggested to set the PREG attribute to 1.
WARNING: [DRC DPOP-1] PREG Output pipelining: DSP u_mwfil_chiftop/u_dut/u_fcc_fixpt/ARG output u_mwfil_chiftop/u_dut/u_fcc_fixpt/ARG/P[47:0] is not pipelined (PREG=0). Pipelining the DSP48 output will improve performance and often saves power so it is suggested whenever possible to fully pipeline this function.  If this DSP48 function was inferred, it is suggested to describe an additional register stage after this function.  If the DSP48 was instantiated in the design, it is suggested to set the PREG attribute to 1.
WARNING: [DRC DPOP-1] PREG Output pipelining: DSP u_mwfil_chiftop/u_dut/u_fcc_fixpt/ARG0 output u_mwfil_chiftop/u_dut/u_fcc_fixpt/ARG0/P[47:0] is not pipelined (PREG=0). Pipelining the DSP48 output will improve performance and often saves power so it is suggested whenever possible to fully pipeline this function.  If this DSP48 function was inferred, it is suggested to describe an additional register stage after this function.  If the DSP48 was instantiated in the design, it is suggested to set the PREG attribute to 1.
WARNING: [DRC DPOP-1] PREG Output pipelining: DSP u_mwfil_chiftop/u_dut/u_fcc_fixpt/ARG0__0 output u_mwfil_chiftop/u_dut/u_fcc_fixpt/ARG0__0/P[47:0] is not pipelined (PREG=0). Pipelining the DSP48 output will improve performance and often saves power so it is suggested whenever possible to fully pipeline this function.  If this DSP48 function was inferred, it is suggested to describe an additional register stage after this function.  If the DSP48 was instantiated in the design, it is suggested to set the PREG attribute to 1.
WARNING: [DRC DPOP-1] PREG Output pipelining: DSP u_mwfil_chiftop/u_dut/u_fcc_fixpt/ARG0__1 output u_mwfil_chiftop/u_dut/u_fcc_fixpt/ARG0__1/P[47:0] is not pipelined (PREG=0). Pipelining the DSP48 output will improve performance and often saves power so it is suggested whenever possible to fully pipeline this function.  If this DSP48 function was inferred, it is suggested to describe an additional register stage after this function.  If the DSP48 was instantiated in the design, it is suggested to set the PREG attribute to 1.
WARNING: [DRC DPOP-1] PREG Output pipelining: DSP u_mwfil_chiftop/u_dut/u_fcc_fixpt/ARG__0 output u_mwfil_chiftop/u_dut/u_fcc_fixpt/ARG__0/P[47:0] is not pipelined (PREG=0). Pipelining the DSP48 output will improve performance and often saves power so it is suggested whenever possible to fully pipeline this function.  If this DSP48 function was inferred, it is suggested to describe an additional register stage after this function.  If the DSP48 was instantiated in the design, it is suggested to set the PREG attribute to 1.
WARNING: [DRC DPOP-1] PREG Output pipelining: DSP u_mwfil_chiftop/u_dut/u_fcc_fixpt/RESIZE0 output u_mwfil_chiftop/u_dut/u_fcc_fixpt/RESIZE0/P[47:0] is not pipelined (PREG=0). Pipelining the DSP48 output will improve performance and often saves power so it is suggested whenever possible to fully pipeline this function.  If this DSP48 function was inferred, it is suggested to describe an additional register stage after this function.  If the DSP48 was instantiated in the design, it is suggested to set the PREG attribute to 1.
WARNING: [DRC DPOP-1] PREG Output pipelining: DSP u_mwfil_chiftop/u_dut/u_fcc_fixpt/p20D2_aux_mul_temp output u_mwfil_chiftop/u_dut/u_fcc_fixpt/p20D2_aux_mul_temp/P[47:0] is not pipelined (PREG=0). Pipelining the DSP48 output will improve performance and often saves power so it is suggested whenever possible to fully pipeline this function.  If this DSP48 function was inferred, it is suggested to describe an additional register stage after this function.  If the DSP48 was instantiated in the design, it is suggested to set the PREG attribute to 1.
WARNING: [DRC DPOP-1] PREG Output pipelining: DSP u_mwfil_chiftop/u_dut/u_fcc_fixpt/p22D1_aux_mul_temp output u_mwfil_chiftop/u_dut/u_fcc_fixpt/p22D1_aux_mul_temp/P[47:0] is not pipelined (PREG=0). Pipelining the DSP48 output will improve performance and often saves power so it is suggested whenever possible to fully pipeline this function.  If this DSP48 function was inferred, it is suggested to describe an additional register stage after this function.  If the DSP48 was instantiated in the design, it is suggested to set the PREG attribute to 1.
WARNING: [DRC DPOP-2] MREG Output pipelining: DSP u_mwfil_chiftop/u_dut/p_1_out multiplier stage u_mwfil_chiftop/u_dut/p_1_out/P[47:0] is not pipelined (MREG=0). Pipelining the multiplier function will improve performance and will save significant power so it is suggested whenever possible to fully pipeline this function.  If this multiplier was inferred, it is suggested to describe an additional register stage after this function.  If there is no registered adder/accumulator following the multiply function, two pipeline stages are suggested to allow both the MREG and PREG registers to be used.  If the DSP48 was instantiated in the design, it is suggested to set both the MREG and PREG attributes to 1 when performing multiply functions.
WARNING: [DRC DPOP-2] MREG Output pipelining: DSP u_mwfil_chiftop/u_dut/u_fcc_fixpt/ARG multiplier stage u_mwfil_chiftop/u_dut/u_fcc_fixpt/ARG/P[47:0] is not pipelined (MREG=0). Pipelining the multiplier function will improve performance and will save significant power so it is suggested whenever possible to fully pipeline this function.  If this multiplier was inferred, it is suggested to describe an additional register stage after this function.  If there is no registered adder/accumulator following the multiply function, two pipeline stages are suggested to allow both the MREG and PREG registers to be used.  If the DSP48 was instantiated in the design, it is suggested to set both the MREG and PREG attributes to 1 when performing multiply functions.
WARNING: [DRC DPOP-2] MREG Output pipelining: DSP u_mwfil_chiftop/u_dut/u_fcc_fixpt/ARG0 multiplier stage u_mwfil_chiftop/u_dut/u_fcc_fixpt/ARG0/P[47:0] is not pipelined (MREG=0). Pipelining the multiplier function will improve performance and will save significant power so it is suggested whenever possible to fully pipeline this function.  If this multiplier was inferred, it is suggested to describe an additional register stage after this function.  If there is no registered adder/accumulator following the multiply function, two pipeline stages are suggested to allow both the MREG and PREG registers to be used.  If the DSP48 was instantiated in the design, it is suggested to set both the MREG and PREG attributes to 1 when performing multiply functions.
WARNING: [DRC DPOP-2] MREG Output pipelining: DSP u_mwfil_chiftop/u_dut/u_fcc_fixpt/ARG0__0 multiplier stage u_mwfil_chiftop/u_dut/u_fcc_fixpt/ARG0__0/P[47:0] is not pipelined (MREG=0). Pipelining the multiplier function will improve performance and will save significant power so it is suggested whenever possible to fully pipeline this function.  If this multiplier was inferred, it is suggested to describe an additional register stage after this function.  If there is no registered adder/accumulator following the multiply function, two pipeline stages are suggested to allow both the MREG and PREG registers to be used.  If the DSP48 was instantiated in the design, it is suggested to set both the MREG and PREG attributes to 1 when performing multiply functions.
WARNING: [DRC DPOP-2] MREG Output pipelining: DSP u_mwfil_chiftop/u_dut/u_fcc_fixpt/ARG0__1 multiplier stage u_mwfil_chiftop/u_dut/u_fcc_fixpt/ARG0__1/P[47:0] is not pipelined (MREG=0). Pipelining the multiplier function will improve performance and will save significant power so it is suggested whenever possible to fully pipeline this function.  If this multiplier was inferred, it is suggested to describe an additional register stage after this function.  If there is no registered adder/accumulator following the multiply function, two pipeline stages are suggested to allow both the MREG and PREG registers to be used.  If the DSP48 was instantiated in the design, it is suggested to set both the MREG and PREG attributes to 1 when performing multiply functions.
WARNING: [DRC DPOP-2] MREG Output pipelining: DSP u_mwfil_chiftop/u_dut/u_fcc_fixpt/ARG__0 multiplier stage u_mwfil_chiftop/u_dut/u_fcc_fixpt/ARG__0/P[47:0] is not pipelined (MREG=0). Pipelining the multiplier function will improve performance and will save significant power so it is suggested whenever possible to fully pipeline this function.  If this multiplier was inferred, it is suggested to describe an additional register stage after this function.  If there is no registered adder/accumulator following the multiply function, two pipeline stages are suggested to allow both the MREG and PREG registers to be used.  If the DSP48 was instantiated in the design, it is suggested to set both the MREG and PREG attributes to 1 when performing multiply functions.
WARNING: [DRC DPOP-2] MREG Output pipelining: DSP u_mwfil_chiftop/u_dut/u_fcc_fixpt/RESIZE0 multiplier stage u_mwfil_chiftop/u_dut/u_fcc_fixpt/RESIZE0/P[47:0] is not pipelined (MREG=0). Pipelining the multiplier function will improve performance and will save significant power so it is suggested whenever possible to fully pipeline this function.  If this multiplier was inferred, it is suggested to describe an additional register stage after this function.  If there is no registered adder/accumulator following the multiply function, two pipeline stages are suggested to allow both the MREG and PREG registers to be used.  If the DSP48 was instantiated in the design, it is suggested to set both the MREG and PREG attributes to 1 when performing multiply functions.
WARNING: [DRC DPOP-2] MREG Output pipelining: DSP u_mwfil_chiftop/u_dut/u_fcc_fixpt/p20D2_aux_mul_temp multiplier stage u_mwfil_chiftop/u_dut/u_fcc_fixpt/p20D2_aux_mul_temp/P[47:0] is not pipelined (MREG=0). Pipelining the multiplier function will improve performance and will save significant power so it is suggested whenever possible to fully pipeline this function.  If this multiplier was inferred, it is suggested to describe an additional register stage after this function.  If there is no registered adder/accumulator following the multiply function, two pipeline stages are suggested to allow both the MREG and PREG registers to be used.  If the DSP48 was instantiated in the design, it is suggested to set both the MREG and PREG attributes to 1 when performing multiply functions.
WARNING: [DRC DPOP-2] MREG Output pipelining: DSP u_mwfil_chiftop/u_dut/u_fcc_fixpt/p22D1_aux_mul_temp multiplier stage u_mwfil_chiftop/u_dut/u_fcc_fixpt/p22D1_aux_mul_temp/P[47:0] is not pipelined (MREG=0). Pipelining the multiplier function will improve performance and will save significant power so it is suggested whenever possible to fully pipeline this function.  If this multiplier was inferred, it is suggested to describe an additional register stage after this function.  If there is no registered adder/accumulator following the multiply function, two pipeline stages are suggested to allow both the MREG and PREG registers to be used.  If the DSP48 was instantiated in the design, it is suggested to set both the MREG and PREG attributes to 1 when performing multiply functions.
WARNING: [DRC DPOR-1] Asynchronous load check: DSP u_mwfil_chiftop/u_dut/u_fcc_fixpt/RESIZE0 output is connected to registers with an asynchronous reset (u_mwfil_chiftop/u_dut/u_fcc_fixpt/xUik_5_reg[0][0]). This is preventing the possibility of merging these registers in to the DSP Block since the DSP block registers only possess synchronous reset capability.  It is suggested to recode or change these registers to remove the reset or use a synchronous reset to get the best optimization for performance, power and area.
WARNING: [DRC DPOR-1] Asynchronous load check: DSP u_mwfil_chiftop/u_dut/u_fcc_fixpt/RESIZE0 output is connected to registers with an asynchronous reset (u_mwfil_chiftop/u_dut/u_fcc_fixpt/xUik_5_reg[0][10]). This is preventing the possibility of merging these registers in to the DSP Block since the DSP block registers only possess synchronous reset capability.  It is suggested to recode or change these registers to remove the reset or use a synchronous reset to get the best optimization for performance, power and area.
WARNING: [DRC DPOR-1] Asynchronous load check: DSP u_mwfil_chiftop/u_dut/u_fcc_fixpt/RESIZE0 output is connected to registers with an asynchronous reset (u_mwfil_chiftop/u_dut/u_fcc_fixpt/xUik_5_reg[0][11]). This is preventing the possibility of merging these registers in to the DSP Block since the DSP block registers only possess synchronous reset capability.  It is suggested to recode or change these registers to remove the reset or use a synchronous reset to get the best optimization for performance, power and area.
WARNING: [DRC DPOR-1] Asynchronous load check: DSP u_mwfil_chiftop/u_dut/u_fcc_fixpt/RESIZE0 output is connected to registers with an asynchronous reset (u_mwfil_chiftop/u_dut/u_fcc_fixpt/xUik_5_reg[0][12]). This is preventing the possibility of merging these registers in to the DSP Block since the DSP block registers only possess synchronous reset capability.  It is suggested to recode or change these registers to remove the reset or use a synchronous reset to get the best optimization for performance, power and area.
WARNING: [DRC DPOR-1] Asynchronous load check: DSP u_mwfil_chiftop/u_dut/u_fcc_fixpt/RESIZE0 output is connected to registers with an asynchronous reset (u_mwfil_chiftop/u_dut/u_fcc_fixpt/xUik_5_reg[0][13]). This is preventing the possibility of merging these registers in to the DSP Block since the DSP block registers only possess synchronous reset capability.  It is suggested to recode or change these registers to remove the reset or use a synchronous reset to get the best optimization for performance, power and area.
WARNING: [DRC DPOR-1] Asynchronous load check: DSP u_mwfil_chiftop/u_dut/u_fcc_fixpt/RESIZE0 output is connected to registers with an asynchronous reset (u_mwfil_chiftop/u_dut/u_fcc_fixpt/xUik_5_reg[0][14]). This is preventing the possibility of merging these registers in to the DSP Block since the DSP block registers only possess synchronous reset capability.  It is suggested to recode or change these registers to remove the reset or use a synchronous reset to get the best optimization for performance, power and area.
WARNING: [DRC DPOR-1] Asynchronous load check: DSP u_mwfil_chiftop/u_dut/u_fcc_fixpt/RESIZE0 output is connected to registers with an asynchronous reset (u_mwfil_chiftop/u_dut/u_fcc_fixpt/xUik_5_reg[0][15]). This is preventing the possibility of merging these registers in to the DSP Block since the DSP block registers only possess synchronous reset capability.  It is suggested to recode or change these registers to remove the reset or use a synchronous reset to get the best optimization for performance, power and area.
WARNING: [DRC DPOR-1] Asynchronous load check: DSP u_mwfil_chiftop/u_dut/u_fcc_fixpt/RESIZE0 output is connected to registers with an asynchronous reset (u_mwfil_chiftop/u_dut/u_fcc_fixpt/xUik_5_reg[0][16]). This is preventing the possibility of merging these registers in to the DSP Block since the DSP block registers only possess synchronous reset capability.  It is suggested to recode or change these registers to remove the reset or use a synchronous reset to get the best optimization for performance, power and area.
WARNING: [DRC DPOR-1] Asynchronous load check: DSP u_mwfil_chiftop/u_dut/u_fcc_fixpt/RESIZE0 output is connected to registers with an asynchronous reset (u_mwfil_chiftop/u_dut/u_fcc_fixpt/xUik_5_reg[0][17]). This is preventing the possibility of merging these registers in to the DSP Block since the DSP block registers only possess synchronous reset capability.  It is suggested to recode or change these registers to remove the reset or use a synchronous reset to get the best optimization for performance, power and area.
WARNING: [DRC DPOR-1] Asynchronous load check: DSP u_mwfil_chiftop/u_dut/u_fcc_fixpt/RESIZE0 output is connected to registers with an asynchronous reset (u_mwfil_chiftop/u_dut/u_fcc_fixpt/xUik_5_reg[0][18]). This is preventing the possibility of merging these registers in to the DSP Block since the DSP block registers only possess synchronous reset capability.  It is suggested to recode or change these registers to remove the reset or use a synchronous reset to get the best optimization for performance, power and area.
WARNING: [DRC DPOR-1] Asynchronous load check: DSP u_mwfil_chiftop/u_dut/u_fcc_fixpt/RESIZE0 output is connected to registers with an asynchronous reset (u_mwfil_chiftop/u_dut/u_fcc_fixpt/xUik_5_reg[0][1]). This is preventing the possibility of merging these registers in to the DSP Block since the DSP block registers only possess synchronous reset capability.  It is suggested to recode or change these registers to remove the reset or use a synchronous reset to get the best optimization for performance, power and area.
WARNING: [DRC DPOR-1] Asynchronous load check: DSP u_mwfil_chiftop/u_dut/u_fcc_fixpt/RESIZE0 output is connected to registers with an asynchronous reset (u_mwfil_chiftop/u_dut/u_fcc_fixpt/xUik_5_reg[0][2]). This is preventing the possibility of merging these registers in to the DSP Block since the DSP block registers only possess synchronous reset capability.  It is suggested to recode or change these registers to remove the reset or use a synchronous reset to get the best optimization for performance, power and area.
WARNING: [DRC DPOR-1] Asynchronous load check: DSP u_mwfil_chiftop/u_dut/u_fcc_fixpt/RESIZE0 output is connected to registers with an asynchronous reset (u_mwfil_chiftop/u_dut/u_fcc_fixpt/xUik_5_reg[0][3]). This is preventing the possibility of merging these registers in to the DSP Block since the DSP block registers only possess synchronous reset capability.  It is suggested to recode or change these registers to remove the reset or use a synchronous reset to get the best optimization for performance, power and area.
WARNING: [DRC DPOR-1] Asynchronous load check: DSP u_mwfil_chiftop/u_dut/u_fcc_fixpt/RESIZE0 output is connected to registers with an asynchronous reset (u_mwfil_chiftop/u_dut/u_fcc_fixpt/xUik_5_reg[0][4]). This is preventing the possibility of merging these registers in to the DSP Block since the DSP block registers only possess synchronous reset capability.  It is suggested to recode or change these registers to remove the reset or use a synchronous reset to get the best optimization for performance, power and area.
WARNING: [DRC DPOR-1] Asynchronous load check: DSP u_mwfil_chiftop/u_dut/u_fcc_fixpt/RESIZE0 output is connected to registers with an asynchronous reset (u_mwfil_chiftop/u_dut/u_fcc_fixpt/xUik_5_reg[0][5]). This is preventing the possibility of merging these registers in to the DSP Block since the DSP block registers only possess synchronous reset capability.  It is suggested to recode or change these registers to remove the reset or use a synchronous reset to get the best optimization for performance, power and area.
WARNING: [DRC DPOR-1] Asynchronous load check: DSP u_mwfil_chiftop/u_dut/u_fcc_fixpt/RESIZE0 output is connected to registers with an asynchronous reset (u_mwfil_chiftop/u_dut/u_fcc_fixpt/xUik_5_reg[0][6]). This is preventing the possibility of merging these registers in to the DSP Block since the DSP block registers only possess synchronous reset capability.  It is suggested to recode or change these registers to remove the reset or use a synchronous reset to get the best optimization for performance, power and area.
WARNING: [DRC DPOR-1] Asynchronous load check: DSP u_mwfil_chiftop/u_dut/u_fcc_fixpt/RESIZE0 output is connected to registers with an asynchronous reset (u_mwfil_chiftop/u_dut/u_fcc_fixpt/xUik_5_reg[0][7]). This is preventing the possibility of merging these registers in to the DSP Block since the DSP block registers only possess synchronous reset capability.  It is suggested to recode or change these registers to remove the reset or use a synchronous reset to get the best optimization for performance, power and area.
WARNING: [DRC DPOR-1] Asynchronous load check: DSP u_mwfil_chiftop/u_dut/u_fcc_fixpt/RESIZE0 output is connected to registers with an asynchronous reset (u_mwfil_chiftop/u_dut/u_fcc_fixpt/xUik_5_reg[0][8]). This is preventing the possibility of merging these registers in to the DSP Block since the DSP block registers only possess synchronous reset capability.  It is suggested to recode or change these registers to remove the reset or use a synchronous reset to get the best optimization for performance, power and area.
WARNING: [DRC DPOR-1] Asynchronous load check: DSP u_mwfil_chiftop/u_dut/u_fcc_fixpt/RESIZE0 output is connected to registers with an asynchronous reset (u_mwfil_chiftop/u_dut/u_fcc_fixpt/xUik_5_reg[0][9]). This is preventing the possibility of merging these registers in to the DSP Block since the DSP block registers only possess synchronous reset capability.  It is suggested to recode or change these registers to remove the reset or use a synchronous reset to get the best optimization for performance, power and area.
WARNING: [DRC DPREG-4] DSP48E1_PregDynOpmodeZmuxP:: The DSP48E1 cell u_mwfil_chiftop/u_dut/p_1_out with the given dynamic OPMODE[6:0] connections may lead to an unregistered asynchronous feedback path without the PREG attribute enabled. Please refer to the user guide and if one of the internal P feedback opmodes is possible for this design the PREG attribute must be set to 1, currently set to 0
WARNING: [DRC RTSTAT-10] No routable loads: 24 net(s) have no routable loads. The problem bus(es) and/or net(s) are u_jtag_mac/u_post_chif_fifo/u_jtag_mac_fifo/U0/inst_fifo_gen/gconvfifo.rf/grf.rf/gntv_or_sync_fifo.mem/gbm.gbmg.gbmga.ngecc.bmg/inst_blk_mem_gen/gnbram.gnativebmg.native_blk_mem_gen/valid.cstr/ramloop[0].ram.r/ENA_dly_D, u_jtag_mac/u_pre_chif_fifo/u_jtag_mac_fifo/U0/inst_fifo_gen/gconvfifo.rf/grf.rf/gntv_or_sync_fifo.mem/gbm.gbmg.gbmga.ngecc.bmg/inst_blk_mem_gen/gnbram.gnativebmg.native_blk_mem_gen/valid.cstr/ramloop[0].ram.r/ENA_dly_D, u_jtag_mac/u_pre_chif_fifo/u_jtag_mac_fifo/U0/inst_fifo_gen/gconvfifo.rf/grf.rf/rstblk/ngwrdrst.grst.rd_rst_reg[2:0], u_jtag_mac/u_post_chif_fifo/u_jtag_mac_fifo/U0/inst_fifo_gen/gconvfifo.rf/grf.rf/rstblk/ngwrdrst.grst.rd_rst_reg[2:0], u_jtag_mac/u_simcycle_fifo/u_simcycle_fifo/U0/inst_fifo_gen/gconvfifo.rf/grf.rf/rstblk/ngwrdrst.grst.rd_rst_reg[2:0], u_jtag_mac/u_pre_chif_fifo/u_jtag_mac_fifo/U0/inst_fifo_gen/gconvfifo.rf/grf.rf/rstblk/ngwrdrst.grst.wr_rst_reg[2:0], u_jtag_mac/u_post_chif_fifo/u_jtag_mac_fifo/U0/inst_fifo_gen/gconvfifo.rf/grf.rf/rstblk/ngwrdrst.grst.wr_rst_reg[2:0], u_jtag_mac/u_simcycle_fifo/u_simcycle_fifo/U0/inst_fifo_gen/gconvfifo.rf/grf.rf/rstblk/ngwrdrst.grst.wr_rst_reg[2:0], u_jtag_mac/u_post_chif_fifo/u_jtag_mac_fifo/U0/inst_fifo_gen/gconvfifo.rf/grf.rf/gntv_or_sync_fifo.gl0.rd/gras.rsts/ram_empty_i, u_jtag_mac/u_simcycle_fifo/u_simcycle_fifo/U0/inst_fifo_gen/gconvfifo.rf/grf.rf/gntv_or_sync_fifo.gl0.wr/gwas.wsts/ram_full_i, u_jtag_mac/u_post_chif_fifo/u_jtag_mac_fifo/U0/inst_fifo_gen/gconvfifo.rf/grf.rf/gntv_or_sync_fifo.gl0.wr/gwas.wsts/ram_full_i, and u_jtag_mac/u_pre_chif_fifo/u_jtag_mac_fifo/U0/inst_fifo_gen/gconvfifo.rf/grf.rf/gntv_or_sync_fifo.gl0.wr/gwas.wsts/ram_full_i.
INFO: [Vivado 12-3199] DRC finished with 0 Errors, 49 Warnings
INFO: [Vivado 12-3200] Please refer to the DRC report (report_drc) for more information.
INFO: [Designutils 20-2272] Running write_bitstream with 2 threads.
Loading data files...
Loading site data...
Loading route data...
Processing options...
Creating bitmap...
Creating bitstream...
Writing bitstream ./fcc_fixpt_fil.bit...
INFO: [Vivado 12-1842] Bitgen Completed Successfully.
INFO: [Common 17-83] Releasing license: Implementation
8 Infos, 49 Warnings, 0 Critical Warnings and 0 Errors encountered.
write_bitstream completed successfully
write_bitstream: Time (s): cpu = 00:00:11 ; elapsed = 00:00:10 . Memory (MB): peak = 2208.637 ; gain = 648.645
# open_run impl_1
Netlist sorting complete. Time (s): cpu = 00:00:01 ; elapsed = 00:00:00.045 . Memory (MB): peak = 2208.637 ; gain = 0.000
INFO: [Netlist 29-17] Analyzing 227 Unisim elements for replacement
INFO: [Netlist 29-28] Unisim Transformation completed in 0 CPU seconds
INFO: [Project 1-479] Netlist was created with Vivado 2023.1
INFO: [Project 1-570] Preparing netlist for logic optimization
INFO: [Timing 38-478] Restoring timing data from binary archive.
INFO: [Timing 38-479] Binary timing data restore complete.
INFO: [Project 1-856] Restoring constraints from binary archive.
INFO: [Project 1-853] Binary constraint restore complete.
Reading XDEF placement.
Reading placer database...
Reading XDEF routing.
Read XDEF Files: Time (s): cpu = 00:00:01 ; elapsed = 00:00:00.239 . Memory (MB): peak = 2208.637 ; gain = 0.000
Restored from archive | CPU: 1.000000 secs | Memory: 0.000000 MB |
Finished XDEF File Restore: Time (s): cpu = 00:00:01 ; elapsed = 00:00:00.239 . Memory (MB): peak = 2208.637 ; gain = 0.000
Netlist sorting complete. Time (s): cpu = 00:00:00 ; elapsed = 00:00:00.001 . Memory (MB): peak = 2208.637 ; gain = 0.000
INFO: [Project 1-111] Unisim Transformation Summary:
No Unisim elements were transformed.

INFO: [Timing 38-91] UpdateTimingParams: Speed grade: -1, Delay Type: min_max.
INFO: [Timing 38-191] Multithreading enabled for timing update using a maximum of 2 CPUs
WARNING: [Timing 38-436] There are set_bus_skew constraint(s) in this design. Please run report_bus_skew to ensure that bus skew requirements are met.
# set par_str [report_timing_summary -return_string]
# set timing_err ""
# set result [regexp {Timing constraints are not met} $par_str match]
# if {$result > 0} {
# 	set timing_err "Warning: Design does not meet all timing constraints."
# }
# close_project
# set log ""
# lappend log "\n\n------------------------------------"
# lappend log "   FPGA-in-the-Loop build summary"
# lappend log "------------------------------------\n"
# set expected_file fcc_fixpt_fil.bit
# set copied_file C:/Users/llillo/Desktop/cosas_ordenadas/uni/memoria/fcc/HDL_original/Gold_Ref_22_14/fcc_fixpt_fil/fcc_fixpt_fil.bit
# if [catch {file copy -force $expected_file ..}] {
#    file delete ../$expected_file
#    lappend log "Expected programming file not generated."
#    lappend log "FPGA-in-the-Loop build failed.\n"
# } else {
#    if {[string length $timing_err] > 0} {
#       lappend log "$timing_err\n"
#       set warn_str " with warning"
#    } else {
#       set warn_str ""
#    }
#    lappend log "Programming file generated:"
#    lappend log "$copied_file\n"
#    lappend log "FPGA-in-the-Loop build completed$warn_str."
#    lappend log "You may close this shell.\n"
# }
# foreach j $log {puts $j}


------------------------------------
   FPGA-in-the-Loop build summary
------------------------------------

Programming file generated:
C:/Users/llillo/Desktop/cosas_ordenadas/uni/memoria/fcc/HDL_original/Gold_Ref_22_14/fcc_fixpt_fil/fcc_fixpt_fil.bit

FPGA-in-the-Loop build completed.
You may close this shell.

# if { [catch {open fpgaproj.log w} log_fid] } {
# } else {
#     foreach j $log {puts $log_fid $j}
# }
# close $log_fid
INFO: [Common 17-206] Exiting Vivado at Mon Dec  1 15:50:54 2025...
