Copyright 1986-2022 Xilinx, Inc. All Rights Reserved. Copyright 2022-2023 Advanced Micro Devices, Inc. All Rights Reserved.
-----------------------------------------------------------------------------------------------------------------------------------------------------------------------------
| Tool Version : Vivado v.2023.1 (win64) Build 3865809 Sun May  7 15:05:29 MDT 2023
| Date         : Mon Dec  1 15:50:24 2025
| Host         : DESKTOP-2HRT285 running 64-bit major release  (build 9200)
| Command      : report_methodology -file fcc_fixpt_fil_methodology_drc_routed.rpt -pb fcc_fixpt_fil_methodology_drc_routed.pb -rpx fcc_fixpt_fil_methodology_drc_routed.rpx
| Design       : fcc_fixpt_fil
| Device       : xc7a100tcsg324-1
| Speed File   : -1
| Design State : Fully Routed
-----------------------------------------------------------------------------------------------------------------------------------------------------------------------------

Report Methodology

Table of Contents
-----------------
1. REPORT SUMMARY
2. REPORT DETAILS

1. REPORT SUMMARY
-----------------
            Netlist: netlist
          Floorplan: design_1
      Design limits: <entire design considered>
             Max violations: <unlimited>
             Violations found: 155
+-----------+----------+--------------------------------------------------------+------------+
| Rule      | Severity | Description                                            | Violations |
+-----------+----------+--------------------------------------------------------+------------+
| DPIR-1    | Warning  | Asynchronous driver check                              | 143        |
| LUTAR-1   | Warning  | LUT drives async reset alert                           | 1          |
| PDRC-190  | Warning  | Suboptimally placed synchronized register chain        | 2          |
| TIMING-9  | Warning  | Unknown CDC Logic                                      | 1          |
| TIMING-24 | Warning  | Overridden Max delay datapath only                     | 6          |
| XDCC-1    | Warning  | Scoped Clock constraint overwritten with the same name | 1          |
| XDCC-7    | Warning  | Scoped Clock constraint overwritten on the same source | 1          |
+-----------+----------+--------------------------------------------------------+------------+

2. REPORT DETAILS
-----------------
DPIR-1#1 Warning
Asynchronous driver check  
DSP u_mwfil_chiftop/u_dut/p_1_out input pin u_mwfil_chiftop/u_dut/p_1_out/B[0] is connected to registers with an asynchronous reset. This is preventing the possibility of merging these registers in to the DSP Block since the DSP block registers only possess synchronous reset capability.  It is suggested to recode or change these registers to remove the reset or use a synchronous reset to get the best optimization for performance, power and area.
Related violations: <none>

DPIR-1#2 Warning
Asynchronous driver check  
DSP u_mwfil_chiftop/u_dut/p_1_out input pin u_mwfil_chiftop/u_dut/p_1_out/B[10] is connected to registers with an asynchronous reset. This is preventing the possibility of merging these registers in to the DSP Block since the DSP block registers only possess synchronous reset capability.  It is suggested to recode or change these registers to remove the reset or use a synchronous reset to get the best optimization for performance, power and area.
Related violations: <none>

DPIR-1#3 Warning
Asynchronous driver check  
DSP u_mwfil_chiftop/u_dut/p_1_out input pin u_mwfil_chiftop/u_dut/p_1_out/B[11] is connected to registers with an asynchronous reset. This is preventing the possibility of merging these registers in to the DSP Block since the DSP block registers only possess synchronous reset capability.  It is suggested to recode or change these registers to remove the reset or use a synchronous reset to get the best optimization for performance, power and area.
Related violations: <none>

DPIR-1#4 Warning
Asynchronous driver check  
DSP u_mwfil_chiftop/u_dut/p_1_out input pin u_mwfil_chiftop/u_dut/p_1_out/B[12] is connected to registers with an asynchronous reset. This is preventing the possibility of merging these registers in to the DSP Block since the DSP block registers only possess synchronous reset capability.  It is suggested to recode or change these registers to remove the reset or use a synchronous reset to get the best optimization for performance, power and area.
Related violations: <none>

DPIR-1#5 Warning
Asynchronous driver check  
DSP u_mwfil_chiftop/u_dut/p_1_out input pin u_mwfil_chiftop/u_dut/p_1_out/B[13] is connected to registers with an asynchronous reset. This is preventing the possibility of merging these registers in to the DSP Block since the DSP block registers only possess synchronous reset capability.  It is suggested to recode or change these registers to remove the reset or use a synchronous reset to get the best optimization for performance, power and area.
Related violations: <none>

DPIR-1#6 Warning
Asynchronous driver check  
DSP u_mwfil_chiftop/u_dut/p_1_out input pin u_mwfil_chiftop/u_dut/p_1_out/B[14] is connected to registers with an asynchronous reset. This is preventing the possibility of merging these registers in to the DSP Block since the DSP block registers only possess synchronous reset capability.  It is suggested to recode or change these registers to remove the reset or use a synchronous reset to get the best optimization for performance, power and area.
Related violations: <none>

DPIR-1#7 Warning
Asynchronous driver check  
DSP u_mwfil_chiftop/u_dut/p_1_out input pin u_mwfil_chiftop/u_dut/p_1_out/B[15] is connected to registers with an asynchronous reset. This is preventing the possibility of merging these registers in to the DSP Block since the DSP block registers only possess synchronous reset capability.  It is suggested to recode or change these registers to remove the reset or use a synchronous reset to get the best optimization for performance, power and area.
Related violations: <none>

DPIR-1#8 Warning
Asynchronous driver check  
DSP u_mwfil_chiftop/u_dut/p_1_out input pin u_mwfil_chiftop/u_dut/p_1_out/B[16] is connected to registers with an asynchronous reset. This is preventing the possibility of merging these registers in to the DSP Block since the DSP block registers only possess synchronous reset capability.  It is suggested to recode or change these registers to remove the reset or use a synchronous reset to get the best optimization for performance, power and area.
Related violations: <none>

DPIR-1#9 Warning
Asynchronous driver check  
DSP u_mwfil_chiftop/u_dut/p_1_out input pin u_mwfil_chiftop/u_dut/p_1_out/B[17] is connected to registers with an asynchronous reset. This is preventing the possibility of merging these registers in to the DSP Block since the DSP block registers only possess synchronous reset capability.  It is suggested to recode or change these registers to remove the reset or use a synchronous reset to get the best optimization for performance, power and area.
Related violations: <none>

DPIR-1#10 Warning
Asynchronous driver check  
DSP u_mwfil_chiftop/u_dut/p_1_out input pin u_mwfil_chiftop/u_dut/p_1_out/B[1] is connected to registers with an asynchronous reset. This is preventing the possibility of merging these registers in to the DSP Block since the DSP block registers only possess synchronous reset capability.  It is suggested to recode or change these registers to remove the reset or use a synchronous reset to get the best optimization for performance, power and area.
Related violations: <none>

DPIR-1#11 Warning
Asynchronous driver check  
DSP u_mwfil_chiftop/u_dut/p_1_out input pin u_mwfil_chiftop/u_dut/p_1_out/B[2] is connected to registers with an asynchronous reset. This is preventing the possibility of merging these registers in to the DSP Block since the DSP block registers only possess synchronous reset capability.  It is suggested to recode or change these registers to remove the reset or use a synchronous reset to get the best optimization for performance, power and area.
Related violations: <none>

DPIR-1#12 Warning
Asynchronous driver check  
DSP u_mwfil_chiftop/u_dut/p_1_out input pin u_mwfil_chiftop/u_dut/p_1_out/B[3] is connected to registers with an asynchronous reset. This is preventing the possibility of merging these registers in to the DSP Block since the DSP block registers only possess synchronous reset capability.  It is suggested to recode or change these registers to remove the reset or use a synchronous reset to get the best optimization for performance, power and area.
Related violations: <none>

DPIR-1#13 Warning
Asynchronous driver check  
DSP u_mwfil_chiftop/u_dut/p_1_out input pin u_mwfil_chiftop/u_dut/p_1_out/B[4] is connected to registers with an asynchronous reset. This is preventing the possibility of merging these registers in to the DSP Block since the DSP block registers only possess synchronous reset capability.  It is suggested to recode or change these registers to remove the reset or use a synchronous reset to get the best optimization for performance, power and area.
Related violations: <none>

DPIR-1#14 Warning
Asynchronous driver check  
DSP u_mwfil_chiftop/u_dut/p_1_out input pin u_mwfil_chiftop/u_dut/p_1_out/B[5] is connected to registers with an asynchronous reset. This is preventing the possibility of merging these registers in to the DSP Block since the DSP block registers only possess synchronous reset capability.  It is suggested to recode or change these registers to remove the reset or use a synchronous reset to get the best optimization for performance, power and area.
Related violations: <none>

DPIR-1#15 Warning
Asynchronous driver check  
DSP u_mwfil_chiftop/u_dut/p_1_out input pin u_mwfil_chiftop/u_dut/p_1_out/B[6] is connected to registers with an asynchronous reset. This is preventing the possibility of merging these registers in to the DSP Block since the DSP block registers only possess synchronous reset capability.  It is suggested to recode or change these registers to remove the reset or use a synchronous reset to get the best optimization for performance, power and area.
Related violations: <none>

DPIR-1#16 Warning
Asynchronous driver check  
DSP u_mwfil_chiftop/u_dut/p_1_out input pin u_mwfil_chiftop/u_dut/p_1_out/B[7] is connected to registers with an asynchronous reset. This is preventing the possibility of merging these registers in to the DSP Block since the DSP block registers only possess synchronous reset capability.  It is suggested to recode or change these registers to remove the reset or use a synchronous reset to get the best optimization for performance, power and area.
Related violations: <none>

DPIR-1#17 Warning
Asynchronous driver check  
DSP u_mwfil_chiftop/u_dut/p_1_out input pin u_mwfil_chiftop/u_dut/p_1_out/B[8] is connected to registers with an asynchronous reset. This is preventing the possibility of merging these registers in to the DSP Block since the DSP block registers only possess synchronous reset capability.  It is suggested to recode or change these registers to remove the reset or use a synchronous reset to get the best optimization for performance, power and area.
Related violations: <none>

DPIR-1#18 Warning
Asynchronous driver check  
DSP u_mwfil_chiftop/u_dut/p_1_out input pin u_mwfil_chiftop/u_dut/p_1_out/B[9] is connected to registers with an asynchronous reset. This is preventing the possibility of merging these registers in to the DSP Block since the DSP block registers only possess synchronous reset capability.  It is suggested to recode or change these registers to remove the reset or use a synchronous reset to get the best optimization for performance, power and area.
Related violations: <none>

DPIR-1#19 Warning
Asynchronous driver check  
DSP u_mwfil_chiftop/u_dut/u_fcc_fixpt/ARG input pin u_mwfil_chiftop/u_dut/u_fcc_fixpt/ARG/A[0] is connected to registers with an asynchronous reset. This is preventing the possibility of merging these registers in to the DSP Block since the DSP block registers only possess synchronous reset capability.  It is suggested to recode or change these registers to remove the reset or use a synchronous reset to get the best optimization for performance, power and area.
Related violations: <none>

DPIR-1#20 Warning
Asynchronous driver check  
DSP u_mwfil_chiftop/u_dut/u_fcc_fixpt/ARG input pin u_mwfil_chiftop/u_dut/u_fcc_fixpt/ARG/A[10] is connected to registers with an asynchronous reset. This is preventing the possibility of merging these registers in to the DSP Block since the DSP block registers only possess synchronous reset capability.  It is suggested to recode or change these registers to remove the reset or use a synchronous reset to get the best optimization for performance, power and area.
Related violations: <none>

DPIR-1#21 Warning
Asynchronous driver check  
DSP u_mwfil_chiftop/u_dut/u_fcc_fixpt/ARG input pin u_mwfil_chiftop/u_dut/u_fcc_fixpt/ARG/A[11] is connected to registers with an asynchronous reset. This is preventing the possibility of merging these registers in to the DSP Block since the DSP block registers only possess synchronous reset capability.  It is suggested to recode or change these registers to remove the reset or use a synchronous reset to get the best optimization for performance, power and area.
Related violations: <none>

DPIR-1#22 Warning
Asynchronous driver check  
DSP u_mwfil_chiftop/u_dut/u_fcc_fixpt/ARG input pin u_mwfil_chiftop/u_dut/u_fcc_fixpt/ARG/A[12] is connected to registers with an asynchronous reset. This is preventing the possibility of merging these registers in to the DSP Block since the DSP block registers only possess synchronous reset capability.  It is suggested to recode or change these registers to remove the reset or use a synchronous reset to get the best optimization for performance, power and area.
Related violations: <none>

DPIR-1#23 Warning
Asynchronous driver check  
DSP u_mwfil_chiftop/u_dut/u_fcc_fixpt/ARG input pin u_mwfil_chiftop/u_dut/u_fcc_fixpt/ARG/A[13] is connected to registers with an asynchronous reset. This is preventing the possibility of merging these registers in to the DSP Block since the DSP block registers only possess synchronous reset capability.  It is suggested to recode or change these registers to remove the reset or use a synchronous reset to get the best optimization for performance, power and area.
Related violations: <none>

DPIR-1#24 Warning
Asynchronous driver check  
DSP u_mwfil_chiftop/u_dut/u_fcc_fixpt/ARG input pin u_mwfil_chiftop/u_dut/u_fcc_fixpt/ARG/A[14] is connected to registers with an asynchronous reset. This is preventing the possibility of merging these registers in to the DSP Block since the DSP block registers only possess synchronous reset capability.  It is suggested to recode or change these registers to remove the reset or use a synchronous reset to get the best optimization for performance, power and area.
Related violations: <none>

DPIR-1#25 Warning
Asynchronous driver check  
DSP u_mwfil_chiftop/u_dut/u_fcc_fixpt/ARG input pin u_mwfil_chiftop/u_dut/u_fcc_fixpt/ARG/A[15] is connected to registers with an asynchronous reset. This is preventing the possibility of merging these registers in to the DSP Block since the DSP block registers only possess synchronous reset capability.  It is suggested to recode or change these registers to remove the reset or use a synchronous reset to get the best optimization for performance, power and area.
Related violations: <none>

DPIR-1#26 Warning
Asynchronous driver check  
DSP u_mwfil_chiftop/u_dut/u_fcc_fixpt/ARG input pin u_mwfil_chiftop/u_dut/u_fcc_fixpt/ARG/A[16] is connected to registers with an asynchronous reset. This is preventing the possibility of merging these registers in to the DSP Block since the DSP block registers only possess synchronous reset capability.  It is suggested to recode or change these registers to remove the reset or use a synchronous reset to get the best optimization for performance, power and area.
Related violations: <none>

DPIR-1#27 Warning
Asynchronous driver check  
DSP u_mwfil_chiftop/u_dut/u_fcc_fixpt/ARG input pin u_mwfil_chiftop/u_dut/u_fcc_fixpt/ARG/A[17] is connected to registers with an asynchronous reset. This is preventing the possibility of merging these registers in to the DSP Block since the DSP block registers only possess synchronous reset capability.  It is suggested to recode or change these registers to remove the reset or use a synchronous reset to get the best optimization for performance, power and area.
Related violations: <none>

DPIR-1#28 Warning
Asynchronous driver check  
DSP u_mwfil_chiftop/u_dut/u_fcc_fixpt/ARG input pin u_mwfil_chiftop/u_dut/u_fcc_fixpt/ARG/A[18] is connected to registers with an asynchronous reset. This is preventing the possibility of merging these registers in to the DSP Block since the DSP block registers only possess synchronous reset capability.  It is suggested to recode or change these registers to remove the reset or use a synchronous reset to get the best optimization for performance, power and area.
Related violations: <none>

DPIR-1#29 Warning
Asynchronous driver check  
DSP u_mwfil_chiftop/u_dut/u_fcc_fixpt/ARG input pin u_mwfil_chiftop/u_dut/u_fcc_fixpt/ARG/A[19] is connected to registers with an asynchronous reset. This is preventing the possibility of merging these registers in to the DSP Block since the DSP block registers only possess synchronous reset capability.  It is suggested to recode or change these registers to remove the reset or use a synchronous reset to get the best optimization for performance, power and area.
Related violations: <none>

DPIR-1#30 Warning
Asynchronous driver check  
DSP u_mwfil_chiftop/u_dut/u_fcc_fixpt/ARG input pin u_mwfil_chiftop/u_dut/u_fcc_fixpt/ARG/A[1] is connected to registers with an asynchronous reset. This is preventing the possibility of merging these registers in to the DSP Block since the DSP block registers only possess synchronous reset capability.  It is suggested to recode or change these registers to remove the reset or use a synchronous reset to get the best optimization for performance, power and area.
Related violations: <none>

DPIR-1#31 Warning
Asynchronous driver check  
DSP u_mwfil_chiftop/u_dut/u_fcc_fixpt/ARG input pin u_mwfil_chiftop/u_dut/u_fcc_fixpt/ARG/A[20] is connected to registers with an asynchronous reset. This is preventing the possibility of merging these registers in to the DSP Block since the DSP block registers only possess synchronous reset capability.  It is suggested to recode or change these registers to remove the reset or use a synchronous reset to get the best optimization for performance, power and area.
Related violations: <none>

DPIR-1#32 Warning
Asynchronous driver check  
DSP u_mwfil_chiftop/u_dut/u_fcc_fixpt/ARG input pin u_mwfil_chiftop/u_dut/u_fcc_fixpt/ARG/A[21] is connected to registers with an asynchronous reset. This is preventing the possibility of merging these registers in to the DSP Block since the DSP block registers only possess synchronous reset capability.  It is suggested to recode or change these registers to remove the reset or use a synchronous reset to get the best optimization for performance, power and area.
Related violations: <none>

DPIR-1#33 Warning
Asynchronous driver check  
DSP u_mwfil_chiftop/u_dut/u_fcc_fixpt/ARG input pin u_mwfil_chiftop/u_dut/u_fcc_fixpt/ARG/A[22] is connected to registers with an asynchronous reset. This is preventing the possibility of merging these registers in to the DSP Block since the DSP block registers only possess synchronous reset capability.  It is suggested to recode or change these registers to remove the reset or use a synchronous reset to get the best optimization for performance, power and area.
Related violations: <none>

DPIR-1#34 Warning
Asynchronous driver check  
DSP u_mwfil_chiftop/u_dut/u_fcc_fixpt/ARG input pin u_mwfil_chiftop/u_dut/u_fcc_fixpt/ARG/A[23] is connected to registers with an asynchronous reset. This is preventing the possibility of merging these registers in to the DSP Block since the DSP block registers only possess synchronous reset capability.  It is suggested to recode or change these registers to remove the reset or use a synchronous reset to get the best optimization for performance, power and area.
Related violations: <none>

DPIR-1#35 Warning
Asynchronous driver check  
DSP u_mwfil_chiftop/u_dut/u_fcc_fixpt/ARG input pin u_mwfil_chiftop/u_dut/u_fcc_fixpt/ARG/A[24] is connected to registers with an asynchronous reset. This is preventing the possibility of merging these registers in to the DSP Block since the DSP block registers only possess synchronous reset capability.  It is suggested to recode or change these registers to remove the reset or use a synchronous reset to get the best optimization for performance, power and area.
Related violations: <none>

DPIR-1#36 Warning
Asynchronous driver check  
DSP u_mwfil_chiftop/u_dut/u_fcc_fixpt/ARG input pin u_mwfil_chiftop/u_dut/u_fcc_fixpt/ARG/A[25] is connected to registers with an asynchronous reset. This is preventing the possibility of merging these registers in to the DSP Block since the DSP block registers only possess synchronous reset capability.  It is suggested to recode or change these registers to remove the reset or use a synchronous reset to get the best optimization for performance, power and area.
Related violations: <none>

DPIR-1#37 Warning
Asynchronous driver check  
DSP u_mwfil_chiftop/u_dut/u_fcc_fixpt/ARG input pin u_mwfil_chiftop/u_dut/u_fcc_fixpt/ARG/A[26] is connected to registers with an asynchronous reset. This is preventing the possibility of merging these registers in to the DSP Block since the DSP block registers only possess synchronous reset capability.  It is suggested to recode or change these registers to remove the reset or use a synchronous reset to get the best optimization for performance, power and area.
Related violations: <none>

DPIR-1#38 Warning
Asynchronous driver check  
DSP u_mwfil_chiftop/u_dut/u_fcc_fixpt/ARG input pin u_mwfil_chiftop/u_dut/u_fcc_fixpt/ARG/A[27] is connected to registers with an asynchronous reset. This is preventing the possibility of merging these registers in to the DSP Block since the DSP block registers only possess synchronous reset capability.  It is suggested to recode or change these registers to remove the reset or use a synchronous reset to get the best optimization for performance, power and area.
Related violations: <none>

DPIR-1#39 Warning
Asynchronous driver check  
DSP u_mwfil_chiftop/u_dut/u_fcc_fixpt/ARG input pin u_mwfil_chiftop/u_dut/u_fcc_fixpt/ARG/A[28] is connected to registers with an asynchronous reset. This is preventing the possibility of merging these registers in to the DSP Block since the DSP block registers only possess synchronous reset capability.  It is suggested to recode or change these registers to remove the reset or use a synchronous reset to get the best optimization for performance, power and area.
Related violations: <none>

DPIR-1#40 Warning
Asynchronous driver check  
DSP u_mwfil_chiftop/u_dut/u_fcc_fixpt/ARG input pin u_mwfil_chiftop/u_dut/u_fcc_fixpt/ARG/A[29] is connected to registers with an asynchronous reset. This is preventing the possibility of merging these registers in to the DSP Block since the DSP block registers only possess synchronous reset capability.  It is suggested to recode or change these registers to remove the reset or use a synchronous reset to get the best optimization for performance, power and area.
Related violations: <none>

DPIR-1#41 Warning
Asynchronous driver check  
DSP u_mwfil_chiftop/u_dut/u_fcc_fixpt/ARG input pin u_mwfil_chiftop/u_dut/u_fcc_fixpt/ARG/A[2] is connected to registers with an asynchronous reset. This is preventing the possibility of merging these registers in to the DSP Block since the DSP block registers only possess synchronous reset capability.  It is suggested to recode or change these registers to remove the reset or use a synchronous reset to get the best optimization for performance, power and area.
Related violations: <none>

DPIR-1#42 Warning
Asynchronous driver check  
DSP u_mwfil_chiftop/u_dut/u_fcc_fixpt/ARG input pin u_mwfil_chiftop/u_dut/u_fcc_fixpt/ARG/A[3] is connected to registers with an asynchronous reset. This is preventing the possibility of merging these registers in to the DSP Block since the DSP block registers only possess synchronous reset capability.  It is suggested to recode or change these registers to remove the reset or use a synchronous reset to get the best optimization for performance, power and area.
Related violations: <none>

DPIR-1#43 Warning
Asynchronous driver check  
DSP u_mwfil_chiftop/u_dut/u_fcc_fixpt/ARG input pin u_mwfil_chiftop/u_dut/u_fcc_fixpt/ARG/A[4] is connected to registers with an asynchronous reset. This is preventing the possibility of merging these registers in to the DSP Block since the DSP block registers only possess synchronous reset capability.  It is suggested to recode or change these registers to remove the reset or use a synchronous reset to get the best optimization for performance, power and area.
Related violations: <none>

DPIR-1#44 Warning
Asynchronous driver check  
DSP u_mwfil_chiftop/u_dut/u_fcc_fixpt/ARG input pin u_mwfil_chiftop/u_dut/u_fcc_fixpt/ARG/A[5] is connected to registers with an asynchronous reset. This is preventing the possibility of merging these registers in to the DSP Block since the DSP block registers only possess synchronous reset capability.  It is suggested to recode or change these registers to remove the reset or use a synchronous reset to get the best optimization for performance, power and area.
Related violations: <none>

DPIR-1#45 Warning
Asynchronous driver check  
DSP u_mwfil_chiftop/u_dut/u_fcc_fixpt/ARG input pin u_mwfil_chiftop/u_dut/u_fcc_fixpt/ARG/A[6] is connected to registers with an asynchronous reset. This is preventing the possibility of merging these registers in to the DSP Block since the DSP block registers only possess synchronous reset capability.  It is suggested to recode or change these registers to remove the reset or use a synchronous reset to get the best optimization for performance, power and area.
Related violations: <none>

DPIR-1#46 Warning
Asynchronous driver check  
DSP u_mwfil_chiftop/u_dut/u_fcc_fixpt/ARG input pin u_mwfil_chiftop/u_dut/u_fcc_fixpt/ARG/A[7] is connected to registers with an asynchronous reset. This is preventing the possibility of merging these registers in to the DSP Block since the DSP block registers only possess synchronous reset capability.  It is suggested to recode or change these registers to remove the reset or use a synchronous reset to get the best optimization for performance, power and area.
Related violations: <none>

DPIR-1#47 Warning
Asynchronous driver check  
DSP u_mwfil_chiftop/u_dut/u_fcc_fixpt/ARG input pin u_mwfil_chiftop/u_dut/u_fcc_fixpt/ARG/A[8] is connected to registers with an asynchronous reset. This is preventing the possibility of merging these registers in to the DSP Block since the DSP block registers only possess synchronous reset capability.  It is suggested to recode or change these registers to remove the reset or use a synchronous reset to get the best optimization for performance, power and area.
Related violations: <none>

DPIR-1#48 Warning
Asynchronous driver check  
DSP u_mwfil_chiftop/u_dut/u_fcc_fixpt/ARG input pin u_mwfil_chiftop/u_dut/u_fcc_fixpt/ARG/A[9] is connected to registers with an asynchronous reset. This is preventing the possibility of merging these registers in to the DSP Block since the DSP block registers only possess synchronous reset capability.  It is suggested to recode or change these registers to remove the reset or use a synchronous reset to get the best optimization for performance, power and area.
Related violations: <none>

DPIR-1#49 Warning
Asynchronous driver check  
DSP u_mwfil_chiftop/u_dut/u_fcc_fixpt/ARG0 input pin u_mwfil_chiftop/u_dut/u_fcc_fixpt/ARG0/A[0] is connected to registers with an asynchronous reset. This is preventing the possibility of merging these registers in to the DSP Block since the DSP block registers only possess synchronous reset capability.  It is suggested to recode or change these registers to remove the reset or use a synchronous reset to get the best optimization for performance, power and area.
Related violations: <none>

DPIR-1#50 Warning
Asynchronous driver check  
DSP u_mwfil_chiftop/u_dut/u_fcc_fixpt/ARG0 input pin u_mwfil_chiftop/u_dut/u_fcc_fixpt/ARG0/A[10] is connected to registers with an asynchronous reset. This is preventing the possibility of merging these registers in to the DSP Block since the DSP block registers only possess synchronous reset capability.  It is suggested to recode or change these registers to remove the reset or use a synchronous reset to get the best optimization for performance, power and area.
Related violations: <none>

DPIR-1#51 Warning
Asynchronous driver check  
DSP u_mwfil_chiftop/u_dut/u_fcc_fixpt/ARG0 input pin u_mwfil_chiftop/u_dut/u_fcc_fixpt/ARG0/A[11] is connected to registers with an asynchronous reset. This is preventing the possibility of merging these registers in to the DSP Block since the DSP block registers only possess synchronous reset capability.  It is suggested to recode or change these registers to remove the reset or use a synchronous reset to get the best optimization for performance, power and area.
Related violations: <none>

DPIR-1#52 Warning
Asynchronous driver check  
DSP u_mwfil_chiftop/u_dut/u_fcc_fixpt/ARG0 input pin u_mwfil_chiftop/u_dut/u_fcc_fixpt/ARG0/A[12] is connected to registers with an asynchronous reset. This is preventing the possibility of merging these registers in to the DSP Block since the DSP block registers only possess synchronous reset capability.  It is suggested to recode or change these registers to remove the reset or use a synchronous reset to get the best optimization for performance, power and area.
Related violations: <none>

DPIR-1#53 Warning
Asynchronous driver check  
DSP u_mwfil_chiftop/u_dut/u_fcc_fixpt/ARG0 input pin u_mwfil_chiftop/u_dut/u_fcc_fixpt/ARG0/A[13] is connected to registers with an asynchronous reset. This is preventing the possibility of merging these registers in to the DSP Block since the DSP block registers only possess synchronous reset capability.  It is suggested to recode or change these registers to remove the reset or use a synchronous reset to get the best optimization for performance, power and area.
Related violations: <none>

DPIR-1#54 Warning
Asynchronous driver check  
DSP u_mwfil_chiftop/u_dut/u_fcc_fixpt/ARG0 input pin u_mwfil_chiftop/u_dut/u_fcc_fixpt/ARG0/A[14] is connected to registers with an asynchronous reset. This is preventing the possibility of merging these registers in to the DSP Block since the DSP block registers only possess synchronous reset capability.  It is suggested to recode or change these registers to remove the reset or use a synchronous reset to get the best optimization for performance, power and area.
Related violations: <none>

DPIR-1#55 Warning
Asynchronous driver check  
DSP u_mwfil_chiftop/u_dut/u_fcc_fixpt/ARG0 input pin u_mwfil_chiftop/u_dut/u_fcc_fixpt/ARG0/A[15] is connected to registers with an asynchronous reset. This is preventing the possibility of merging these registers in to the DSP Block since the DSP block registers only possess synchronous reset capability.  It is suggested to recode or change these registers to remove the reset or use a synchronous reset to get the best optimization for performance, power and area.
Related violations: <none>

DPIR-1#56 Warning
Asynchronous driver check  
DSP u_mwfil_chiftop/u_dut/u_fcc_fixpt/ARG0 input pin u_mwfil_chiftop/u_dut/u_fcc_fixpt/ARG0/A[16] is connected to registers with an asynchronous reset. This is preventing the possibility of merging these registers in to the DSP Block since the DSP block registers only possess synchronous reset capability.  It is suggested to recode or change these registers to remove the reset or use a synchronous reset to get the best optimization for performance, power and area.
Related violations: <none>

DPIR-1#57 Warning
Asynchronous driver check  
DSP u_mwfil_chiftop/u_dut/u_fcc_fixpt/ARG0 input pin u_mwfil_chiftop/u_dut/u_fcc_fixpt/ARG0/A[17] is connected to registers with an asynchronous reset. This is preventing the possibility of merging these registers in to the DSP Block since the DSP block registers only possess synchronous reset capability.  It is suggested to recode or change these registers to remove the reset or use a synchronous reset to get the best optimization for performance, power and area.
Related violations: <none>

DPIR-1#58 Warning
Asynchronous driver check  
DSP u_mwfil_chiftop/u_dut/u_fcc_fixpt/ARG0 input pin u_mwfil_chiftop/u_dut/u_fcc_fixpt/ARG0/A[18] is connected to registers with an asynchronous reset. This is preventing the possibility of merging these registers in to the DSP Block since the DSP block registers only possess synchronous reset capability.  It is suggested to recode or change these registers to remove the reset or use a synchronous reset to get the best optimization for performance, power and area.
Related violations: <none>

DPIR-1#59 Warning
Asynchronous driver check  
DSP u_mwfil_chiftop/u_dut/u_fcc_fixpt/ARG0 input pin u_mwfil_chiftop/u_dut/u_fcc_fixpt/ARG0/A[19] is connected to registers with an asynchronous reset. This is preventing the possibility of merging these registers in to the DSP Block since the DSP block registers only possess synchronous reset capability.  It is suggested to recode or change these registers to remove the reset or use a synchronous reset to get the best optimization for performance, power and area.
Related violations: <none>

DPIR-1#60 Warning
Asynchronous driver check  
DSP u_mwfil_chiftop/u_dut/u_fcc_fixpt/ARG0 input pin u_mwfil_chiftop/u_dut/u_fcc_fixpt/ARG0/A[1] is connected to registers with an asynchronous reset. This is preventing the possibility of merging these registers in to the DSP Block since the DSP block registers only possess synchronous reset capability.  It is suggested to recode or change these registers to remove the reset or use a synchronous reset to get the best optimization for performance, power and area.
Related violations: <none>

DPIR-1#61 Warning
Asynchronous driver check  
DSP u_mwfil_chiftop/u_dut/u_fcc_fixpt/ARG0 input pin u_mwfil_chiftop/u_dut/u_fcc_fixpt/ARG0/A[20] is connected to registers with an asynchronous reset. This is preventing the possibility of merging these registers in to the DSP Block since the DSP block registers only possess synchronous reset capability.  It is suggested to recode or change these registers to remove the reset or use a synchronous reset to get the best optimization for performance, power and area.
Related violations: <none>

DPIR-1#62 Warning
Asynchronous driver check  
DSP u_mwfil_chiftop/u_dut/u_fcc_fixpt/ARG0 input pin u_mwfil_chiftop/u_dut/u_fcc_fixpt/ARG0/A[21] is connected to registers with an asynchronous reset. This is preventing the possibility of merging these registers in to the DSP Block since the DSP block registers only possess synchronous reset capability.  It is suggested to recode or change these registers to remove the reset or use a synchronous reset to get the best optimization for performance, power and area.
Related violations: <none>

DPIR-1#63 Warning
Asynchronous driver check  
DSP u_mwfil_chiftop/u_dut/u_fcc_fixpt/ARG0 input pin u_mwfil_chiftop/u_dut/u_fcc_fixpt/ARG0/A[22] is connected to registers with an asynchronous reset. This is preventing the possibility of merging these registers in to the DSP Block since the DSP block registers only possess synchronous reset capability.  It is suggested to recode or change these registers to remove the reset or use a synchronous reset to get the best optimization for performance, power and area.
Related violations: <none>

DPIR-1#64 Warning
Asynchronous driver check  
DSP u_mwfil_chiftop/u_dut/u_fcc_fixpt/ARG0 input pin u_mwfil_chiftop/u_dut/u_fcc_fixpt/ARG0/A[23] is connected to registers with an asynchronous reset. This is preventing the possibility of merging these registers in to the DSP Block since the DSP block registers only possess synchronous reset capability.  It is suggested to recode or change these registers to remove the reset or use a synchronous reset to get the best optimization for performance, power and area.
Related violations: <none>

DPIR-1#65 Warning
Asynchronous driver check  
DSP u_mwfil_chiftop/u_dut/u_fcc_fixpt/ARG0 input pin u_mwfil_chiftop/u_dut/u_fcc_fixpt/ARG0/A[24] is connected to registers with an asynchronous reset. This is preventing the possibility of merging these registers in to the DSP Block since the DSP block registers only possess synchronous reset capability.  It is suggested to recode or change these registers to remove the reset or use a synchronous reset to get the best optimization for performance, power and area.
Related violations: <none>

DPIR-1#66 Warning
Asynchronous driver check  
DSP u_mwfil_chiftop/u_dut/u_fcc_fixpt/ARG0 input pin u_mwfil_chiftop/u_dut/u_fcc_fixpt/ARG0/A[25] is connected to registers with an asynchronous reset. This is preventing the possibility of merging these registers in to the DSP Block since the DSP block registers only possess synchronous reset capability.  It is suggested to recode or change these registers to remove the reset or use a synchronous reset to get the best optimization for performance, power and area.
Related violations: <none>

DPIR-1#67 Warning
Asynchronous driver check  
DSP u_mwfil_chiftop/u_dut/u_fcc_fixpt/ARG0 input pin u_mwfil_chiftop/u_dut/u_fcc_fixpt/ARG0/A[26] is connected to registers with an asynchronous reset. This is preventing the possibility of merging these registers in to the DSP Block since the DSP block registers only possess synchronous reset capability.  It is suggested to recode or change these registers to remove the reset or use a synchronous reset to get the best optimization for performance, power and area.
Related violations: <none>

DPIR-1#68 Warning
Asynchronous driver check  
DSP u_mwfil_chiftop/u_dut/u_fcc_fixpt/ARG0 input pin u_mwfil_chiftop/u_dut/u_fcc_fixpt/ARG0/A[27] is connected to registers with an asynchronous reset. This is preventing the possibility of merging these registers in to the DSP Block since the DSP block registers only possess synchronous reset capability.  It is suggested to recode or change these registers to remove the reset or use a synchronous reset to get the best optimization for performance, power and area.
Related violations: <none>

DPIR-1#69 Warning
Asynchronous driver check  
DSP u_mwfil_chiftop/u_dut/u_fcc_fixpt/ARG0 input pin u_mwfil_chiftop/u_dut/u_fcc_fixpt/ARG0/A[28] is connected to registers with an asynchronous reset. This is preventing the possibility of merging these registers in to the DSP Block since the DSP block registers only possess synchronous reset capability.  It is suggested to recode or change these registers to remove the reset or use a synchronous reset to get the best optimization for performance, power and area.
Related violations: <none>

DPIR-1#70 Warning
Asynchronous driver check  
DSP u_mwfil_chiftop/u_dut/u_fcc_fixpt/ARG0 input pin u_mwfil_chiftop/u_dut/u_fcc_fixpt/ARG0/A[29] is connected to registers with an asynchronous reset. This is preventing the possibility of merging these registers in to the DSP Block since the DSP block registers only possess synchronous reset capability.  It is suggested to recode or change these registers to remove the reset or use a synchronous reset to get the best optimization for performance, power and area.
Related violations: <none>

DPIR-1#71 Warning
Asynchronous driver check  
DSP u_mwfil_chiftop/u_dut/u_fcc_fixpt/ARG0 input pin u_mwfil_chiftop/u_dut/u_fcc_fixpt/ARG0/A[2] is connected to registers with an asynchronous reset. This is preventing the possibility of merging these registers in to the DSP Block since the DSP block registers only possess synchronous reset capability.  It is suggested to recode or change these registers to remove the reset or use a synchronous reset to get the best optimization for performance, power and area.
Related violations: <none>

DPIR-1#72 Warning
Asynchronous driver check  
DSP u_mwfil_chiftop/u_dut/u_fcc_fixpt/ARG0 input pin u_mwfil_chiftop/u_dut/u_fcc_fixpt/ARG0/A[3] is connected to registers with an asynchronous reset. This is preventing the possibility of merging these registers in to the DSP Block since the DSP block registers only possess synchronous reset capability.  It is suggested to recode or change these registers to remove the reset or use a synchronous reset to get the best optimization for performance, power and area.
Related violations: <none>

DPIR-1#73 Warning
Asynchronous driver check  
DSP u_mwfil_chiftop/u_dut/u_fcc_fixpt/ARG0 input pin u_mwfil_chiftop/u_dut/u_fcc_fixpt/ARG0/A[4] is connected to registers with an asynchronous reset. This is preventing the possibility of merging these registers in to the DSP Block since the DSP block registers only possess synchronous reset capability.  It is suggested to recode or change these registers to remove the reset or use a synchronous reset to get the best optimization for performance, power and area.
Related violations: <none>

DPIR-1#74 Warning
Asynchronous driver check  
DSP u_mwfil_chiftop/u_dut/u_fcc_fixpt/ARG0 input pin u_mwfil_chiftop/u_dut/u_fcc_fixpt/ARG0/A[5] is connected to registers with an asynchronous reset. This is preventing the possibility of merging these registers in to the DSP Block since the DSP block registers only possess synchronous reset capability.  It is suggested to recode or change these registers to remove the reset or use a synchronous reset to get the best optimization for performance, power and area.
Related violations: <none>

DPIR-1#75 Warning
Asynchronous driver check  
DSP u_mwfil_chiftop/u_dut/u_fcc_fixpt/ARG0 input pin u_mwfil_chiftop/u_dut/u_fcc_fixpt/ARG0/A[6] is connected to registers with an asynchronous reset. This is preventing the possibility of merging these registers in to the DSP Block since the DSP block registers only possess synchronous reset capability.  It is suggested to recode or change these registers to remove the reset or use a synchronous reset to get the best optimization for performance, power and area.
Related violations: <none>

DPIR-1#76 Warning
Asynchronous driver check  
DSP u_mwfil_chiftop/u_dut/u_fcc_fixpt/ARG0 input pin u_mwfil_chiftop/u_dut/u_fcc_fixpt/ARG0/A[7] is connected to registers with an asynchronous reset. This is preventing the possibility of merging these registers in to the DSP Block since the DSP block registers only possess synchronous reset capability.  It is suggested to recode or change these registers to remove the reset or use a synchronous reset to get the best optimization for performance, power and area.
Related violations: <none>

DPIR-1#77 Warning
Asynchronous driver check  
DSP u_mwfil_chiftop/u_dut/u_fcc_fixpt/ARG0 input pin u_mwfil_chiftop/u_dut/u_fcc_fixpt/ARG0/A[8] is connected to registers with an asynchronous reset. This is preventing the possibility of merging these registers in to the DSP Block since the DSP block registers only possess synchronous reset capability.  It is suggested to recode or change these registers to remove the reset or use a synchronous reset to get the best optimization for performance, power and area.
Related violations: <none>

DPIR-1#78 Warning
Asynchronous driver check  
DSP u_mwfil_chiftop/u_dut/u_fcc_fixpt/ARG0 input pin u_mwfil_chiftop/u_dut/u_fcc_fixpt/ARG0/A[9] is connected to registers with an asynchronous reset. This is preventing the possibility of merging these registers in to the DSP Block since the DSP block registers only possess synchronous reset capability.  It is suggested to recode or change these registers to remove the reset or use a synchronous reset to get the best optimization for performance, power and area.
Related violations: <none>

DPIR-1#79 Warning
Asynchronous driver check  
DSP u_mwfil_chiftop/u_dut/u_fcc_fixpt/ARG0__0 input pin u_mwfil_chiftop/u_dut/u_fcc_fixpt/ARG0__0/B[0] is connected to registers with an asynchronous reset. This is preventing the possibility of merging these registers in to the DSP Block since the DSP block registers only possess synchronous reset capability.  It is suggested to recode or change these registers to remove the reset or use a synchronous reset to get the best optimization for performance, power and area.
Related violations: <none>

DPIR-1#80 Warning
Asynchronous driver check  
DSP u_mwfil_chiftop/u_dut/u_fcc_fixpt/ARG0__0 input pin u_mwfil_chiftop/u_dut/u_fcc_fixpt/ARG0__0/B[10] is connected to registers with an asynchronous reset. This is preventing the possibility of merging these registers in to the DSP Block since the DSP block registers only possess synchronous reset capability.  It is suggested to recode or change these registers to remove the reset or use a synchronous reset to get the best optimization for performance, power and area.
Related violations: <none>

DPIR-1#81 Warning
Asynchronous driver check  
DSP u_mwfil_chiftop/u_dut/u_fcc_fixpt/ARG0__0 input pin u_mwfil_chiftop/u_dut/u_fcc_fixpt/ARG0__0/B[11] is connected to registers with an asynchronous reset. This is preventing the possibility of merging these registers in to the DSP Block since the DSP block registers only possess synchronous reset capability.  It is suggested to recode or change these registers to remove the reset or use a synchronous reset to get the best optimization for performance, power and area.
Related violations: <none>

DPIR-1#82 Warning
Asynchronous driver check  
DSP u_mwfil_chiftop/u_dut/u_fcc_fixpt/ARG0__0 input pin u_mwfil_chiftop/u_dut/u_fcc_fixpt/ARG0__0/B[12] is connected to registers with an asynchronous reset. This is preventing the possibility of merging these registers in to the DSP Block since the DSP block registers only possess synchronous reset capability.  It is suggested to recode or change these registers to remove the reset or use a synchronous reset to get the best optimization for performance, power and area.
Related violations: <none>

DPIR-1#83 Warning
Asynchronous driver check  
DSP u_mwfil_chiftop/u_dut/u_fcc_fixpt/ARG0__0 input pin u_mwfil_chiftop/u_dut/u_fcc_fixpt/ARG0__0/B[13] is connected to registers with an asynchronous reset. This is preventing the possibility of merging these registers in to the DSP Block since the DSP block registers only possess synchronous reset capability.  It is suggested to recode or change these registers to remove the reset or use a synchronous reset to get the best optimization for performance, power and area.
Related violations: <none>

DPIR-1#84 Warning
Asynchronous driver check  
DSP u_mwfil_chiftop/u_dut/u_fcc_fixpt/ARG0__0 input pin u_mwfil_chiftop/u_dut/u_fcc_fixpt/ARG0__0/B[14] is connected to registers with an asynchronous reset. This is preventing the possibility of merging these registers in to the DSP Block since the DSP block registers only possess synchronous reset capability.  It is suggested to recode or change these registers to remove the reset or use a synchronous reset to get the best optimization for performance, power and area.
Related violations: <none>

DPIR-1#85 Warning
Asynchronous driver check  
DSP u_mwfil_chiftop/u_dut/u_fcc_fixpt/ARG0__0 input pin u_mwfil_chiftop/u_dut/u_fcc_fixpt/ARG0__0/B[15] is connected to registers with an asynchronous reset. This is preventing the possibility of merging these registers in to the DSP Block since the DSP block registers only possess synchronous reset capability.  It is suggested to recode or change these registers to remove the reset or use a synchronous reset to get the best optimization for performance, power and area.
Related violations: <none>

DPIR-1#86 Warning
Asynchronous driver check  
DSP u_mwfil_chiftop/u_dut/u_fcc_fixpt/ARG0__0 input pin u_mwfil_chiftop/u_dut/u_fcc_fixpt/ARG0__0/B[16] is connected to registers with an asynchronous reset. This is preventing the possibility of merging these registers in to the DSP Block since the DSP block registers only possess synchronous reset capability.  It is suggested to recode or change these registers to remove the reset or use a synchronous reset to get the best optimization for performance, power and area.
Related violations: <none>

DPIR-1#87 Warning
Asynchronous driver check  
DSP u_mwfil_chiftop/u_dut/u_fcc_fixpt/ARG0__0 input pin u_mwfil_chiftop/u_dut/u_fcc_fixpt/ARG0__0/B[1] is connected to registers with an asynchronous reset. This is preventing the possibility of merging these registers in to the DSP Block since the DSP block registers only possess synchronous reset capability.  It is suggested to recode or change these registers to remove the reset or use a synchronous reset to get the best optimization for performance, power and area.
Related violations: <none>

DPIR-1#88 Warning
Asynchronous driver check  
DSP u_mwfil_chiftop/u_dut/u_fcc_fixpt/ARG0__0 input pin u_mwfil_chiftop/u_dut/u_fcc_fixpt/ARG0__0/B[2] is connected to registers with an asynchronous reset. This is preventing the possibility of merging these registers in to the DSP Block since the DSP block registers only possess synchronous reset capability.  It is suggested to recode or change these registers to remove the reset or use a synchronous reset to get the best optimization for performance, power and area.
Related violations: <none>

DPIR-1#89 Warning
Asynchronous driver check  
DSP u_mwfil_chiftop/u_dut/u_fcc_fixpt/ARG0__0 input pin u_mwfil_chiftop/u_dut/u_fcc_fixpt/ARG0__0/B[3] is connected to registers with an asynchronous reset. This is preventing the possibility of merging these registers in to the DSP Block since the DSP block registers only possess synchronous reset capability.  It is suggested to recode or change these registers to remove the reset or use a synchronous reset to get the best optimization for performance, power and area.
Related violations: <none>

DPIR-1#90 Warning
Asynchronous driver check  
DSP u_mwfil_chiftop/u_dut/u_fcc_fixpt/ARG0__0 input pin u_mwfil_chiftop/u_dut/u_fcc_fixpt/ARG0__0/B[4] is connected to registers with an asynchronous reset. This is preventing the possibility of merging these registers in to the DSP Block since the DSP block registers only possess synchronous reset capability.  It is suggested to recode or change these registers to remove the reset or use a synchronous reset to get the best optimization for performance, power and area.
Related violations: <none>

DPIR-1#91 Warning
Asynchronous driver check  
DSP u_mwfil_chiftop/u_dut/u_fcc_fixpt/ARG0__0 input pin u_mwfil_chiftop/u_dut/u_fcc_fixpt/ARG0__0/B[5] is connected to registers with an asynchronous reset. This is preventing the possibility of merging these registers in to the DSP Block since the DSP block registers only possess synchronous reset capability.  It is suggested to recode or change these registers to remove the reset or use a synchronous reset to get the best optimization for performance, power and area.
Related violations: <none>

DPIR-1#92 Warning
Asynchronous driver check  
DSP u_mwfil_chiftop/u_dut/u_fcc_fixpt/ARG0__0 input pin u_mwfil_chiftop/u_dut/u_fcc_fixpt/ARG0__0/B[6] is connected to registers with an asynchronous reset. This is preventing the possibility of merging these registers in to the DSP Block since the DSP block registers only possess synchronous reset capability.  It is suggested to recode or change these registers to remove the reset or use a synchronous reset to get the best optimization for performance, power and area.
Related violations: <none>

DPIR-1#93 Warning
Asynchronous driver check  
DSP u_mwfil_chiftop/u_dut/u_fcc_fixpt/ARG0__0 input pin u_mwfil_chiftop/u_dut/u_fcc_fixpt/ARG0__0/B[7] is connected to registers with an asynchronous reset. This is preventing the possibility of merging these registers in to the DSP Block since the DSP block registers only possess synchronous reset capability.  It is suggested to recode or change these registers to remove the reset or use a synchronous reset to get the best optimization for performance, power and area.
Related violations: <none>

DPIR-1#94 Warning
Asynchronous driver check  
DSP u_mwfil_chiftop/u_dut/u_fcc_fixpt/ARG0__0 input pin u_mwfil_chiftop/u_dut/u_fcc_fixpt/ARG0__0/B[8] is connected to registers with an asynchronous reset. This is preventing the possibility of merging these registers in to the DSP Block since the DSP block registers only possess synchronous reset capability.  It is suggested to recode or change these registers to remove the reset or use a synchronous reset to get the best optimization for performance, power and area.
Related violations: <none>

DPIR-1#95 Warning
Asynchronous driver check  
DSP u_mwfil_chiftop/u_dut/u_fcc_fixpt/ARG0__0 input pin u_mwfil_chiftop/u_dut/u_fcc_fixpt/ARG0__0/B[9] is connected to registers with an asynchronous reset. This is preventing the possibility of merging these registers in to the DSP Block since the DSP block registers only possess synchronous reset capability.  It is suggested to recode or change these registers to remove the reset or use a synchronous reset to get the best optimization for performance, power and area.
Related violations: <none>

DPIR-1#96 Warning
Asynchronous driver check  
DSP u_mwfil_chiftop/u_dut/u_fcc_fixpt/ARG0__1 input pin u_mwfil_chiftop/u_dut/u_fcc_fixpt/ARG0__1/B[0] is connected to registers with an asynchronous reset. This is preventing the possibility of merging these registers in to the DSP Block since the DSP block registers only possess synchronous reset capability.  It is suggested to recode or change these registers to remove the reset or use a synchronous reset to get the best optimization for performance, power and area.
Related violations: <none>

DPIR-1#97 Warning
Asynchronous driver check  
DSP u_mwfil_chiftop/u_dut/u_fcc_fixpt/ARG0__1 input pin u_mwfil_chiftop/u_dut/u_fcc_fixpt/ARG0__1/B[10] is connected to registers with an asynchronous reset. This is preventing the possibility of merging these registers in to the DSP Block since the DSP block registers only possess synchronous reset capability.  It is suggested to recode or change these registers to remove the reset or use a synchronous reset to get the best optimization for performance, power and area.
Related violations: <none>

DPIR-1#98 Warning
Asynchronous driver check  
DSP u_mwfil_chiftop/u_dut/u_fcc_fixpt/ARG0__1 input pin u_mwfil_chiftop/u_dut/u_fcc_fixpt/ARG0__1/B[11] is connected to registers with an asynchronous reset. This is preventing the possibility of merging these registers in to the DSP Block since the DSP block registers only possess synchronous reset capability.  It is suggested to recode or change these registers to remove the reset or use a synchronous reset to get the best optimization for performance, power and area.
Related violations: <none>

DPIR-1#99 Warning
Asynchronous driver check  
DSP u_mwfil_chiftop/u_dut/u_fcc_fixpt/ARG0__1 input pin u_mwfil_chiftop/u_dut/u_fcc_fixpt/ARG0__1/B[12] is connected to registers with an asynchronous reset. This is preventing the possibility of merging these registers in to the DSP Block since the DSP block registers only possess synchronous reset capability.  It is suggested to recode or change these registers to remove the reset or use a synchronous reset to get the best optimization for performance, power and area.
Related violations: <none>

DPIR-1#100 Warning
Asynchronous driver check  
DSP u_mwfil_chiftop/u_dut/u_fcc_fixpt/ARG0__1 input pin u_mwfil_chiftop/u_dut/u_fcc_fixpt/ARG0__1/B[13] is connected to registers with an asynchronous reset. This is preventing the possibility of merging these registers in to the DSP Block since the DSP block registers only possess synchronous reset capability.  It is suggested to recode or change these registers to remove the reset or use a synchronous reset to get the best optimization for performance, power and area.
Related violations: <none>

DPIR-1#101 Warning
Asynchronous driver check  
DSP u_mwfil_chiftop/u_dut/u_fcc_fixpt/ARG0__1 input pin u_mwfil_chiftop/u_dut/u_fcc_fixpt/ARG0__1/B[14] is connected to registers with an asynchronous reset. This is preventing the possibility of merging these registers in to the DSP Block since the DSP block registers only possess synchronous reset capability.  It is suggested to recode or change these registers to remove the reset or use a synchronous reset to get the best optimization for performance, power and area.
Related violations: <none>

DPIR-1#102 Warning
Asynchronous driver check  
DSP u_mwfil_chiftop/u_dut/u_fcc_fixpt/ARG0__1 input pin u_mwfil_chiftop/u_dut/u_fcc_fixpt/ARG0__1/B[15] is connected to registers with an asynchronous reset. This is preventing the possibility of merging these registers in to the DSP Block since the DSP block registers only possess synchronous reset capability.  It is suggested to recode or change these registers to remove the reset or use a synchronous reset to get the best optimization for performance, power and area.
Related violations: <none>

DPIR-1#103 Warning
Asynchronous driver check  
DSP u_mwfil_chiftop/u_dut/u_fcc_fixpt/ARG0__1 input pin u_mwfil_chiftop/u_dut/u_fcc_fixpt/ARG0__1/B[16] is connected to registers with an asynchronous reset. This is preventing the possibility of merging these registers in to the DSP Block since the DSP block registers only possess synchronous reset capability.  It is suggested to recode or change these registers to remove the reset or use a synchronous reset to get the best optimization for performance, power and area.
Related violations: <none>

DPIR-1#104 Warning
Asynchronous driver check  
DSP u_mwfil_chiftop/u_dut/u_fcc_fixpt/ARG0__1 input pin u_mwfil_chiftop/u_dut/u_fcc_fixpt/ARG0__1/B[17] is connected to registers with an asynchronous reset. This is preventing the possibility of merging these registers in to the DSP Block since the DSP block registers only possess synchronous reset capability.  It is suggested to recode or change these registers to remove the reset or use a synchronous reset to get the best optimization for performance, power and area.
Related violations: <none>

DPIR-1#105 Warning
Asynchronous driver check  
DSP u_mwfil_chiftop/u_dut/u_fcc_fixpt/ARG0__1 input pin u_mwfil_chiftop/u_dut/u_fcc_fixpt/ARG0__1/B[1] is connected to registers with an asynchronous reset. This is preventing the possibility of merging these registers in to the DSP Block since the DSP block registers only possess synchronous reset capability.  It is suggested to recode or change these registers to remove the reset or use a synchronous reset to get the best optimization for performance, power and area.
Related violations: <none>

DPIR-1#106 Warning
Asynchronous driver check  
DSP u_mwfil_chiftop/u_dut/u_fcc_fixpt/ARG0__1 input pin u_mwfil_chiftop/u_dut/u_fcc_fixpt/ARG0__1/B[2] is connected to registers with an asynchronous reset. This is preventing the possibility of merging these registers in to the DSP Block since the DSP block registers only possess synchronous reset capability.  It is suggested to recode or change these registers to remove the reset or use a synchronous reset to get the best optimization for performance, power and area.
Related violations: <none>

DPIR-1#107 Warning
Asynchronous driver check  
DSP u_mwfil_chiftop/u_dut/u_fcc_fixpt/ARG0__1 input pin u_mwfil_chiftop/u_dut/u_fcc_fixpt/ARG0__1/B[3] is connected to registers with an asynchronous reset. This is preventing the possibility of merging these registers in to the DSP Block since the DSP block registers only possess synchronous reset capability.  It is suggested to recode or change these registers to remove the reset or use a synchronous reset to get the best optimization for performance, power and area.
Related violations: <none>

DPIR-1#108 Warning
Asynchronous driver check  
DSP u_mwfil_chiftop/u_dut/u_fcc_fixpt/ARG0__1 input pin u_mwfil_chiftop/u_dut/u_fcc_fixpt/ARG0__1/B[4] is connected to registers with an asynchronous reset. This is preventing the possibility of merging these registers in to the DSP Block since the DSP block registers only possess synchronous reset capability.  It is suggested to recode or change these registers to remove the reset or use a synchronous reset to get the best optimization for performance, power and area.
Related violations: <none>

DPIR-1#109 Warning
Asynchronous driver check  
DSP u_mwfil_chiftop/u_dut/u_fcc_fixpt/ARG0__1 input pin u_mwfil_chiftop/u_dut/u_fcc_fixpt/ARG0__1/B[5] is connected to registers with an asynchronous reset. This is preventing the possibility of merging these registers in to the DSP Block since the DSP block registers only possess synchronous reset capability.  It is suggested to recode or change these registers to remove the reset or use a synchronous reset to get the best optimization for performance, power and area.
Related violations: <none>

DPIR-1#110 Warning
Asynchronous driver check  
DSP u_mwfil_chiftop/u_dut/u_fcc_fixpt/ARG0__1 input pin u_mwfil_chiftop/u_dut/u_fcc_fixpt/ARG0__1/B[6] is connected to registers with an asynchronous reset. This is preventing the possibility of merging these registers in to the DSP Block since the DSP block registers only possess synchronous reset capability.  It is suggested to recode or change these registers to remove the reset or use a synchronous reset to get the best optimization for performance, power and area.
Related violations: <none>

DPIR-1#111 Warning
Asynchronous driver check  
DSP u_mwfil_chiftop/u_dut/u_fcc_fixpt/ARG0__1 input pin u_mwfil_chiftop/u_dut/u_fcc_fixpt/ARG0__1/B[7] is connected to registers with an asynchronous reset. This is preventing the possibility of merging these registers in to the DSP Block since the DSP block registers only possess synchronous reset capability.  It is suggested to recode or change these registers to remove the reset or use a synchronous reset to get the best optimization for performance, power and area.
Related violations: <none>

DPIR-1#112 Warning
Asynchronous driver check  
DSP u_mwfil_chiftop/u_dut/u_fcc_fixpt/ARG0__1 input pin u_mwfil_chiftop/u_dut/u_fcc_fixpt/ARG0__1/B[8] is connected to registers with an asynchronous reset. This is preventing the possibility of merging these registers in to the DSP Block since the DSP block registers only possess synchronous reset capability.  It is suggested to recode or change these registers to remove the reset or use a synchronous reset to get the best optimization for performance, power and area.
Related violations: <none>

DPIR-1#113 Warning
Asynchronous driver check  
DSP u_mwfil_chiftop/u_dut/u_fcc_fixpt/ARG0__1 input pin u_mwfil_chiftop/u_dut/u_fcc_fixpt/ARG0__1/B[9] is connected to registers with an asynchronous reset. This is preventing the possibility of merging these registers in to the DSP Block since the DSP block registers only possess synchronous reset capability.  It is suggested to recode or change these registers to remove the reset or use a synchronous reset to get the best optimization for performance, power and area.
Related violations: <none>

DPIR-1#114 Warning
Asynchronous driver check  
DSP u_mwfil_chiftop/u_dut/u_fcc_fixpt/ARG__0 input pin u_mwfil_chiftop/u_dut/u_fcc_fixpt/ARG__0/A[0] is connected to registers with an asynchronous reset. This is preventing the possibility of merging these registers in to the DSP Block since the DSP block registers only possess synchronous reset capability.  It is suggested to recode or change these registers to remove the reset or use a synchronous reset to get the best optimization for performance, power and area.
Related violations: <none>

DPIR-1#115 Warning
Asynchronous driver check  
DSP u_mwfil_chiftop/u_dut/u_fcc_fixpt/ARG__0 input pin u_mwfil_chiftop/u_dut/u_fcc_fixpt/ARG__0/A[10] is connected to registers with an asynchronous reset. This is preventing the possibility of merging these registers in to the DSP Block since the DSP block registers only possess synchronous reset capability.  It is suggested to recode or change these registers to remove the reset or use a synchronous reset to get the best optimization for performance, power and area.
Related violations: <none>

DPIR-1#116 Warning
Asynchronous driver check  
DSP u_mwfil_chiftop/u_dut/u_fcc_fixpt/ARG__0 input pin u_mwfil_chiftop/u_dut/u_fcc_fixpt/ARG__0/A[11] is connected to registers with an asynchronous reset. This is preventing the possibility of merging these registers in to the DSP Block since the DSP block registers only possess synchronous reset capability.  It is suggested to recode or change these registers to remove the reset or use a synchronous reset to get the best optimization for performance, power and area.
Related violations: <none>

DPIR-1#117 Warning
Asynchronous driver check  
DSP u_mwfil_chiftop/u_dut/u_fcc_fixpt/ARG__0 input pin u_mwfil_chiftop/u_dut/u_fcc_fixpt/ARG__0/A[12] is connected to registers with an asynchronous reset. This is preventing the possibility of merging these registers in to the DSP Block since the DSP block registers only possess synchronous reset capability.  It is suggested to recode or change these registers to remove the reset or use a synchronous reset to get the best optimization for performance, power and area.
Related violations: <none>

DPIR-1#118 Warning
Asynchronous driver check  
DSP u_mwfil_chiftop/u_dut/u_fcc_fixpt/ARG__0 input pin u_mwfil_chiftop/u_dut/u_fcc_fixpt/ARG__0/A[13] is connected to registers with an asynchronous reset. This is preventing the possibility of merging these registers in to the DSP Block since the DSP block registers only possess synchronous reset capability.  It is suggested to recode or change these registers to remove the reset or use a synchronous reset to get the best optimization for performance, power and area.
Related violations: <none>

DPIR-1#119 Warning
Asynchronous driver check  
DSP u_mwfil_chiftop/u_dut/u_fcc_fixpt/ARG__0 input pin u_mwfil_chiftop/u_dut/u_fcc_fixpt/ARG__0/A[14] is connected to registers with an asynchronous reset. This is preventing the possibility of merging these registers in to the DSP Block since the DSP block registers only possess synchronous reset capability.  It is suggested to recode or change these registers to remove the reset or use a synchronous reset to get the best optimization for performance, power and area.
Related violations: <none>

DPIR-1#120 Warning
Asynchronous driver check  
DSP u_mwfil_chiftop/u_dut/u_fcc_fixpt/ARG__0 input pin u_mwfil_chiftop/u_dut/u_fcc_fixpt/ARG__0/A[15] is connected to registers with an asynchronous reset. This is preventing the possibility of merging these registers in to the DSP Block since the DSP block registers only possess synchronous reset capability.  It is suggested to recode or change these registers to remove the reset or use a synchronous reset to get the best optimization for performance, power and area.
Related violations: <none>

DPIR-1#121 Warning
Asynchronous driver check  
DSP u_mwfil_chiftop/u_dut/u_fcc_fixpt/ARG__0 input pin u_mwfil_chiftop/u_dut/u_fcc_fixpt/ARG__0/A[16] is connected to registers with an asynchronous reset. This is preventing the possibility of merging these registers in to the DSP Block since the DSP block registers only possess synchronous reset capability.  It is suggested to recode or change these registers to remove the reset or use a synchronous reset to get the best optimization for performance, power and area.
Related violations: <none>

DPIR-1#122 Warning
Asynchronous driver check  
DSP u_mwfil_chiftop/u_dut/u_fcc_fixpt/ARG__0 input pin u_mwfil_chiftop/u_dut/u_fcc_fixpt/ARG__0/A[17] is connected to registers with an asynchronous reset. This is preventing the possibility of merging these registers in to the DSP Block since the DSP block registers only possess synchronous reset capability.  It is suggested to recode or change these registers to remove the reset or use a synchronous reset to get the best optimization for performance, power and area.
Related violations: <none>

DPIR-1#123 Warning
Asynchronous driver check  
DSP u_mwfil_chiftop/u_dut/u_fcc_fixpt/ARG__0 input pin u_mwfil_chiftop/u_dut/u_fcc_fixpt/ARG__0/A[18] is connected to registers with an asynchronous reset. This is preventing the possibility of merging these registers in to the DSP Block since the DSP block registers only possess synchronous reset capability.  It is suggested to recode or change these registers to remove the reset or use a synchronous reset to get the best optimization for performance, power and area.
Related violations: <none>

DPIR-1#124 Warning
Asynchronous driver check  
DSP u_mwfil_chiftop/u_dut/u_fcc_fixpt/ARG__0 input pin u_mwfil_chiftop/u_dut/u_fcc_fixpt/ARG__0/A[19] is connected to registers with an asynchronous reset. This is preventing the possibility of merging these registers in to the DSP Block since the DSP block registers only possess synchronous reset capability.  It is suggested to recode or change these registers to remove the reset or use a synchronous reset to get the best optimization for performance, power and area.
Related violations: <none>

DPIR-1#125 Warning
Asynchronous driver check  
DSP u_mwfil_chiftop/u_dut/u_fcc_fixpt/ARG__0 input pin u_mwfil_chiftop/u_dut/u_fcc_fixpt/ARG__0/A[1] is connected to registers with an asynchronous reset. This is preventing the possibility of merging these registers in to the DSP Block since the DSP block registers only possess synchronous reset capability.  It is suggested to recode or change these registers to remove the reset or use a synchronous reset to get the best optimization for performance, power and area.
Related violations: <none>

DPIR-1#126 Warning
Asynchronous driver check  
DSP u_mwfil_chiftop/u_dut/u_fcc_fixpt/ARG__0 input pin u_mwfil_chiftop/u_dut/u_fcc_fixpt/ARG__0/A[20] is connected to registers with an asynchronous reset. This is preventing the possibility of merging these registers in to the DSP Block since the DSP block registers only possess synchronous reset capability.  It is suggested to recode or change these registers to remove the reset or use a synchronous reset to get the best optimization for performance, power and area.
Related violations: <none>

DPIR-1#127 Warning
Asynchronous driver check  
DSP u_mwfil_chiftop/u_dut/u_fcc_fixpt/ARG__0 input pin u_mwfil_chiftop/u_dut/u_fcc_fixpt/ARG__0/A[21] is connected to registers with an asynchronous reset. This is preventing the possibility of merging these registers in to the DSP Block since the DSP block registers only possess synchronous reset capability.  It is suggested to recode or change these registers to remove the reset or use a synchronous reset to get the best optimization for performance, power and area.
Related violations: <none>

DPIR-1#128 Warning
Asynchronous driver check  
DSP u_mwfil_chiftop/u_dut/u_fcc_fixpt/ARG__0 input pin u_mwfil_chiftop/u_dut/u_fcc_fixpt/ARG__0/A[22] is connected to registers with an asynchronous reset. This is preventing the possibility of merging these registers in to the DSP Block since the DSP block registers only possess synchronous reset capability.  It is suggested to recode or change these registers to remove the reset or use a synchronous reset to get the best optimization for performance, power and area.
Related violations: <none>

DPIR-1#129 Warning
Asynchronous driver check  
DSP u_mwfil_chiftop/u_dut/u_fcc_fixpt/ARG__0 input pin u_mwfil_chiftop/u_dut/u_fcc_fixpt/ARG__0/A[23] is connected to registers with an asynchronous reset. This is preventing the possibility of merging these registers in to the DSP Block since the DSP block registers only possess synchronous reset capability.  It is suggested to recode or change these registers to remove the reset or use a synchronous reset to get the best optimization for performance, power and area.
Related violations: <none>

DPIR-1#130 Warning
Asynchronous driver check  
DSP u_mwfil_chiftop/u_dut/u_fcc_fixpt/ARG__0 input pin u_mwfil_chiftop/u_dut/u_fcc_fixpt/ARG__0/A[24] is connected to registers with an asynchronous reset. This is preventing the possibility of merging these registers in to the DSP Block since the DSP block registers only possess synchronous reset capability.  It is suggested to recode or change these registers to remove the reset or use a synchronous reset to get the best optimization for performance, power and area.
Related violations: <none>

DPIR-1#131 Warning
Asynchronous driver check  
DSP u_mwfil_chiftop/u_dut/u_fcc_fixpt/ARG__0 input pin u_mwfil_chiftop/u_dut/u_fcc_fixpt/ARG__0/A[25] is connected to registers with an asynchronous reset. This is preventing the possibility of merging these registers in to the DSP Block since the DSP block registers only possess synchronous reset capability.  It is suggested to recode or change these registers to remove the reset or use a synchronous reset to get the best optimization for performance, power and area.
Related violations: <none>

DPIR-1#132 Warning
Asynchronous driver check  
DSP u_mwfil_chiftop/u_dut/u_fcc_fixpt/ARG__0 input pin u_mwfil_chiftop/u_dut/u_fcc_fixpt/ARG__0/A[26] is connected to registers with an asynchronous reset. This is preventing the possibility of merging these registers in to the DSP Block since the DSP block registers only possess synchronous reset capability.  It is suggested to recode or change these registers to remove the reset or use a synchronous reset to get the best optimization for performance, power and area.
Related violations: <none>

DPIR-1#133 Warning
Asynchronous driver check  
DSP u_mwfil_chiftop/u_dut/u_fcc_fixpt/ARG__0 input pin u_mwfil_chiftop/u_dut/u_fcc_fixpt/ARG__0/A[27] is connected to registers with an asynchronous reset. This is preventing the possibility of merging these registers in to the DSP Block since the DSP block registers only possess synchronous reset capability.  It is suggested to recode or change these registers to remove the reset or use a synchronous reset to get the best optimization for performance, power and area.
Related violations: <none>

DPIR-1#134 Warning
Asynchronous driver check  
DSP u_mwfil_chiftop/u_dut/u_fcc_fixpt/ARG__0 input pin u_mwfil_chiftop/u_dut/u_fcc_fixpt/ARG__0/A[28] is connected to registers with an asynchronous reset. This is preventing the possibility of merging these registers in to the DSP Block since the DSP block registers only possess synchronous reset capability.  It is suggested to recode or change these registers to remove the reset or use a synchronous reset to get the best optimization for performance, power and area.
Related violations: <none>

DPIR-1#135 Warning
Asynchronous driver check  
DSP u_mwfil_chiftop/u_dut/u_fcc_fixpt/ARG__0 input pin u_mwfil_chiftop/u_dut/u_fcc_fixpt/ARG__0/A[29] is connected to registers with an asynchronous reset. This is preventing the possibility of merging these registers in to the DSP Block since the DSP block registers only possess synchronous reset capability.  It is suggested to recode or change these registers to remove the reset or use a synchronous reset to get the best optimization for performance, power and area.
Related violations: <none>

DPIR-1#136 Warning
Asynchronous driver check  
DSP u_mwfil_chiftop/u_dut/u_fcc_fixpt/ARG__0 input pin u_mwfil_chiftop/u_dut/u_fcc_fixpt/ARG__0/A[2] is connected to registers with an asynchronous reset. This is preventing the possibility of merging these registers in to the DSP Block since the DSP block registers only possess synchronous reset capability.  It is suggested to recode or change these registers to remove the reset or use a synchronous reset to get the best optimization for performance, power and area.
Related violations: <none>

DPIR-1#137 Warning
Asynchronous driver check  
DSP u_mwfil_chiftop/u_dut/u_fcc_fixpt/ARG__0 input pin u_mwfil_chiftop/u_dut/u_fcc_fixpt/ARG__0/A[3] is connected to registers with an asynchronous reset. This is preventing the possibility of merging these registers in to the DSP Block since the DSP block registers only possess synchronous reset capability.  It is suggested to recode or change these registers to remove the reset or use a synchronous reset to get the best optimization for performance, power and area.
Related violations: <none>

DPIR-1#138 Warning
Asynchronous driver check  
DSP u_mwfil_chiftop/u_dut/u_fcc_fixpt/ARG__0 input pin u_mwfil_chiftop/u_dut/u_fcc_fixpt/ARG__0/A[4] is connected to registers with an asynchronous reset. This is preventing the possibility of merging these registers in to the DSP Block since the DSP block registers only possess synchronous reset capability.  It is suggested to recode or change these registers to remove the reset or use a synchronous reset to get the best optimization for performance, power and area.
Related violations: <none>

DPIR-1#139 Warning
Asynchronous driver check  
DSP u_mwfil_chiftop/u_dut/u_fcc_fixpt/ARG__0 input pin u_mwfil_chiftop/u_dut/u_fcc_fixpt/ARG__0/A[5] is connected to registers with an asynchronous reset. This is preventing the possibility of merging these registers in to the DSP Block since the DSP block registers only possess synchronous reset capability.  It is suggested to recode or change these registers to remove the reset or use a synchronous reset to get the best optimization for performance, power and area.
Related violations: <none>

DPIR-1#140 Warning
Asynchronous driver check  
DSP u_mwfil_chiftop/u_dut/u_fcc_fixpt/ARG__0 input pin u_mwfil_chiftop/u_dut/u_fcc_fixpt/ARG__0/A[6] is connected to registers with an asynchronous reset. This is preventing the possibility of merging these registers in to the DSP Block since the DSP block registers only possess synchronous reset capability.  It is suggested to recode or change these registers to remove the reset or use a synchronous reset to get the best optimization for performance, power and area.
Related violations: <none>

DPIR-1#141 Warning
Asynchronous driver check  
DSP u_mwfil_chiftop/u_dut/u_fcc_fixpt/ARG__0 input pin u_mwfil_chiftop/u_dut/u_fcc_fixpt/ARG__0/A[7] is connected to registers with an asynchronous reset. This is preventing the possibility of merging these registers in to the DSP Block since the DSP block registers only possess synchronous reset capability.  It is suggested to recode or change these registers to remove the reset or use a synchronous reset to get the best optimization for performance, power and area.
Related violations: <none>

DPIR-1#142 Warning
Asynchronous driver check  
DSP u_mwfil_chiftop/u_dut/u_fcc_fixpt/ARG__0 input pin u_mwfil_chiftop/u_dut/u_fcc_fixpt/ARG__0/A[8] is connected to registers with an asynchronous reset. This is preventing the possibility of merging these registers in to the DSP Block since the DSP block registers only possess synchronous reset capability.  It is suggested to recode or change these registers to remove the reset or use a synchronous reset to get the best optimization for performance, power and area.
Related violations: <none>

DPIR-1#143 Warning
Asynchronous driver check  
DSP u_mwfil_chiftop/u_dut/u_fcc_fixpt/ARG__0 input pin u_mwfil_chiftop/u_dut/u_fcc_fixpt/ARG__0/A[9] is connected to registers with an asynchronous reset. This is preventing the possibility of merging these registers in to the DSP Block since the DSP block registers only possess synchronous reset capability.  It is suggested to recode or change these registers to remove the reset or use a synchronous reset to get the best optimization for performance, power and area.
Related violations: <none>

LUTAR-1#1 Warning
LUT drives async reset alert  
LUT cell u_jtag_mac/u_simcycle_fifo_i_1, with 2 or more inputs, drives asynchronous preset/clear pin(s) u_mwfil_chiftop/u_dut/u_fcc_fixpt/xXik_reg[0][1]/CLR,
u_mwfil_chiftop/u_dut/u_fcc_fixpt/xXik_reg[0][20]/CLR,
u_mwfil_chiftop/u_dut/u_fcc_fixpt/xXik_reg[0][21]/CLR,
u_mwfil_chiftop/u_dut/u_fcc_fixpt/xXik_reg[0][22]/CLR,
u_mwfil_chiftop/u_dut/u_fcc_fixpt/xXik_reg[0][23]/CLR,
u_mwfil_chiftop/u_dut/u_fcc_fixpt/xXik_reg[0][24]/CLR,
u_mwfil_chiftop/u_dut/u_fcc_fixpt/xXik_reg[0][25]/CLR,
u_mwfil_chiftop/u_dut/u_fcc_fixpt/xXik_reg[0][2]/CLR,
u_mwfil_chiftop/u_dut/u_fcc_fixpt/xXik_reg[0][3]/CLR,
u_mwfil_chiftop/u_dut/u_fcc_fixpt/xXik_reg[0][4]/CLR,
u_mwfil_chiftop/u_dut/u_fcc_fixpt/xXik_reg[0][5]/CLR,
u_mwfil_chiftop/u_dut/u_fcc_fixpt/xXik_reg[0][6]/CLR,
u_mwfil_chiftop/u_dut/u_fcc_fixpt/xXik_reg[0][7]/CLR,
u_mwfil_chiftop/u_dut/u_fcc_fixpt/xXik_reg[0][8]/CLR,
u_mwfil_chiftop/u_dut/u_fcc_fixpt/xXik_reg[0][9]/CLR
 (the first 15 of 88 listed). The LUT may glitch and trigger an unexpected reset, even if it is a properly timed path.
Related violations: <none>

PDRC-190#1 Warning
Suboptimally placed synchronized register chain  
The FDRE cell u_jtag_mac/u_post_chif_fifo/u_jtag_mac_fifo/U0/inst_fifo_gen/gconvfifo.rf/grf.rf/rstblk/grstd1.grst_full.grst_f.rst_d2_reg in site SLICE_X1Y75 is part of a synchronized register chain that is suboptimally placed as the load FDSE cell u_jtag_mac/u_post_chif_fifo/u_jtag_mac_fifo/U0/inst_fifo_gen/gconvfifo.rf/grf.rf/rstblk/grstd1.grst_full.grst_f.rst_d3_reg is not placed in the same (SLICE) site.
Related violations: <none>

PDRC-190#2 Warning
Suboptimally placed synchronized register chain  
The FDRE cell u_jtag_mac/u_pre_chif_fifo/u_jtag_mac_fifo/U0/inst_fifo_gen/gconvfifo.rf/grf.rf/rstblk/grstd1.grst_full.grst_f.rst_d2_reg in site SLICE_X11Y73 is part of a synchronized register chain that is suboptimally placed as the load FDSE cell u_jtag_mac/u_pre_chif_fifo/u_jtag_mac_fifo/U0/inst_fifo_gen/gconvfifo.rf/grf.rf/rstblk/grstd1.grst_full.grst_f.rst_d3_reg is not placed in the same (SLICE) site.
Related violations: <none>

TIMING-9#1 Warning
Unknown CDC Logic  
One or more asynchronous Clock Domain Crossing has been detected between 2 clock domains through a set_false_path or a set_clock_groups or set_max_delay -datapath_only constraint but no double-registers logic synchronizer has been found on the side of the capture clock. It is recommended to run report_cdc for a complete and detailed CDC coverage. Please consider using XPM_CDC to avoid Critical severities
Related violations: <none>

TIMING-24#1 Warning
Overridden Max delay datapath only  
An asynchronous set_clock_groups or a set_false path (see constraint position 5 in the Timing Constraints window in Vivado IDE) between clocks TCK and clk_out1_clk_wiz_0 overrides a set_max_delay -datapath_only (position 12). It is not recommended to override a set_max_delay -datapath_only constraint. Replace the set_clock_groups or set_false_path between clocks with point-to-point set_false_path constraints
Related violations: <none>

TIMING-24#2 Warning
Overridden Max delay datapath only  
An asynchronous set_clock_groups or a set_false path (see constraint position 5 in the Timing Constraints window in Vivado IDE) between clocks TCK and clk_out1_clk_wiz_0 overrides a set_max_delay -datapath_only (position 16). It is not recommended to override a set_max_delay -datapath_only constraint. Replace the set_clock_groups or set_false_path between clocks with point-to-point set_false_path constraints
Related violations: <none>

TIMING-24#3 Warning
Overridden Max delay datapath only  
An asynchronous set_clock_groups or a set_false path (see constraint position 5 in the Timing Constraints window in Vivado IDE) between clocks TCK and clk_out1_clk_wiz_0 overrides a set_max_delay -datapath_only (position 6). It is not recommended to override a set_max_delay -datapath_only constraint. Replace the set_clock_groups or set_false_path between clocks with point-to-point set_false_path constraints
Related violations: <none>

TIMING-24#4 Warning
Overridden Max delay datapath only  
An asynchronous set_clock_groups or a set_false path (see constraint position 5 in the Timing Constraints window in Vivado IDE) between clocks clk_out1_clk_wiz_0 and TCK overrides a set_max_delay -datapath_only (position 10). It is not recommended to override a set_max_delay -datapath_only constraint. Replace the set_clock_groups or set_false_path between clocks with point-to-point set_false_path constraints
Related violations: <none>

TIMING-24#5 Warning
Overridden Max delay datapath only  
An asynchronous set_clock_groups or a set_false path (see constraint position 5 in the Timing Constraints window in Vivado IDE) between clocks clk_out1_clk_wiz_0 and TCK overrides a set_max_delay -datapath_only (position 14). It is not recommended to override a set_max_delay -datapath_only constraint. Replace the set_clock_groups or set_false_path between clocks with point-to-point set_false_path constraints
Related violations: <none>

TIMING-24#6 Warning
Overridden Max delay datapath only  
An asynchronous set_clock_groups or a set_false path (see constraint position 5 in the Timing Constraints window in Vivado IDE) between clocks clk_out1_clk_wiz_0 and TCK overrides a set_max_delay -datapath_only (position 8). It is not recommended to override a set_max_delay -datapath_only constraint. Replace the set_clock_groups or set_false_path between clocks with point-to-point set_false_path constraints
Related violations: <none>

XDCC-1#1 Warning
Scoped Clock constraint overwritten with the same name  
A new clock constraint create_clock overrides a previous scoped clock constraint with the same name. It is not recommended to override a scoped (typically an IP) clock constraint and could result in unexpected behaviors.
New: create_clock -period 10.000 -name sysclk -waveform {0.000 5.000} [get_ports sysclk] (Source: C:/Users/llillo/Desktop/cosas_ordenadas/uni/memoria/fcc/HDL_original/Gold_Ref_22_14/fcc_fixpt_fil/filsrc/fcc_fixpt_fil.xdc (Line: 1))
Previous: create_clock -period 10.000 [get_ports sysclk] (Source: c:/Users/llillo/Desktop/cosas_ordenadas/uni/memoria/fcc/HDL_original/Gold_Ref_22_14/fcc_fixpt_fil/fpgaproj/fcc_fixpt_fil.gen/sources_1/ip/clk_wiz_0/clk_wiz_0.xdc (Line: 56))
Related violations: <none>

XDCC-7#1 Warning
Scoped Clock constraint overwritten on the same source  
A new clock constraint create_clock overrides a previous scoped clock constraint defined on the same source. It is not recommended to override a scoped (typically an IP) clock constraint and could result in unexpected behaviors.
New: create_clock -period 10.000 -name sysclk -waveform {0.000 5.000} [get_ports sysclk] (Source: C:/Users/llillo/Desktop/cosas_ordenadas/uni/memoria/fcc/HDL_original/Gold_Ref_22_14/fcc_fixpt_fil/filsrc/fcc_fixpt_fil.xdc (Line: 1))
Previous: create_clock -period 10.000 [get_ports sysclk] (Source: c:/Users/llillo/Desktop/cosas_ordenadas/uni/memoria/fcc/HDL_original/Gold_Ref_22_14/fcc_fixpt_fil/fpgaproj/fcc_fixpt_fil.gen/sources_1/ip/clk_wiz_0/clk_wiz_0.xdc (Line: 56))
Related violations: <none>


