Copyright 1986-2022 Xilinx, Inc. All Rights Reserved. Copyright 2022-2023 Advanced Micro Devices, Inc. All Rights Reserved.
---------------------------------------------------------------------------------------------------------------------------------------------
| Tool Version : Vivado v.2023.1 (win64) Build 3865809 Sun May  7 15:05:29 MDT 2023
| Date         : Mon Dec  1 15:49:45 2025
| Host         : DESKTOP-2HRT285 running 64-bit major release  (build 9200)
| Command      : report_drc -file fcc_fixpt_fil_drc_opted.rpt -pb fcc_fixpt_fil_drc_opted.pb -rpx fcc_fixpt_fil_drc_opted.rpx
| Design       : fcc_fixpt_fil
| Device       : xc7a100tcsg324-1
| Speed File   : -1
| Design State : Synthesized
---------------------------------------------------------------------------------------------------------------------------------------------

Report DRC

Table of Contents
-----------------
1. REPORT SUMMARY
2. REPORT DETAILS

1. REPORT SUMMARY
-----------------
            Netlist: netlist
          Floorplan: design_1
      Design limits: <entire design considered>
           Ruledeck: default
             Max violations: <unlimited>
             Violations found: 48
+----------+----------+-----------------------------------------------------+------------+
| Rule     | Severity | Description                                         | Violations |
+----------+----------+-----------------------------------------------------+------------+
| CFGBVS-1 | Warning  | Missing CFGBVS and CONFIG_VOLTAGE Design Properties | 1          |
| DPIP-1   | Warning  | Input pipelining                                    | 9          |
| DPOP-1   | Warning  | PREG Output pipelining                              | 9          |
| DPOP-2   | Warning  | MREG Output pipelining                              | 9          |
| DPOR-1   | Warning  | Asynchronous load check                             | 19         |
| DPREG-4  | Warning  | DSP48E1_PregDynOpmodeZmuxP:                         | 1          |
+----------+----------+-----------------------------------------------------+------------+

2. REPORT DETAILS
-----------------
CFGBVS-1#1 Warning
Missing CFGBVS and CONFIG_VOLTAGE Design Properties  
Neither the CFGBVS nor CONFIG_VOLTAGE voltage property is set in the current_design.  Configuration bank voltage select (CFGBVS) must be set to VCCO or GND, and CONFIG_VOLTAGE must be set to the correct configuration voltage, in order to determine the I/O voltage support for the pins in bank 0.  It is suggested to specify these either using the 'Edit Device Properties' function in the GUI or directly in the XDC file using the following syntax:

 set_property CFGBVS value1 [current_design]
 #where value1 is either VCCO or GND

 set_property CONFIG_VOLTAGE value2 [current_design]
 #where value2 is the voltage provided to configuration bank 0

Refer to the device configuration user guide for more information.
Related violations: <none>

DPIP-1#1 Warning
Input pipelining  
DSP u_mwfil_chiftop/u_dut/p_1_out input u_mwfil_chiftop/u_dut/p_1_out/B[17:0] is not pipelined. Pipelining DSP48 input will improve performance.
Related violations: <none>

DPIP-1#2 Warning
Input pipelining  
DSP u_mwfil_chiftop/u_dut/u_fcc_fixpt/ARG input u_mwfil_chiftop/u_dut/u_fcc_fixpt/ARG/A[29:0] is not pipelined. Pipelining DSP48 input will improve performance.
Related violations: <none>

DPIP-1#3 Warning
Input pipelining  
DSP u_mwfil_chiftop/u_dut/u_fcc_fixpt/ARG0 input u_mwfil_chiftop/u_dut/u_fcc_fixpt/ARG0/A[29:0] is not pipelined. Pipelining DSP48 input will improve performance.
Related violations: <none>

DPIP-1#4 Warning
Input pipelining  
DSP u_mwfil_chiftop/u_dut/u_fcc_fixpt/ARG0__0 input u_mwfil_chiftop/u_dut/u_fcc_fixpt/ARG0__0/B[17:0] is not pipelined. Pipelining DSP48 input will improve performance.
Related violations: <none>

DPIP-1#5 Warning
Input pipelining  
DSP u_mwfil_chiftop/u_dut/u_fcc_fixpt/ARG0__1 input u_mwfil_chiftop/u_dut/u_fcc_fixpt/ARG0__1/B[17:0] is not pipelined. Pipelining DSP48 input will improve performance.
Related violations: <none>

DPIP-1#6 Warning
Input pipelining  
DSP u_mwfil_chiftop/u_dut/u_fcc_fixpt/ARG__0 input u_mwfil_chiftop/u_dut/u_fcc_fixpt/ARG__0/A[29:0] is not pipelined. Pipelining DSP48 input will improve performance.
Related violations: <none>

DPIP-1#7 Warning
Input pipelining  
DSP u_mwfil_chiftop/u_dut/u_fcc_fixpt/RESIZE0 input u_mwfil_chiftop/u_dut/u_fcc_fixpt/RESIZE0/A[29:0] is not pipelined. Pipelining DSP48 input will improve performance.
Related violations: <none>

DPIP-1#8 Warning
Input pipelining  
DSP u_mwfil_chiftop/u_dut/u_fcc_fixpt/p20D2_aux_mul_temp input u_mwfil_chiftop/u_dut/u_fcc_fixpt/p20D2_aux_mul_temp/A[29:0] is not pipelined. Pipelining DSP48 input will improve performance.
Related violations: <none>

DPIP-1#9 Warning
Input pipelining  
DSP u_mwfil_chiftop/u_dut/u_fcc_fixpt/p22D1_aux_mul_temp input u_mwfil_chiftop/u_dut/u_fcc_fixpt/p22D1_aux_mul_temp/A[29:0] is not pipelined. Pipelining DSP48 input will improve performance.
Related violations: <none>

DPOP-1#1 Warning
PREG Output pipelining  
DSP u_mwfil_chiftop/u_dut/p_1_out output u_mwfil_chiftop/u_dut/p_1_out/P[47:0] is not pipelined (PREG=0). Pipelining the DSP48 output will improve performance and often saves power so it is suggested whenever possible to fully pipeline this function.  If this DSP48 function was inferred, it is suggested to describe an additional register stage after this function.  If the DSP48 was instantiated in the design, it is suggested to set the PREG attribute to 1.
Related violations: <none>

DPOP-1#2 Warning
PREG Output pipelining  
DSP u_mwfil_chiftop/u_dut/u_fcc_fixpt/ARG output u_mwfil_chiftop/u_dut/u_fcc_fixpt/ARG/P[47:0] is not pipelined (PREG=0). Pipelining the DSP48 output will improve performance and often saves power so it is suggested whenever possible to fully pipeline this function.  If this DSP48 function was inferred, it is suggested to describe an additional register stage after this function.  If the DSP48 was instantiated in the design, it is suggested to set the PREG attribute to 1.
Related violations: <none>

DPOP-1#3 Warning
PREG Output pipelining  
DSP u_mwfil_chiftop/u_dut/u_fcc_fixpt/ARG0 output u_mwfil_chiftop/u_dut/u_fcc_fixpt/ARG0/P[47:0] is not pipelined (PREG=0). Pipelining the DSP48 output will improve performance and often saves power so it is suggested whenever possible to fully pipeline this function.  If this DSP48 function was inferred, it is suggested to describe an additional register stage after this function.  If the DSP48 was instantiated in the design, it is suggested to set the PREG attribute to 1.
Related violations: <none>

DPOP-1#4 Warning
PREG Output pipelining  
DSP u_mwfil_chiftop/u_dut/u_fcc_fixpt/ARG0__0 output u_mwfil_chiftop/u_dut/u_fcc_fixpt/ARG0__0/P[47:0] is not pipelined (PREG=0). Pipelining the DSP48 output will improve performance and often saves power so it is suggested whenever possible to fully pipeline this function.  If this DSP48 function was inferred, it is suggested to describe an additional register stage after this function.  If the DSP48 was instantiated in the design, it is suggested to set the PREG attribute to 1.
Related violations: <none>

DPOP-1#5 Warning
PREG Output pipelining  
DSP u_mwfil_chiftop/u_dut/u_fcc_fixpt/ARG0__1 output u_mwfil_chiftop/u_dut/u_fcc_fixpt/ARG0__1/P[47:0] is not pipelined (PREG=0). Pipelining the DSP48 output will improve performance and often saves power so it is suggested whenever possible to fully pipeline this function.  If this DSP48 function was inferred, it is suggested to describe an additional register stage after this function.  If the DSP48 was instantiated in the design, it is suggested to set the PREG attribute to 1.
Related violations: <none>

DPOP-1#6 Warning
PREG Output pipelining  
DSP u_mwfil_chiftop/u_dut/u_fcc_fixpt/ARG__0 output u_mwfil_chiftop/u_dut/u_fcc_fixpt/ARG__0/P[47:0] is not pipelined (PREG=0). Pipelining the DSP48 output will improve performance and often saves power so it is suggested whenever possible to fully pipeline this function.  If this DSP48 function was inferred, it is suggested to describe an additional register stage after this function.  If the DSP48 was instantiated in the design, it is suggested to set the PREG attribute to 1.
Related violations: <none>

DPOP-1#7 Warning
PREG Output pipelining  
DSP u_mwfil_chiftop/u_dut/u_fcc_fixpt/RESIZE0 output u_mwfil_chiftop/u_dut/u_fcc_fixpt/RESIZE0/P[47:0] is not pipelined (PREG=0). Pipelining the DSP48 output will improve performance and often saves power so it is suggested whenever possible to fully pipeline this function.  If this DSP48 function was inferred, it is suggested to describe an additional register stage after this function.  If the DSP48 was instantiated in the design, it is suggested to set the PREG attribute to 1.
Related violations: <none>

DPOP-1#8 Warning
PREG Output pipelining  
DSP u_mwfil_chiftop/u_dut/u_fcc_fixpt/p20D2_aux_mul_temp output u_mwfil_chiftop/u_dut/u_fcc_fixpt/p20D2_aux_mul_temp/P[47:0] is not pipelined (PREG=0). Pipelining the DSP48 output will improve performance and often saves power so it is suggested whenever possible to fully pipeline this function.  If this DSP48 function was inferred, it is suggested to describe an additional register stage after this function.  If the DSP48 was instantiated in the design, it is suggested to set the PREG attribute to 1.
Related violations: <none>

DPOP-1#9 Warning
PREG Output pipelining  
DSP u_mwfil_chiftop/u_dut/u_fcc_fixpt/p22D1_aux_mul_temp output u_mwfil_chiftop/u_dut/u_fcc_fixpt/p22D1_aux_mul_temp/P[47:0] is not pipelined (PREG=0). Pipelining the DSP48 output will improve performance and often saves power so it is suggested whenever possible to fully pipeline this function.  If this DSP48 function was inferred, it is suggested to describe an additional register stage after this function.  If the DSP48 was instantiated in the design, it is suggested to set the PREG attribute to 1.
Related violations: <none>

DPOP-2#1 Warning
MREG Output pipelining  
DSP u_mwfil_chiftop/u_dut/p_1_out multiplier stage u_mwfil_chiftop/u_dut/p_1_out/P[47:0] is not pipelined (MREG=0). Pipelining the multiplier function will improve performance and will save significant power so it is suggested whenever possible to fully pipeline this function.  If this multiplier was inferred, it is suggested to describe an additional register stage after this function.  If there is no registered adder/accumulator following the multiply function, two pipeline stages are suggested to allow both the MREG and PREG registers to be used.  If the DSP48 was instantiated in the design, it is suggested to set both the MREG and PREG attributes to 1 when performing multiply functions.
Related violations: <none>

DPOP-2#2 Warning
MREG Output pipelining  
DSP u_mwfil_chiftop/u_dut/u_fcc_fixpt/ARG multiplier stage u_mwfil_chiftop/u_dut/u_fcc_fixpt/ARG/P[47:0] is not pipelined (MREG=0). Pipelining the multiplier function will improve performance and will save significant power so it is suggested whenever possible to fully pipeline this function.  If this multiplier was inferred, it is suggested to describe an additional register stage after this function.  If there is no registered adder/accumulator following the multiply function, two pipeline stages are suggested to allow both the MREG and PREG registers to be used.  If the DSP48 was instantiated in the design, it is suggested to set both the MREG and PREG attributes to 1 when performing multiply functions.
Related violations: <none>

DPOP-2#3 Warning
MREG Output pipelining  
DSP u_mwfil_chiftop/u_dut/u_fcc_fixpt/ARG0 multiplier stage u_mwfil_chiftop/u_dut/u_fcc_fixpt/ARG0/P[47:0] is not pipelined (MREG=0). Pipelining the multiplier function will improve performance and will save significant power so it is suggested whenever possible to fully pipeline this function.  If this multiplier was inferred, it is suggested to describe an additional register stage after this function.  If there is no registered adder/accumulator following the multiply function, two pipeline stages are suggested to allow both the MREG and PREG registers to be used.  If the DSP48 was instantiated in the design, it is suggested to set both the MREG and PREG attributes to 1 when performing multiply functions.
Related violations: <none>

DPOP-2#4 Warning
MREG Output pipelining  
DSP u_mwfil_chiftop/u_dut/u_fcc_fixpt/ARG0__0 multiplier stage u_mwfil_chiftop/u_dut/u_fcc_fixpt/ARG0__0/P[47:0] is not pipelined (MREG=0). Pipelining the multiplier function will improve performance and will save significant power so it is suggested whenever possible to fully pipeline this function.  If this multiplier was inferred, it is suggested to describe an additional register stage after this function.  If there is no registered adder/accumulator following the multiply function, two pipeline stages are suggested to allow both the MREG and PREG registers to be used.  If the DSP48 was instantiated in the design, it is suggested to set both the MREG and PREG attributes to 1 when performing multiply functions.
Related violations: <none>

DPOP-2#5 Warning
MREG Output pipelining  
DSP u_mwfil_chiftop/u_dut/u_fcc_fixpt/ARG0__1 multiplier stage u_mwfil_chiftop/u_dut/u_fcc_fixpt/ARG0__1/P[47:0] is not pipelined (MREG=0). Pipelining the multiplier function will improve performance and will save significant power so it is suggested whenever possible to fully pipeline this function.  If this multiplier was inferred, it is suggested to describe an additional register stage after this function.  If there is no registered adder/accumulator following the multiply function, two pipeline stages are suggested to allow both the MREG and PREG registers to be used.  If the DSP48 was instantiated in the design, it is suggested to set both the MREG and PREG attributes to 1 when performing multiply functions.
Related violations: <none>

DPOP-2#6 Warning
MREG Output pipelining  
DSP u_mwfil_chiftop/u_dut/u_fcc_fixpt/ARG__0 multiplier stage u_mwfil_chiftop/u_dut/u_fcc_fixpt/ARG__0/P[47:0] is not pipelined (MREG=0). Pipelining the multiplier function will improve performance and will save significant power so it is suggested whenever possible to fully pipeline this function.  If this multiplier was inferred, it is suggested to describe an additional register stage after this function.  If there is no registered adder/accumulator following the multiply function, two pipeline stages are suggested to allow both the MREG and PREG registers to be used.  If the DSP48 was instantiated in the design, it is suggested to set both the MREG and PREG attributes to 1 when performing multiply functions.
Related violations: <none>

DPOP-2#7 Warning
MREG Output pipelining  
DSP u_mwfil_chiftop/u_dut/u_fcc_fixpt/RESIZE0 multiplier stage u_mwfil_chiftop/u_dut/u_fcc_fixpt/RESIZE0/P[47:0] is not pipelined (MREG=0). Pipelining the multiplier function will improve performance and will save significant power so it is suggested whenever possible to fully pipeline this function.  If this multiplier was inferred, it is suggested to describe an additional register stage after this function.  If there is no registered adder/accumulator following the multiply function, two pipeline stages are suggested to allow both the MREG and PREG registers to be used.  If the DSP48 was instantiated in the design, it is suggested to set both the MREG and PREG attributes to 1 when performing multiply functions.
Related violations: <none>

DPOP-2#8 Warning
MREG Output pipelining  
DSP u_mwfil_chiftop/u_dut/u_fcc_fixpt/p20D2_aux_mul_temp multiplier stage u_mwfil_chiftop/u_dut/u_fcc_fixpt/p20D2_aux_mul_temp/P[47:0] is not pipelined (MREG=0). Pipelining the multiplier function will improve performance and will save significant power so it is suggested whenever possible to fully pipeline this function.  If this multiplier was inferred, it is suggested to describe an additional register stage after this function.  If there is no registered adder/accumulator following the multiply function, two pipeline stages are suggested to allow both the MREG and PREG registers to be used.  If the DSP48 was instantiated in the design, it is suggested to set both the MREG and PREG attributes to 1 when performing multiply functions.
Related violations: <none>

DPOP-2#9 Warning
MREG Output pipelining  
DSP u_mwfil_chiftop/u_dut/u_fcc_fixpt/p22D1_aux_mul_temp multiplier stage u_mwfil_chiftop/u_dut/u_fcc_fixpt/p22D1_aux_mul_temp/P[47:0] is not pipelined (MREG=0). Pipelining the multiplier function will improve performance and will save significant power so it is suggested whenever possible to fully pipeline this function.  If this multiplier was inferred, it is suggested to describe an additional register stage after this function.  If there is no registered adder/accumulator following the multiply function, two pipeline stages are suggested to allow both the MREG and PREG registers to be used.  If the DSP48 was instantiated in the design, it is suggested to set both the MREG and PREG attributes to 1 when performing multiply functions.
Related violations: <none>

DPOR-1#1 Warning
Asynchronous load check  
DSP u_mwfil_chiftop/u_dut/u_fcc_fixpt/RESIZE0 output is connected to registers with an asynchronous reset (u_mwfil_chiftop/u_dut/u_fcc_fixpt/xUik_5_reg[0][0]). This is preventing the possibility of merging these registers in to the DSP Block since the DSP block registers only possess synchronous reset capability.  It is suggested to recode or change these registers to remove the reset or use a synchronous reset to get the best optimization for performance, power and area.
Related violations: <none>

DPOR-1#2 Warning
Asynchronous load check  
DSP u_mwfil_chiftop/u_dut/u_fcc_fixpt/RESIZE0 output is connected to registers with an asynchronous reset (u_mwfil_chiftop/u_dut/u_fcc_fixpt/xUik_5_reg[0][10]). This is preventing the possibility of merging these registers in to the DSP Block since the DSP block registers only possess synchronous reset capability.  It is suggested to recode or change these registers to remove the reset or use a synchronous reset to get the best optimization for performance, power and area.
Related violations: <none>

DPOR-1#3 Warning
Asynchronous load check  
DSP u_mwfil_chiftop/u_dut/u_fcc_fixpt/RESIZE0 output is connected to registers with an asynchronous reset (u_mwfil_chiftop/u_dut/u_fcc_fixpt/xUik_5_reg[0][11]). This is preventing the possibility of merging these registers in to the DSP Block since the DSP block registers only possess synchronous reset capability.  It is suggested to recode or change these registers to remove the reset or use a synchronous reset to get the best optimization for performance, power and area.
Related violations: <none>

DPOR-1#4 Warning
Asynchronous load check  
DSP u_mwfil_chiftop/u_dut/u_fcc_fixpt/RESIZE0 output is connected to registers with an asynchronous reset (u_mwfil_chiftop/u_dut/u_fcc_fixpt/xUik_5_reg[0][12]). This is preventing the possibility of merging these registers in to the DSP Block since the DSP block registers only possess synchronous reset capability.  It is suggested to recode or change these registers to remove the reset or use a synchronous reset to get the best optimization for performance, power and area.
Related violations: <none>

DPOR-1#5 Warning
Asynchronous load check  
DSP u_mwfil_chiftop/u_dut/u_fcc_fixpt/RESIZE0 output is connected to registers with an asynchronous reset (u_mwfil_chiftop/u_dut/u_fcc_fixpt/xUik_5_reg[0][13]). This is preventing the possibility of merging these registers in to the DSP Block since the DSP block registers only possess synchronous reset capability.  It is suggested to recode or change these registers to remove the reset or use a synchronous reset to get the best optimization for performance, power and area.
Related violations: <none>

DPOR-1#6 Warning
Asynchronous load check  
DSP u_mwfil_chiftop/u_dut/u_fcc_fixpt/RESIZE0 output is connected to registers with an asynchronous reset (u_mwfil_chiftop/u_dut/u_fcc_fixpt/xUik_5_reg[0][14]). This is preventing the possibility of merging these registers in to the DSP Block since the DSP block registers only possess synchronous reset capability.  It is suggested to recode or change these registers to remove the reset or use a synchronous reset to get the best optimization for performance, power and area.
Related violations: <none>

DPOR-1#7 Warning
Asynchronous load check  
DSP u_mwfil_chiftop/u_dut/u_fcc_fixpt/RESIZE0 output is connected to registers with an asynchronous reset (u_mwfil_chiftop/u_dut/u_fcc_fixpt/xUik_5_reg[0][15]). This is preventing the possibility of merging these registers in to the DSP Block since the DSP block registers only possess synchronous reset capability.  It is suggested to recode or change these registers to remove the reset or use a synchronous reset to get the best optimization for performance, power and area.
Related violations: <none>

DPOR-1#8 Warning
Asynchronous load check  
DSP u_mwfil_chiftop/u_dut/u_fcc_fixpt/RESIZE0 output is connected to registers with an asynchronous reset (u_mwfil_chiftop/u_dut/u_fcc_fixpt/xUik_5_reg[0][16]). This is preventing the possibility of merging these registers in to the DSP Block since the DSP block registers only possess synchronous reset capability.  It is suggested to recode or change these registers to remove the reset or use a synchronous reset to get the best optimization for performance, power and area.
Related violations: <none>

DPOR-1#9 Warning
Asynchronous load check  
DSP u_mwfil_chiftop/u_dut/u_fcc_fixpt/RESIZE0 output is connected to registers with an asynchronous reset (u_mwfil_chiftop/u_dut/u_fcc_fixpt/xUik_5_reg[0][17]). This is preventing the possibility of merging these registers in to the DSP Block since the DSP block registers only possess synchronous reset capability.  It is suggested to recode or change these registers to remove the reset or use a synchronous reset to get the best optimization for performance, power and area.
Related violations: <none>

DPOR-1#10 Warning
Asynchronous load check  
DSP u_mwfil_chiftop/u_dut/u_fcc_fixpt/RESIZE0 output is connected to registers with an asynchronous reset (u_mwfil_chiftop/u_dut/u_fcc_fixpt/xUik_5_reg[0][18]). This is preventing the possibility of merging these registers in to the DSP Block since the DSP block registers only possess synchronous reset capability.  It is suggested to recode or change these registers to remove the reset or use a synchronous reset to get the best optimization for performance, power and area.
Related violations: <none>

DPOR-1#11 Warning
Asynchronous load check  
DSP u_mwfil_chiftop/u_dut/u_fcc_fixpt/RESIZE0 output is connected to registers with an asynchronous reset (u_mwfil_chiftop/u_dut/u_fcc_fixpt/xUik_5_reg[0][1]). This is preventing the possibility of merging these registers in to the DSP Block since the DSP block registers only possess synchronous reset capability.  It is suggested to recode or change these registers to remove the reset or use a synchronous reset to get the best optimization for performance, power and area.
Related violations: <none>

DPOR-1#12 Warning
Asynchronous load check  
DSP u_mwfil_chiftop/u_dut/u_fcc_fixpt/RESIZE0 output is connected to registers with an asynchronous reset (u_mwfil_chiftop/u_dut/u_fcc_fixpt/xUik_5_reg[0][2]). This is preventing the possibility of merging these registers in to the DSP Block since the DSP block registers only possess synchronous reset capability.  It is suggested to recode or change these registers to remove the reset or use a synchronous reset to get the best optimization for performance, power and area.
Related violations: <none>

DPOR-1#13 Warning
Asynchronous load check  
DSP u_mwfil_chiftop/u_dut/u_fcc_fixpt/RESIZE0 output is connected to registers with an asynchronous reset (u_mwfil_chiftop/u_dut/u_fcc_fixpt/xUik_5_reg[0][3]). This is preventing the possibility of merging these registers in to the DSP Block since the DSP block registers only possess synchronous reset capability.  It is suggested to recode or change these registers to remove the reset or use a synchronous reset to get the best optimization for performance, power and area.
Related violations: <none>

DPOR-1#14 Warning
Asynchronous load check  
DSP u_mwfil_chiftop/u_dut/u_fcc_fixpt/RESIZE0 output is connected to registers with an asynchronous reset (u_mwfil_chiftop/u_dut/u_fcc_fixpt/xUik_5_reg[0][4]). This is preventing the possibility of merging these registers in to the DSP Block since the DSP block registers only possess synchronous reset capability.  It is suggested to recode or change these registers to remove the reset or use a synchronous reset to get the best optimization for performance, power and area.
Related violations: <none>

DPOR-1#15 Warning
Asynchronous load check  
DSP u_mwfil_chiftop/u_dut/u_fcc_fixpt/RESIZE0 output is connected to registers with an asynchronous reset (u_mwfil_chiftop/u_dut/u_fcc_fixpt/xUik_5_reg[0][5]). This is preventing the possibility of merging these registers in to the DSP Block since the DSP block registers only possess synchronous reset capability.  It is suggested to recode or change these registers to remove the reset or use a synchronous reset to get the best optimization for performance, power and area.
Related violations: <none>

DPOR-1#16 Warning
Asynchronous load check  
DSP u_mwfil_chiftop/u_dut/u_fcc_fixpt/RESIZE0 output is connected to registers with an asynchronous reset (u_mwfil_chiftop/u_dut/u_fcc_fixpt/xUik_5_reg[0][6]). This is preventing the possibility of merging these registers in to the DSP Block since the DSP block registers only possess synchronous reset capability.  It is suggested to recode or change these registers to remove the reset or use a synchronous reset to get the best optimization for performance, power and area.
Related violations: <none>

DPOR-1#17 Warning
Asynchronous load check  
DSP u_mwfil_chiftop/u_dut/u_fcc_fixpt/RESIZE0 output is connected to registers with an asynchronous reset (u_mwfil_chiftop/u_dut/u_fcc_fixpt/xUik_5_reg[0][7]). This is preventing the possibility of merging these registers in to the DSP Block since the DSP block registers only possess synchronous reset capability.  It is suggested to recode or change these registers to remove the reset or use a synchronous reset to get the best optimization for performance, power and area.
Related violations: <none>

DPOR-1#18 Warning
Asynchronous load check  
DSP u_mwfil_chiftop/u_dut/u_fcc_fixpt/RESIZE0 output is connected to registers with an asynchronous reset (u_mwfil_chiftop/u_dut/u_fcc_fixpt/xUik_5_reg[0][8]). This is preventing the possibility of merging these registers in to the DSP Block since the DSP block registers only possess synchronous reset capability.  It is suggested to recode or change these registers to remove the reset or use a synchronous reset to get the best optimization for performance, power and area.
Related violations: <none>

DPOR-1#19 Warning
Asynchronous load check  
DSP u_mwfil_chiftop/u_dut/u_fcc_fixpt/RESIZE0 output is connected to registers with an asynchronous reset (u_mwfil_chiftop/u_dut/u_fcc_fixpt/xUik_5_reg[0][9]). This is preventing the possibility of merging these registers in to the DSP Block since the DSP block registers only possess synchronous reset capability.  It is suggested to recode or change these registers to remove the reset or use a synchronous reset to get the best optimization for performance, power and area.
Related violations: <none>

DPREG-4#1 Warning
DSP48E1_PregDynOpmodeZmuxP:  
The DSP48E1 cell u_mwfil_chiftop/u_dut/p_1_out with the given dynamic OPMODE[6:0] connections may lead to an unregistered asynchronous feedback path without the PREG attribute enabled. Please refer to the user guide and if one of the internal P feedback opmodes is possible for this design the PREG attribute must be set to 1, currently set to 0
Related violations: <none>


