#-----------------------------------------------------------
# Vivado v2023.1 (64-bit)
# SW Build 3865809 on Sun May  7 15:05:29 MDT 2023
# IP Build 3864474 on Sun May  7 20:36:21 MDT 2023
# SharedData Build 3865790 on Sun May 07 13:33:03 MDT 2023
# Start of session at: Mon Dec  1 15:48:05 2025
# Process ID: 45380
# Current directory: C:/Users/llillo/Desktop/cosas_ordenadas/uni/memoria/fcc/HDL_original/Gold_Ref_22_14/fcc_fixpt_fil/fpgaproj/fcc_fixpt_fil.runs/synth_1
# Command line: vivado.exe -log fcc_fixpt_fil.vds -product Vivado -mode batch -messageDb vivado.pb -notrace -source fcc_fixpt_fil.tcl
# Log file: C:/Users/llillo/Desktop/cosas_ordenadas/uni/memoria/fcc/HDL_original/Gold_Ref_22_14/fcc_fixpt_fil/fpgaproj/fcc_fixpt_fil.runs/synth_1/fcc_fixpt_fil.vds
# Journal file: C:/Users/llillo/Desktop/cosas_ordenadas/uni/memoria/fcc/HDL_original/Gold_Ref_22_14/fcc_fixpt_fil/fpgaproj/fcc_fixpt_fil.runs/synth_1\vivado.jou
# Running On: DESKTOP-2HRT285, OS: Windows, CPU Frequency: 3302 MHz, CPU Physical cores: 4, Host memory: 34160 MB
#-----------------------------------------------------------
source fcc_fixpt_fil.tcl -notrace
