### File Name: .\fcc_fixpt_fil\fcc_fixpt_fil.log
### Created: 2025-12-01 15:48:58
### Generated by MATLAB 25.2 

### FPGA-in-the-Loop Summary
###    Board: fpga_uni
###    DUT frequency: 25MHz

### Saving the current state of filWizard in .\fcc_fixpt_fil\fcc_fixpt_fil.mat ...
###    C:\Users\llillo\Desktop\cosas_ordenadas\uni\memoria\fcc\HDL_original\Gold_Ref_22_14\fcc_fixpt_fil\fcc_fixpt_fil.mat
### 
### To restore filWizard: Use the MAT-file to launch FPGA-in-the-Loop wizard with data 
### from current session: 
###    filWizard('.\fcc_fixpt_fil\fcc_fixpt_fil.mat')

### Generating Vivado project and running HDL compilation ...
###    Project:
###       C:\Users\llillo\Desktop\cosas_ordenadas\uni\memoria\fcc\HDL_original\Gold_Ref_22_14\fcc_fixpt_fil\fpgaproj\fcc_fixpt_fil.xpr
###    Target Device:
###       Artix7 xc7a100t-1csg324
###    Property Settings:
###    User design files:
###       C:\Users\llillo\Desktop\cosas_ordenadas\uni\memoria\fcc\HDL_from_mat\codegen\fcc\hdlsrc\fcc_fixpt.vhd
###       C:\Users\llillo\Desktop\cosas_ordenadas\uni\memoria\fcc\HDL_from_mat\codegen\fcc\hdlsrc\fcc_fixpt_pkg.vhd
###    Generating Xilinx DCM and FIFO IP
###    Generated files:
###       C:\Users\llillo\Desktop\cosas_ordenadas\uni\memoria\fcc\HDL_original\Gold_Ref_22_14\fcc_fixpt_fil\filsrc\jtag_mac.v
###       C:\Users\llillo\Desktop\cosas_ordenadas\uni\memoria\fcc\HDL_original\Gold_Ref_22_14\fcc_fixpt_fil\filsrc\jtag_mac_fifo_wrapper.vhd
###       C:\Users\llillo\Desktop\cosas_ordenadas\uni\memoria\fcc\HDL_original\Gold_Ref_22_14\fcc_fixpt_fil\filsrc\simcycle_fifo_wrapper.vhd
###       C:\Users\llillo\Desktop\cosas_ordenadas\uni\memoria\fcc\HDL_original\Gold_Ref_22_14\fcc_fixpt_fil\filsrc\mwfil_dpscram.vhd
###       C:\Users\llillo\Desktop\cosas_ordenadas\uni\memoria\fcc\HDL_original\Gold_Ref_22_14\fcc_fixpt_fil\filsrc\mwfil_udfifo.vhd
###       C:\Users\llillo\Desktop\cosas_ordenadas\uni\memoria\fcc\HDL_original\Gold_Ref_22_14\fcc_fixpt_fil\filsrc\mwfil_bus2dut.vhd
###       C:\Users\llillo\Desktop\cosas_ordenadas\uni\memoria\fcc\HDL_original\Gold_Ref_22_14\fcc_fixpt_fil\filsrc\mwfil_chifcore.vhd
###       C:\Users\llillo\Desktop\cosas_ordenadas\uni\memoria\fcc\HDL_original\Gold_Ref_22_14\fcc_fixpt_fil\filsrc\mwfil_controller.vhd
###       C:\Users\llillo\Desktop\cosas_ordenadas\uni\memoria\fcc\HDL_original\Gold_Ref_22_14\fcc_fixpt_fil\filsrc\mwfil_dut2bus.vhd
###       C:\Users\llillo\Desktop\cosas_ordenadas\uni\memoria\fcc\HDL_original\Gold_Ref_22_14\fcc_fixpt_fil\filsrc\fcc_fixpt_wrapper.vhd
###       C:\Users\llillo\Desktop\cosas_ordenadas\uni\memoria\fcc\HDL_original\Gold_Ref_22_14\fcc_fixpt_fil\filsrc\mwfil_chiftop.vhd
###       C:\Users\llillo\Desktop\cosas_ordenadas\uni\memoria\fcc\HDL_original\Gold_Ref_22_14\fcc_fixpt_fil\filsrc\fcc_fixpt_fil.vhd
###       C:\Users\llillo\Desktop\cosas_ordenadas\uni\memoria\fcc\HDL_original\Gold_Ref_22_14\fcc_fixpt_fil\filsrc\fcc_fixpt_fil.xdc
### Running HDL Compilation

### HDL compilation completed.

### Running programming file generation outside MATLAB.
### Check external shell for programming file generation progress.
### Programming file location (when process is completed):
###    C:\Users\llillo\Desktop\cosas_ordenadas\uni\memoria\fcc\HDL_original\Gold_Ref_22_14\fcc_fixpt_fil\fcc_fixpt_fil.bit

